<html>
<body>
<pre>
<h1>礦ision Build Log</h1>
<h2>Project:</h2>
E:\嵌入式\百度云同步盘\d盘\每周\15年秋第16周-17周\3d打印机固件移植\source_code\new_port\BBear_Petty.uvproj
Project File Date:  04/11/2016

<h2>Output:</h2>
compiling Marlin_main.c...
source_code\Marlin\Marlin_main.c(11): warning:  #951-D: return type of function "main" must be "int"
source_code\Marlin\Marlin_main.c - 0 Error(s), 1 Warning(s).
compiling Marlin_main.c...
source_code\Marlin\Marlin_main.c - 0 Error(s), 0 Warning(s).
Build target 'BBear_Petty'
compiling system_stm32f10x.c...
compiling misc.c...
compiling stm32f10x_adc.c...
compiling stm32f10x_bkp.c...
compiling stm32f10x_can.c...
compiling stm32f10x_cec.c...
compiling stm32f10x_crc.c...
compiling stm32f10x_dac.c...
compiling stm32f10x_dbgmcu.c...
compiling stm32f10x_dma.c...
compiling stm32f10x_exti.c...
compiling stm32f10x_flash.c...
compiling stm32f10x_fsmc.c...
compiling stm32f10x_gpio.c...
compiling stm32f10x_i2c.c...
compiling stm32f10x_iwdg.c...
compiling stm32f10x_pwr.c...
compiling stm32f10x_rcc.c...
compiling stm32f10x_rtc.c...
compiling stm32f10x_sdio.c...
compiling stm32f10x_spi.c...
compiling stm32f10x_tim.c...
compiling stm32f10x_usart.c...
compiling stm32f10x_wwdg.c...
compiling core_cm3.c...
assembling startup_stm32f10x_md.s...
linking...
Program Size: Code=820 RO-data=268 RW-data=20 ZI-data=1636  
"BBear_Petty.axf" - 0 Error(s), 0 Warning(s).
Clean started: Project: 'BBear_Petty'
   deleting intermediate output files for target 'BBear_Petty'
Build target 'BBear_Petty'
compiling Marlin_main.c...
compiling system_stm32f10x.c...
compiling misc.c...
compiling stm32f10x_adc.c...
compiling stm32f10x_bkp.c...
compiling stm32f10x_can.c...
compiling stm32f10x_cec.c...
compiling stm32f10x_crc.c...
compiling stm32f10x_dac.c...
compiling stm32f10x_dbgmcu.c...
compiling stm32f10x_dma.c...
compiling stm32f10x_exti.c...
compiling stm32f10x_flash.c...
compiling stm32f10x_fsmc.c...
compiling stm32f10x_gpio.c...
compiling stm32f10x_i2c.c...
compiling stm32f10x_iwdg.c...
compiling stm32f10x_pwr.c...
compiling stm32f10x_rcc.c...
compiling stm32f10x_rtc.c...
compiling stm32f10x_sdio.c...
compiling stm32f10x_spi.c...
compiling stm32f10x_tim.c...
compiling stm32f10x_usart.c...
compiling stm32f10x_wwdg.c...
compiling core_cm3.c...
assembling startup_stm32f10x_md.s...
linking...
Program Size: Code=820 RO-data=268 RW-data=20 ZI-data=1636  
".\Output\BBear_Petty.axf" - 0 Error(s), 0 Warning(s).
