<html>
<body>
<pre>
<h1>礦ision Build Log</h1>
<h2>Project:</h2>
E:\嵌入式\3d\3d-printer\BBear_Petty.uvproj
Project File Date:  12/11/2016

<h2>Output:</h2>
Clean started: Project: 'BBear_Petty'
   deleting intermediate output files for target 'BBear_Petty'
compiling Marlin_main.c...
source_code\Marlin\Marlin_main.c(248): error:  #20: identifier "SERIAL_ERROR_START" is undefined
source_code\Marlin\Marlin_main.c(249): warning:  #223-D: function "SERIAL_ERRORPGM" declared implicitly
source_code\Marlin\Marlin_main.c(250): warning:  #223-D: function "SERIAL_ERRORLN" declared implicitly
source_code\Marlin\Marlin_main.c(483): warning:  #223-D: function "round" declared implicitly
source_code\Marlin\Marlin_main.c(711): warning:  #111-D: statement is unreachable
source_code\Marlin\Marlin_main.c - 1 Error(s), 4 Warning(s).
compiling Marlin_main.c...
source_code\Marlin\Marlin_main.c(249): warning:  #223-D: function "SERIAL_ERRORPGM" declared implicitly
source_code\Marlin\Marlin_main.c(250): warning:  #223-D: function "SERIAL_ERRORLN" declared implicitly
source_code\Marlin\Marlin_main.c(483): warning:  #223-D: function "round" declared implicitly
source_code\Marlin\Marlin_main.c(711): warning:  #111-D: statement is unreachable
source_code\Marlin\Marlin_main.c - 0 Error(s), 4 Warning(s).
compiling Marlin_main.c...
source_code\Marlin\Marlin_main.c(483): warning:  #223-D: function "round" declared implicitly
source_code\Marlin\Marlin_main.c(711): warning:  #111-D: statement is unreachable
source_code\Marlin\Marlin_main.c - 0 Error(s), 2 Warning(s).
compiling Marlin_main.c...
source_code\Marlin\Marlin_main.c(483): warning:  #223-D: function "round" declared implicitly
source_code\Marlin\Marlin_main.c(711): warning:  #111-D: statement is unreachable
source_code\Marlin\Marlin_main.c - 0 Error(s), 2 Warning(s).
compiling Marlin_main.c...
source_code\Marlin\Marlin_main.c(483): warning:  #223-D: function "round" declared implicitly
source_code\Marlin\Marlin_main.c(668): warning:  #223-D: function "SERIAL_PROTOCOLPGM" declared implicitly
source_code\Marlin\Marlin_main.c(669): warning:  #223-D: function "SERIAL_PROTOCOL_F" declared implicitly
source_code\Marlin\Marlin_main.c(674): warning:  #223-D: function "degBed" declared implicitly
source_code\Marlin\Marlin_main.c(676): warning:  #223-D: function "degTargetBed" declared implicitly
source_code\Marlin\Marlin_main.c(711): warning:  #111-D: statement is unreachable
source_code\Marlin\Marlin_main.c - 0 Error(s), 6 Warning(s).
compiling Marlin_main.c...
source_code\Marlin\Marlin_main.c(483): warning:  #223-D: function "round" declared implicitly
source_code\Marlin\Marlin_main.c(669): warning:  #181-D: argument is incompatible with corresponding format string conversion
source_code\Marlin\Marlin_main.c(671): warning:  #181-D: argument is incompatible with corresponding format string conversion
source_code\Marlin\Marlin_main.c(674): warning:  #181-D: argument is incompatible with corresponding format string conversion
source_code\Marlin\Marlin_main.c(676): warning:  #181-D: argument is incompatible with corresponding format string conversion
source_code\Marlin\Marlin_main.c(711): warning:  #111-D: statement is unreachable
source_code\Marlin\Marlin_main.c - 0 Error(s), 6 Warning(s).
compiling Marlin_main.c...
source_code\Marlin\Marlin_main.c(483): warning:  #223-D: function "round" declared implicitly
source_code\Marlin\Marlin_main.c(669): warning:  #181-D: argument is incompatible with corresponding format string conversion
source_code\Marlin\Marlin_main.c(669): warning:  #225-D: the format string ends before this argument
source_code\Marlin\Marlin_main.c(671): warning:  #181-D: argument is incompatible with corresponding format string conversion
source_code\Marlin\Marlin_main.c(671): warning:  #225-D: the format string ends before this argument
source_code\Marlin\Marlin_main.c(674): warning:  #181-D: argument is incompatible with corresponding format string conversion
source_code\Marlin\Marlin_main.c(674): warning:  #225-D: the format string ends before this argument
source_code\Marlin\Marlin_main.c(676): warning:  #181-D: argument is incompatible with corresponding format string conversion
source_code\Marlin\Marlin_main.c(676): warning:  #225-D: the format string ends before this argument
source_code\Marlin\Marlin_main.c(711): warning:  #111-D: statement is unreachable
source_code\Marlin\Marlin_main.c - 0 Error(s), 10 Warning(s).
compiling Marlin_main.c...
source_code\Marlin\Marlin_main.c(483): warning:  #223-D: function "round" declared implicitly
source_code\Marlin\Marlin_main.c(669): warning:  #181-D: argument is incompatible with corresponding format string conversion
source_code\Marlin\Marlin_main.c(671): warning:  #181-D: argument is incompatible with corresponding format string conversion
source_code\Marlin\Marlin_main.c(674): warning:  #181-D: argument is incompatible with corresponding format string conversion
source_code\Marlin\Marlin_main.c(676): warning:  #181-D: argument is incompatible with corresponding format string conversion
source_code\Marlin\Marlin_main.c(711): warning:  #111-D: statement is unreachable
source_code\Marlin\Marlin_main.c - 0 Error(s), 6 Warning(s).
compiling Marlin_main.c...
source_code\Marlin\Marlin_main.c(483): warning:  #223-D: function "round" declared implicitly
source_code\Marlin\Marlin_main.c(669): warning:  #181-D: argument is incompatible with corresponding format string conversion
source_code\Marlin\Marlin_main.c(671): warning:  #181-D: argument is incompatible with corresponding format string conversion
source_code\Marlin\Marlin_main.c(674): warning:  #181-D: argument is incompatible with corresponding format string conversion
source_code\Marlin\Marlin_main.c(676): warning:  #181-D: argument is incompatible with corresponding format string conversion
source_code\Marlin\Marlin_main.c(711): warning:  #111-D: statement is unreachable
source_code\Marlin\Marlin_main.c - 0 Error(s), 6 Warning(s).
Build target 'BBear_Petty'
compiling temperature.c...
source_code\temperature\source_code\temperature.c(282): warning:  #174-D: expression has no effect
source_code\temperature\source_code\temperature.c(35): warning:  #550-D: variable "soft_pwm" was set but never used
compiling motion_control.c...
compiling Planner.c...
source_code\motion_control\source_code\Planner.c(436): warning:  #223-D: function "round" declared implicitly
compiling Stepper.c...
compiling Ultralcd.c...
compiling ConfigurationStore.c...
compiling USART.c...
compiling BSP.c...
compiling queue_loop.c...
source_code\BSP\queue_loop.c(37): warning:  #68-D: integer conversion resulted in a change of sign
source_code\BSP\queue_loop.c(52): warning:  #68-D: integer conversion resulted in a change of sign
compiling TIM.c...
compiling ADC.c...
compiling pin.c...
compiling misc.c...
compiling stm32f10x_adc.c...
compiling stm32f10x_dbgmcu.c...
compiling stm32f10x_exti.c...
compiling stm32f10x_flash.c...
compiling stm32f10x_gpio.c...
compiling stm32f10x_rcc.c...
compiling stm32f10x_tim.c...
compiling stm32f10x_usart.c...
compiling core_cm3.c...
assembling startup_stm32f10x_md.s...
linking...
Program Size: Code=34156 RO-data=724 RW-data=336 ZI-data=7144  
FromELF: creating hex file...
".\Output\BBear_Petty.axf" - 0 Error(s), 5 Warning(s).
 
*** Rebuilding with Cross-Module Feedback:
Rebuild target 'BBear_Petty'
compiling Marlin_main.c...
source_code\Marlin\Marlin_main.c(483): warning:  #223-D: function "round" declared implicitly
source_code\Marlin\Marlin_main.c(669): warning:  #181-D: argument is incompatible with corresponding format string conversion
source_code\Marlin\Marlin_main.c(671): warning:  #181-D: argument is incompatible with corresponding format string conversion
source_code\Marlin\Marlin_main.c(674): warning:  #181-D: argument is incompatible with corresponding format string conversion
source_code\Marlin\Marlin_main.c(676): warning:  #181-D: argument is incompatible with corresponding format string conversion
source_code\Marlin\Marlin_main.c(711): warning:  #111-D: statement is unreachable
compiling temperature.c...
source_code\temperature\source_code\temperature.c(282): warning:  #174-D: expression has no effect
source_code\temperature\source_code\temperature.c(35): warning:  #550-D: variable "soft_pwm" was set but never used
compiling motion_control.c...
compiling Planner.c...
source_code\motion_control\source_code\Planner.c(436): warning:  #223-D: function "round" declared implicitly
compiling Stepper.c...
compiling Ultralcd.c...
compiling ConfigurationStore.c...
compiling USART.c...
compiling BSP.c...
compiling queue_loop.c...
source_code\BSP\queue_loop.c(37): warning:  #68-D: integer conversion resulted in a change of sign
source_code\BSP\queue_loop.c(52): warning:  #68-D: integer conversion resulted in a change of sign
compiling TIM.c...
compiling ADC.c...
compiling pin.c...
compiling misc.c...
compiling stm32f10x_adc.c...
compiling stm32f10x_dbgmcu.c...
compiling stm32f10x_exti.c...
compiling stm32f10x_flash.c...
compiling stm32f10x_gpio.c...
compiling stm32f10x_rcc.c...
compiling stm32f10x_tim.c...
compiling stm32f10x_usart.c...
compiling core_cm3.c...
assembling startup_stm32f10x_md.s...
linking...
Program Size: Code=28792 RO-data=728 RW-data=336 ZI-data=7144  
FromELF: creating hex file...
".\Output\BBear_Petty.axf" - 0 Error(s), 11 Warning(s).
compiling Marlin_main.c...
source_code\Marlin\Marlin_main.c(483): warning:  #223-D: function "round" declared implicitly
source_code\Marlin\Marlin_main.c(669): warning:  #181-D: argument is incompatible with corresponding format string conversion
source_code\Marlin\Marlin_main.c(671): warning:  #181-D: argument is incompatible with corresponding format string conversion
source_code\Marlin\Marlin_main.c(674): warning:  #181-D: argument is incompatible with corresponding format string conversion
source_code\Marlin\Marlin_main.c(676): warning:  #181-D: argument is incompatible with corresponding format string conversion
source_code\Marlin\Marlin_main.c(686): warning:  #223-D: function "SERIAL_PROTOCOL" declared implicitly
source_code\Marlin\Marlin_main.c(688): warning:  #181-D: argument is incompatible with corresponding format string conversion
source_code\Marlin\Marlin_main.c(690): warning:  #181-D: argument is incompatible with corresponding format string conversion
source_code\Marlin\Marlin_main.c(698): warning:  #223-D: function "SERIAL_PROTOCOL" declared implicitly
source_code\Marlin\Marlin_main.c(698): warning:  #223-D: function "getHeaterPower" declared implicitly
source_code\Marlin\Marlin_main.c(705): warning:  #111-D: statement is unreachable
source_code\Marlin\Marlin_main.c(750): warning:  #181-D: argument is incompatible with corresponding format string conversion
source_code\Marlin\Marlin_main.c(816): warning:  #181-D: argument is incompatible with corresponding format string conversion
source_code\Marlin\Marlin_main.c(944): error:  #18: expected a ")"
source_code\Marlin\Marlin_main.c(963): error:  #29: expected an expression
source_code\Marlin\Marlin_main.c(965): error:  #29: expected an expression
source_code\Marlin\Marlin_main.c(967): error:  #29: expected an expression
source_code\Marlin\Marlin_main.c - 4 Error(s), 13 Warning(s).
compiling Marlin_main.c...
source_code\Marlin\Marlin_main.c(483): warning:  #223-D: function "round" declared implicitly
source_code\Marlin\Marlin_main.c(669): warning:  #181-D: argument is incompatible with corresponding format string conversion
source_code\Marlin\Marlin_main.c(671): warning:  #181-D: argument is incompatible with corresponding format string conversion
source_code\Marlin\Marlin_main.c(674): warning:  #181-D: argument is incompatible with corresponding format string conversion
source_code\Marlin\Marlin_main.c(676): warning:  #181-D: argument is incompatible with corresponding format string conversion
source_code\Marlin\Marlin_main.c(686): warning:  #223-D: function "SERIAL_PROTOCOL" declared implicitly
source_code\Marlin\Marlin_main.c(688): warning:  #181-D: argument is incompatible with corresponding format string conversion
source_code\Marlin\Marlin_main.c(690): warning:  #181-D: argument is incompatible with corresponding format string conversion
source_code\Marlin\Marlin_main.c(698): warning:  #223-D: function "SERIAL_PROTOCOL" declared implicitly
source_code\Marlin\Marlin_main.c(698): warning:  #223-D: function "getHeaterPower" declared implicitly
source_code\Marlin\Marlin_main.c(705): warning:  #111-D: statement is unreachable
source_code\Marlin\Marlin_main.c(750): warning:  #181-D: argument is incompatible with corresponding format string conversion
source_code\Marlin\Marlin_main.c(816): warning:  #181-D: argument is incompatible with corresponding format string conversion
source_code\Marlin\Marlin_main.c(963): error:  #29: expected an expression
source_code\Marlin\Marlin_main.c(965): error:  #29: expected an expression
source_code\Marlin\Marlin_main.c(967): error:  #29: expected an expression
source_code\Marlin\Marlin_main.c - 3 Error(s), 13 Warning(s).
compiling Marlin_main.c...
source_code\Marlin\Marlin_main.c(483): warning:  #223-D: function "round" declared implicitly
source_code\Marlin\Marlin_main.c(669): warning:  #181-D: argument is incompatible with corresponding format string conversion
source_code\Marlin\Marlin_main.c(671): warning:  #181-D: argument is incompatible with corresponding format string conversion
source_code\Marlin\Marlin_main.c(674): warning:  #181-D: argument is incompatible with corresponding format string conversion
source_code\Marlin\Marlin_main.c(676): warning:  #181-D: argument is incompatible with corresponding format string conversion
source_code\Marlin\Marlin_main.c(686): warning:  #223-D: function "SERIAL_PROTOCOL" declared implicitly
source_code\Marlin\Marlin_main.c(688): warning:  #181-D: argument is incompatible with corresponding format string conversion
source_code\Marlin\Marlin_main.c(690): warning:  #181-D: argument is incompatible with corresponding format string conversion
source_code\Marlin\Marlin_main.c(698): warning:  #223-D: function "SERIAL_PROTOCOL" declared implicitly
source_code\Marlin\Marlin_main.c(698): warning:  #223-D: function "getHeaterPower" declared implicitly
source_code\Marlin\Marlin_main.c(705): warning:  #111-D: statement is unreachable
source_code\Marlin\Marlin_main.c(750): warning:  #181-D: argument is incompatible with corresponding format string conversion
source_code\Marlin\Marlin_main.c(816): warning:  #181-D: argument is incompatible with corresponding format string conversion
source_code\Marlin\Marlin_main.c(963): error:  #29: expected an expression
source_code\Marlin\Marlin_main.c(965): error:  #29: expected an expression
source_code\Marlin\Marlin_main.c(967): error:  #29: expected an expression
source_code\Marlin\Marlin_main.c - 3 Error(s), 13 Warning(s).
compiling Marlin_main.c...
source_code\Marlin\Marlin_main.c(483): warning:  #223-D: function "round" declared implicitly
source_code\Marlin\Marlin_main.c(686): warning:  #223-D: function "SERIAL_PROTOCOL" declared implicitly
source_code\Marlin\Marlin_main.c(698): warning:  #223-D: function "SERIAL_PROTOCOL" declared implicitly
source_code\Marlin\Marlin_main.c(698): warning:  #223-D: function "getHeaterPower" declared implicitly
source_code\Marlin\Marlin_main.c(705): warning:  #111-D: statement is unreachable
source_code\Marlin\Marlin_main.c(963): error:  #29: expected an expression
source_code\Marlin\Marlin_main.c(965): error:  #29: expected an expression
source_code\Marlin\Marlin_main.c(967): error:  #29: expected an expression
source_code\Marlin\Marlin_main.c - 3 Error(s), 5 Warning(s).
compiling Marlin_main.c...
source_code\Marlin\Marlin_main.c(483): warning:  #223-D: function "round" declared implicitly
source_code\Marlin\Marlin_main.c(698): warning:  #223-D: function "getHeaterPower" declared implicitly
source_code\Marlin\Marlin_main.c(705): warning:  #111-D: statement is unreachable
source_code\Marlin\Marlin_main.c(812): warning:  #181-D: argument is incompatible with corresponding format string conversion
source_code\Marlin\Marlin_main.c(954): warning:  #181-D: argument is incompatible with corresponding format string conversion
source_code\Marlin\Marlin_main.c(956): warning:  #181-D: argument is incompatible with corresponding format string conversion
source_code\Marlin\Marlin_main.c(958): warning:  #181-D: argument is incompatible with corresponding format string conversion
source_code\Marlin\Marlin_main.c(960): warning:  #181-D: argument is incompatible with corresponding format string conversion
source_code\Marlin\Marlin_main.c(963): error:  #29: expected an expression
source_code\Marlin\Marlin_main.c(965): error:  #29: expected an expression
source_code\Marlin\Marlin_main.c(967): error:  #29: expected an expression
source_code\Marlin\Marlin_main.c - 3 Error(s), 8 Warning(s).
compiling Marlin_main.c...
source_code\Marlin\Marlin_main.c(483): warning:  #223-D: function "round" declared implicitly
source_code\Marlin\Marlin_main.c(686): warning:  #181-D: argument is incompatible with corresponding format string conversion
source_code\Marlin\Marlin_main.c(698): warning:  #223-D: function "getHeaterPower" declared implicitly
source_code\Marlin\Marlin_main.c(698): warning:  #181-D: argument is incompatible with corresponding format string conversion
source_code\Marlin\Marlin_main.c(701): warning:  #181-D: argument is incompatible with corresponding format string conversion
source_code\Marlin\Marlin_main.c(705): warning:  #111-D: statement is unreachable
source_code\Marlin\Marlin_main.c(752): warning:  #181-D: argument is incompatible with corresponding format string conversion
source_code\Marlin\Marlin_main.c(814): warning:  #181-D: argument is incompatible with corresponding format string conversion
source_code\Marlin\Marlin_main.c(963): error:  #29: expected an expression
source_code\Marlin\Marlin_main.c(965): error:  #29: expected an expression
source_code\Marlin\Marlin_main.c(967): error:  #29: expected an expression
source_code\Marlin\Marlin_main.c - 3 Error(s), 8 Warning(s).
compiling Marlin_main.c...
source_code\Marlin\Marlin_main.c(483): warning:  #223-D: function "round" declared implicitly
source_code\Marlin\Marlin_main.c(698): warning:  #181-D: argument is incompatible with corresponding format string conversion
source_code\Marlin\Marlin_main.c(705): warning:  #111-D: statement is unreachable
source_code\Marlin\Marlin_main.c(752): warning:  #181-D: argument is incompatible with corresponding format string conversion
source_code\Marlin\Marlin_main.c(814): warning:  #181-D: argument is incompatible with corresponding format string conversion
source_code\Marlin\Marlin_main.c(963): error:  #29: expected an expression
source_code\Marlin\Marlin_main.c(965): error:  #29: expected an expression
source_code\Marlin\Marlin_main.c(967): error:  #29: expected an expression
source_code\Marlin\Marlin_main.c - 3 Error(s), 5 Warning(s).
compiling Marlin_main.c...
source_code\Marlin\Marlin_main.c(483): warning:  #223-D: function "round" declared implicitly
source_code\Marlin\Marlin_main.c(698): warning:  #181-D: argument is incompatible with corresponding format string conversion
source_code\Marlin\Marlin_main.c(705): warning:  #111-D: statement is unreachable
source_code\Marlin\Marlin_main.c(752): warning:  #181-D: argument is incompatible with corresponding format string conversion
source_code\Marlin\Marlin_main.c(814): warning:  #181-D: argument is incompatible with corresponding format string conversion
source_code\Marlin\Marlin_main.c(965): error:  #29: expected an expression
source_code\Marlin\Marlin_main.c(967): error:  #29: expected an expression
source_code\Marlin\Marlin_main.c - 2 Error(s), 5 Warning(s).
compiling Marlin_main.c...
source_code\Marlin\Marlin_main.c(483): warning:  #223-D: function "round" declared implicitly
source_code\Marlin\Marlin_main.c(698): warning:  #181-D: argument is incompatible with corresponding format string conversion
source_code\Marlin\Marlin_main.c(705): warning:  #111-D: statement is unreachable
source_code\Marlin\Marlin_main.c(752): warning:  #181-D: argument is incompatible with corresponding format string conversion
source_code\Marlin\Marlin_main.c(814): warning:  #181-D: argument is incompatible with corresponding format string conversion
source_code\Marlin\Marlin_main.c - 0 Error(s), 5 Warning(s).
Build target 'BBear_Petty'
compiling temperature.c...
source_code\temperature\source_code\temperature.c(288): warning:  #174-D: expression has no effect
compiling motion_control.c...
compiling Planner.c...
source_code\motion_control\source_code\Planner.c(436): warning:  #223-D: function "round" declared implicitly
compiling Stepper.c...
compiling ConfigurationStore.c...
compiling USART.c...
compiling BSP.c...
compiling TIM.c...
linking...
Program Size: Code=29580 RO-data=724 RW-data=336 ZI-data=7144  
FromELF: creating hex file...
".\Output\BBear_Petty.axf" - 0 Error(s), 2 Warning(s).
compiling Marlin_main.c...
source_code\Marlin\Marlin_main.c(483): warning:  #223-D: function "round" declared implicitly
source_code\Marlin\Marlin_main.c(698): warning:  #181-D: argument is incompatible with corresponding format string conversion
source_code\Marlin\Marlin_main.c(705): warning:  #111-D: statement is unreachable
source_code\Marlin\Marlin_main.c(752): warning:  #181-D: argument is incompatible with corresponding format string conversion
source_code\Marlin\Marlin_main.c(814): warning:  #181-D: argument is incompatible with corresponding format string conversion
source_code\Marlin\Marlin_main.c - 0 Error(s), 5 Warning(s).
compiling Marlin_main.c...
source_code\Marlin\Marlin_main.c(483): warning:  #223-D: function "round" declared implicitly
source_code\Marlin\Marlin_main.c(698): warning:  #181-D: argument is incompatible with corresponding format string conversion
source_code\Marlin\Marlin_main.c(705): warning:  #111-D: statement is unreachable
source_code\Marlin\Marlin_main.c(752): warning:  #181-D: argument is incompatible with corresponding format string conversion
source_code\Marlin\Marlin_main.c(814): warning:  #181-D: argument is incompatible with corresponding format string conversion
source_code\Marlin\Marlin_main.c(982): warning:  #223-D: function "READ" declared implicitly
source_code\Marlin\Marlin_main.c(982): error:  #20: identifier "X_MIN_ENDSTOP_INVERTING" is undefined
source_code\Marlin\Marlin_main.c - 1 Error(s), 6 Warning(s).
compiling Marlin_main.c...
.\source_code\configuration\Configuration.h(74): error:  #20: identifier "bool" is undefined
error type>(74): error:  #20: identifier "true" is undefined
.\source_code\configuration\Configuration.h(75): error:  #20: identifier "bool" is undefined
error type>(76): error:  #20: identifier "bool" is undefined
error type>(77): error:  #20: identifier "bool" is undefined
error type>(78): error:  #20: identifier "bool" is undefined
error type>(79): error:  #20: identifier "bool" is undefined
error type>(483): warning:  #223-D: function "round" declared implicitly
source_code\Marlin\Marlin_main.c(698): warning:  #181-D: argument is incompatible with corresponding format string conversion
source_code\Marlin\Marlin_main.c(705): warning:  #111-D: statement is unreachable
source_code\Marlin\Marlin_main.c(752): warning:  #181-D: argument is incompatible with corresponding format string conversion
source_code\Marlin\Marlin_main.c(814): warning:  #181-D: argument is incompatible with corresponding format string conversion
source_code\Marlin\Marlin_main.c(982): warning:  #223-D: function "READ" declared implicitly
source_code\Marlin\Marlin_main.c - 7 Error(s), 6 Warning(s).
compiling Marlin_main.c...
.\source_code\BSP\queue_loop.h(5): error:  #256: invalid redeclaration of type name "bool" (declared at line 6 of ".\source_code\configuration\Configuration.h")
source_code\Marlin\Marlin_main.c(483): warning:  #223-D: function "round" declared implicitly
source_code\Marlin\Marlin_main.c(698): warning:  #181-D: argument is incompatible with corresponding format string conversion
source_code\Marlin\Marlin_main.c(705): warning:  #111-D: statement is unreachable
source_code\Marlin\Marlin_main.c(752): warning:  #181-D: argument is incompatible with corresponding format string conversion
source_code\Marlin\Marlin_main.c(814): warning:  #181-D: argument is incompatible with corresponding format string conversion
source_code\Marlin\Marlin_main.c(982): warning:  #223-D: function "READ" declared implicitly
source_code\Marlin\Marlin_main.c - 1 Error(s), 6 Warning(s).
compiling Marlin_main.c...
.\source_code\configuration\Configuration.h(75): error:  #20: identifier "true" is undefined
source_code\Marlin\Marlin_main.c(483): warning:  #223-D: function "round" declared implicitly
source_code\Marlin\Marlin_main.c(698): warning:  #181-D: argument is incompatible with corresponding format string conversion
source_code\Marlin\Marlin_main.c(705): warning:  #111-D: statement is unreachable
source_code\Marlin\Marlin_main.c(752): warning:  #181-D: argument is incompatible with corresponding format string conversion
source_code\Marlin\Marlin_main.c(814): warning:  #181-D: argument is incompatible with corresponding format string conversion
source_code\Marlin\Marlin_main.c(982): warning:  #223-D: function "READ" declared implicitly
source_code\Marlin\Marlin_main.c - 1 Error(s), 6 Warning(s).
compiling Marlin_main.c...
source_code\Marlin\Marlin_main.c(483): warning:  #223-D: function "round" declared implicitly
source_code\Marlin\Marlin_main.c(698): warning:  #181-D: argument is incompatible with corresponding format string conversion
source_code\Marlin\Marlin_main.c(705): warning:  #111-D: statement is unreachable
source_code\Marlin\Marlin_main.c(752): warning:  #181-D: argument is incompatible with corresponding format string conversion
source_code\Marlin\Marlin_main.c(814): warning:  #181-D: argument is incompatible with corresponding format string conversion
source_code\Marlin\Marlin_main.c(982): warning:  #223-D: function "READ" declared implicitly
source_code\Marlin\Marlin_main.c - 0 Error(s), 6 Warning(s).
compiling Marlin_main.c...
source_code\Marlin\Marlin_main.c(483): warning:  #223-D: function "round" declared implicitly
source_code\Marlin\Marlin_main.c(698): warning:  #181-D: argument is incompatible with corresponding format string conversion
source_code\Marlin\Marlin_main.c(705): warning:  #111-D: statement is unreachable
source_code\Marlin\Marlin_main.c(752): warning:  #181-D: argument is incompatible with corresponding format string conversion
source_code\Marlin\Marlin_main.c(814): warning:  #181-D: argument is incompatible with corresponding format string conversion
source_code\Marlin\Marlin_main.c - 0 Error(s), 5 Warning(s).
compiling Marlin_main.c...
source_code\Marlin\Marlin_main.c(698): warning:  #181-D: argument is incompatible with corresponding format string conversion
source_code\Marlin\Marlin_main.c(705): warning:  #111-D: statement is unreachable
source_code\Marlin\Marlin_main.c(752): warning:  #181-D: argument is incompatible with corresponding format string conversion
source_code\Marlin\Marlin_main.c(814): warning:  #181-D: argument is incompatible with corresponding format string conversion
source_code\Marlin\Marlin_main.c - 0 Error(s), 4 Warning(s).
compiling Marlin_main.c...
source_code\Marlin\Marlin_main.c(698): warning:  #181-D: argument is incompatible with corresponding format string conversion
source_code\Marlin\Marlin_main.c(705): warning:  #111-D: statement is unreachable
source_code\Marlin\Marlin_main.c(752): warning:  #181-D: argument is incompatible with corresponding format string conversion
source_code\Marlin\Marlin_main.c(814): warning:  #181-D: argument is incompatible with corresponding format string conversion
source_code\Marlin\Marlin_main.c(982): warning:  #223-D: function "READ" declared implicitly
source_code\Marlin\Marlin_main.c - 0 Error(s), 5 Warning(s).
compiling Marlin_main.c...
source_code\Marlin\Marlin_main.c(698): warning:  #181-D: argument is incompatible with corresponding format string conversion
source_code\Marlin\Marlin_main.c(705): warning:  #111-D: statement is unreachable
source_code\Marlin\Marlin_main.c(752): warning:  #181-D: argument is incompatible with corresponding format string conversion
source_code\Marlin\Marlin_main.c(814): warning:  #181-D: argument is incompatible with corresponding format string conversion
source_code\Marlin\Marlin_main.c - 0 Error(s), 4 Warning(s).
compiling Marlin_main.c...
source_code\Marlin\Marlin_main.c(698): warning:  #181-D: argument is incompatible with corresponding format string conversion
source_code\Marlin\Marlin_main.c(705): warning:  #111-D: statement is unreachable
source_code\Marlin\Marlin_main.c(752): warning:  #181-D: argument is incompatible with corresponding format string conversion
source_code\Marlin\Marlin_main.c(814): warning:  #181-D: argument is incompatible with corresponding format string conversion
source_code\Marlin\Marlin_main.c(1122): warning:  #181-D: argument is incompatible with corresponding format string conversion
source_code\Marlin\Marlin_main.c(1123): warning:  #181-D: argument is incompatible with corresponding format string conversion
source_code\Marlin\Marlin_main.c(1125): warning:  #181-D: argument is incompatible with corresponding format string conversion
source_code\Marlin\Marlin_main.c(1127): warning:  #181-D: argument is incompatible with corresponding format string conversion
source_code\Marlin\Marlin_main.c(1130): warning:  #181-D: argument is incompatible with corresponding format string conversion
source_code\Marlin\Marlin_main.c - 0 Error(s), 9 Warning(s).
compiling Marlin_main.c...
source_code\Marlin\Marlin_main.c(698): warning:  #181-D: argument is incompatible with corresponding format string conversion
source_code\Marlin\Marlin_main.c(705): warning:  #111-D: statement is unreachable
source_code\Marlin\Marlin_main.c(752): warning:  #181-D: argument is incompatible with corresponding format string conversion
source_code\Marlin\Marlin_main.c(814): warning:  #181-D: argument is incompatible with corresponding format string conversion
source_code\Marlin\Marlin_main.c(1122): warning:  #181-D: argument is incompatible with corresponding format string conversion
source_code\Marlin\Marlin_main.c(1123): warning:  #181-D: argument is incompatible with corresponding format string conversion
source_code\Marlin\Marlin_main.c(1125): warning:  #181-D: argument is incompatible with corresponding format string conversion
source_code\Marlin\Marlin_main.c(1127): warning:  #181-D: argument is incompatible with corresponding format string conversion
source_code\Marlin\Marlin_main.c(1130): warning:  #181-D: argument is incompatible with corresponding format string conversion
source_code\Marlin\Marlin_main.c(1379): warning:  #223-D: function "SERIAL_ECHO" declared implicitly
source_code\Marlin\Marlin_main.c(1405): warning:  #223-D: function "SERIAL_ECHO" declared implicitly
source_code\Marlin\Marlin_main.c(1414): warning:  #223-D: function "SERIAL_ECHO" declared implicitly
source_code\Marlin\Marlin_main.c(1691): warning:  #223-D: function "SERIAL_ERRORLNPGM" declared implicitly
source_code\Marlin\Marlin_main.c(1692): warning:  #223-D: function "LCD_ALERTMESSAGEPGM" declared implicitly
source_code\Marlin\Marlin_main.c - 0 Error(s), 14 Warning(s).
compiling Marlin_main.c...
source_code\Marlin\Marlin_main.c(698): warning:  #181-D: argument is incompatible with corresponding format string conversion
source_code\Marlin\Marlin_main.c(705): warning:  #111-D: statement is unreachable
source_code\Marlin\Marlin_main.c(752): warning:  #181-D: argument is incompatible with corresponding format string conversion
source_code\Marlin\Marlin_main.c(814): warning:  #181-D: argument is incompatible with corresponding format string conversion
source_code\Marlin\Marlin_main.c(1122): warning:  #181-D: argument is incompatible with corresponding format string conversion
source_code\Marlin\Marlin_main.c(1123): warning:  #181-D: argument is incompatible with corresponding format string conversion
source_code\Marlin\Marlin_main.c(1125): warning:  #181-D: argument is incompatible with corresponding format string conversion
source_code\Marlin\Marlin_main.c(1127): warning:  #181-D: argument is incompatible with corresponding format string conversion
source_code\Marlin\Marlin_main.c(1130): warning:  #181-D: argument is incompatible with corresponding format string conversion
source_code\Marlin\Marlin_main.c(1379): warning:  #181-D: argument is incompatible with corresponding format string conversion
source_code\Marlin\Marlin_main.c(1380): warning:  #181-D: argument is incompatible with corresponding format string conversion
source_code\Marlin\Marlin_main.c(1405): warning:  #181-D: argument is incompatible with corresponding format string conversion
source_code\Marlin\Marlin_main.c(1414): warning:  #181-D: argument is incompatible with corresponding format string conversion
source_code\Marlin\Marlin_main.c(1691): warning:  #223-D: function "SERIAL_ERRORLNPGM" declared implicitly
source_code\Marlin\Marlin_main.c(1692): warning:  #223-D: function "LCD_ALERTMESSAGEPGM" declared implicitly
source_code\Marlin\Marlin_main.c - 0 Error(s), 15 Warning(s).
compiling Marlin_main.c...
source_code\Marlin\Marlin_main.c(686): warning:  #181-D: argument is incompatible with corresponding format string conversion
source_code\Marlin\Marlin_main.c(701): warning:  #181-D: argument is incompatible with corresponding format string conversion
source_code\Marlin\Marlin_main.c(705): warning:  #111-D: statement is unreachable
source_code\Marlin\Marlin_main.c(812): warning:  #181-D: argument is incompatible with corresponding format string conversion
source_code\Marlin\Marlin_main.c(954): warning:  #181-D: argument is incompatible with corresponding format string conversion
source_code\Marlin\Marlin_main.c(956): warning:  #181-D: argument is incompatible with corresponding format string conversion
source_code\Marlin\Marlin_main.c(958): warning:  #181-D: argument is incompatible with corresponding format string conversion
source_code\Marlin\Marlin_main.c(960): warning:  #181-D: argument is incompatible with corresponding format string conversion
source_code\Marlin\Marlin_main.c(963): warning:  #181-D: argument is incompatible with corresponding format string conversion
source_code\Marlin\Marlin_main.c(965): warning:  #181-D: argument is incompatible with corresponding format string conversion
source_code\Marlin\Marlin_main.c(967): warning:  #181-D: argument is incompatible with corresponding format string conversion
source_code\Marlin\Marlin_main.c(1124): warning:  #181-D: argument is incompatible with corresponding format string conversion
source_code\Marlin\Marlin_main.c(1126): warning:  #181-D: argument is incompatible with corresponding format string conversion
source_code\Marlin\Marlin_main.c(1128): warning:  #181-D: argument is incompatible with corresponding format string conversion
source_code\Marlin\Marlin_main.c(1132): warning:  #181-D: argument is incompatible with corresponding format string conversion
source_code\Marlin\Marlin_main.c(1691): warning:  #223-D: function "SERIAL_ERRORLNPGM" declared implicitly
source_code\Marlin\Marlin_main.c(1692): warning:  #223-D: function "LCD_ALERTMESSAGEPGM" declared implicitly
source_code\Marlin\Marlin_main.c - 0 Error(s), 17 Warning(s).
compiling Marlin_main.c...
source_code\Marlin\Marlin_main.c(705): warning:  #111-D: statement is unreachable
source_code\Marlin\Marlin_main.c - 0 Error(s), 1 Warning(s).
Build target 'BBear_Petty'
compiling temperature.c...
source_code\temperature\source_code\temperature.c(288): warning:  #174-D: expression has no effect
compiling motion_control.c...
compiling Planner.c...
compiling Stepper.c...
compiling ConfigurationStore.c...
compiling USART.c...
compiling BSP.c...
compiling TIM.c...
linking...
.\Output\BBear_Petty.axf: Error: L6200E: Symbol X_MIN_ENDSTOP_INVERTING multiply defined (by temperature.o and marlin_main.o).
.\Output\BBear_Petty.axf: Error: L6200E: Symbol X_MIN_ENDSTOP_INVERTING multiply defined (by motion_control.o and marlin_main.o).
.\Output\BBear_Petty.axf: Error: L6200E: Symbol X_MIN_ENDSTOP_INVERTING multiply defined (by planner.o and marlin_main.o).
.\Output\BBear_Petty.axf: Error: L6200E: Symbol X_MIN_ENDSTOP_INVERTING multiply defined (by stepper.o and marlin_main.o).
.\Output\BBear_Petty.axf: Error: L6200E: Symbol X_MIN_ENDSTOP_INVERTING multiply defined (by configurationstore.o and marlin_main.o).
.\Output\BBear_Petty.axf: Error: L6200E: Symbol X_MIN_ENDSTOP_INVERTING multiply defined (by usart.o and marlin_main.o).
.\Output\BBear_Petty.axf: Error: L6200E: Symbol X_MIN_ENDSTOP_INVERTING multiply defined (by bsp.o and marlin_main.o).
.\Output\BBear_Petty.axf: Error: L6200E: Symbol X_MIN_ENDSTOP_INVERTING multiply defined (by tim.o and marlin_main.o).
.\Output\BBear_Petty.axf: Error: L6200E: Symbol Y_MIN_ENDSTOP_INVERTING multiply defined (by temperature.o and marlin_main.o).
.\Output\BBear_Petty.axf: Error: L6200E: Symbol Y_MIN_ENDSTOP_INVERTING multiply defined (by motion_control.o and marlin_main.o).
.\Output\BBear_Petty.axf: Error: L6200E: Symbol Y_MIN_ENDSTOP_INVERTING multiply defined (by planner.o and marlin_main.o).
.\Output\BBear_Petty.axf: Error: L6200E: Symbol Y_MIN_ENDSTOP_INVERTING multiply defined (by stepper.o and marlin_main.o).
.\Output\BBear_Petty.axf: Error: L6200E: Symbol Y_MIN_ENDSTOP_INVERTING multiply defined (by configurationstore.o and marlin_main.o).
.\Output\BBear_Petty.axf: Error: L6200E: Symbol Y_MIN_ENDSTOP_INVERTING multiply defined (by usart.o and marlin_main.o).
.\Output\BBear_Petty.axf: Error: L6200E: Symbol Y_MIN_ENDSTOP_INVERTING multiply defined (by bsp.o and marlin_main.o).
.\Output\BBear_Petty.axf: Error: L6200E: Symbol Y_MIN_ENDSTOP_INVERTING multiply defined (by tim.o and marlin_main.o).
.\Output\BBear_Petty.axf: Error: L6200E: Symbol Z_MIN_ENDSTOP_INVERTING multiply defined (by temperature.o and marlin_main.o).
.\Output\BBear_Petty.axf: Error: L6200E: Symbol Z_MIN_ENDSTOP_INVERTING multiply defined (by motion_control.o and marlin_main.o).
.\Output\BBear_Petty.axf: Error: L6200E: Symbol Z_MIN_ENDSTOP_INVERTING multiply defined (by planner.o and marlin_main.o).
.\Output\BBear_Petty.axf: Error: L6200E: Symbol Z_MIN_ENDSTOP_INVERTING multiply defined (by stepper.o and marlin_main.o).
.\Output\BBear_Petty.axf: Error: L6200E: Symbol Z_MIN_ENDSTOP_INVERTING multiply defined (by configurationstore.o and marlin_main.o).
.\Output\BBear_Petty.axf: Error: L6200E: Symbol Z_MIN_ENDSTOP_INVERTING multiply defined (by usart.o and marlin_main.o).
.\Output\BBear_Petty.axf: Error: L6200E: Symbol Z_MIN_ENDSTOP_INVERTING multiply defined (by bsp.o and marlin_main.o).
.\Output\BBear_Petty.axf: Error: L6200E: Symbol Z_MIN_ENDSTOP_INVERTING multiply defined (by tim.o and marlin_main.o).
.\Output\BBear_Petty.axf: Error: L6200E: Symbol X_MAX_ENDSTOP_INVERTING multiply defined (by temperature.o and marlin_main.o).
.\Output\BBear_Petty.axf: Error: L6200E: Symbol X_MAX_ENDSTOP_INVERTING multiply defined (by motion_control.o and marlin_main.o).
.\Output\BBear_Petty.axf: Error: L6200E: Symbol X_MAX_ENDSTOP_INVERTING multiply defined (by planner.o and marlin_main.o).
.\Output\BBear_Petty.axf: Error: L6200E: Symbol X_MAX_ENDSTOP_INVERTING multiply defined (by stepper.o and marlin_main.o).
.\Output\BBear_Petty.axf: Error: L6200E: Symbol X_MAX_ENDSTOP_INVERTING multiply defined (by configurationstore.o and marlin_main.o).
.\Output\BBear_Petty.axf: Error: L6200E: Symbol X_MAX_ENDSTOP_INVERTING multiply defined (by usart.o and marlin_main.o).
.\Output\BBear_Petty.axf: Error: L6200E: Symbol X_MAX_ENDSTOP_INVERTING multiply defined (by bsp.o and marlin_main.o).
.\Output\BBear_Petty.axf: Error: L6200E: Symbol X_MAX_ENDSTOP_INVERTING multiply defined (by tim.o and marlin_main.o).
.\Output\BBear_Petty.axf: Error: L6200E: Symbol Y_MAX_ENDSTOP_INVERTING multiply defined (by temperature.o and marlin_main.o).
.\Output\BBear_Petty.axf: Error: L6200E: Symbol Y_MAX_ENDSTOP_INVERTING multiply defined (by motion_control.o and marlin_main.o).
.\Output\BBear_Petty.axf: Error: L6200E: Symbol Y_MAX_ENDSTOP_INVERTING multiply defined (by planner.o and marlin_main.o).
.\Output\BBear_Petty.axf: Error: L6200E: Symbol Y_MAX_ENDSTOP_INVERTING multiply defined (by stepper.o and marlin_main.o).
.\Output\BBear_Petty.axf: Error: L6200E: Symbol Y_MAX_ENDSTOP_INVERTING multiply defined (by configurationstore.o and marlin_main.o).
.\Output\BBear_Petty.axf: Error: L6200E: Symbol Y_MAX_ENDSTOP_INVERTING multiply defined (by usart.o and marlin_main.o).
.\Output\BBear_Petty.axf: Error: L6200E: Symbol Y_MAX_ENDSTOP_INVERTING multiply defined (by bsp.o and marlin_main.o).
.\Output\BBear_Petty.axf: Error: L6200E: Symbol Y_MAX_ENDSTOP_INVERTING multiply defined (by tim.o and marlin_main.o).
.\Output\BBear_Petty.axf: Error: L6200E: Symbol Z_MAX_ENDSTOP_INVERTING multiply defined (by temperature.o and marlin_main.o).
.\Output\BBear_Petty.axf: Error: L6200E: Symbol Z_MAX_ENDSTOP_INVERTING multiply defined (by motion_control.o and marlin_main.o).
.\Output\BBear_Petty.axf: Error: L6200E: Symbol Z_MAX_ENDSTOP_INVERTING multiply defined (by planner.o and marlin_main.o).
.\Output\BBear_Petty.axf: Error: L6200E: Symbol Z_MAX_ENDSTOP_INVERTING multiply defined (by stepper.o and marlin_main.o).
.\Output\BBear_Petty.axf: Error: L6200E: Symbol Z_MAX_ENDSTOP_INVERTING multiply defined (by configurationstore.o and marlin_main.o).
.\Output\BBear_Petty.axf: Error: L6200E: Symbol Z_MAX_ENDSTOP_INVERTING multiply defined (by usart.o and marlin_main.o).
.\Output\BBear_Petty.axf: Error: L6200E: Symbol Z_MAX_ENDSTOP_INVERTING multiply defined (by bsp.o and marlin_main.o).
.\Output\BBear_Petty.axf: Error: L6200E: Symbol Z_MAX_ENDSTOP_INVERTING multiply defined (by tim.o and marlin_main.o).
Target not created
compiling Marlin_main.c...
source_code\Marlin\Marlin_main.c(705): warning:  #111-D: statement is unreachable
source_code\Marlin\Marlin_main.c - 0 Error(s), 1 Warning(s).
Build target 'BBear_Petty'
linking...
.\Output\BBear_Petty.axf: Error: L6200E: Symbol X_MIN_ENDSTOP_INVERTING multiply defined (by temperature.o and marlin_main.o).
.\Output\BBear_Petty.axf: Error: L6200E: Symbol X_MIN_ENDSTOP_INVERTING multiply defined (by motion_control.o and marlin_main.o).
.\Output\BBear_Petty.axf: Error: L6200E: Symbol X_MIN_ENDSTOP_INVERTING multiply defined (by planner.o and marlin_main.o).
.\Output\BBear_Petty.axf: Error: L6200E: Symbol X_MIN_ENDSTOP_INVERTING multiply defined (by stepper.o and marlin_main.o).
.\Output\BBear_Petty.axf: Error: L6200E: Symbol X_MIN_ENDSTOP_INVERTING multiply defined (by configurationstore.o and marlin_main.o).
.\Output\BBear_Petty.axf: Error: L6200E: Symbol X_MIN_ENDSTOP_INVERTING multiply defined (by usart.o and marlin_main.o).
.\Output\BBear_Petty.axf: Error: L6200E: Symbol X_MIN_ENDSTOP_INVERTING multiply defined (by bsp.o and marlin_main.o).
.\Output\BBear_Petty.axf: Error: L6200E: Symbol X_MIN_ENDSTOP_INVERTING multiply defined (by tim.o and marlin_main.o).
.\Output\BBear_Petty.axf: Error: L6200E: Symbol Y_MIN_ENDSTOP_INVERTING multiply defined (by temperature.o and marlin_main.o).
.\Output\BBear_Petty.axf: Error: L6200E: Symbol Y_MIN_ENDSTOP_INVERTING multiply defined (by motion_control.o and marlin_main.o).
.\Output\BBear_Petty.axf: Error: L6200E: Symbol Y_MIN_ENDSTOP_INVERTING multiply defined (by planner.o and marlin_main.o).
.\Output\BBear_Petty.axf: Error: L6200E: Symbol Y_MIN_ENDSTOP_INVERTING multiply defined (by stepper.o and marlin_main.o).
.\Output\BBear_Petty.axf: Error: L6200E: Symbol Y_MIN_ENDSTOP_INVERTING multiply defined (by configurationstore.o and marlin_main.o).
.\Output\BBear_Petty.axf: Error: L6200E: Symbol Y_MIN_ENDSTOP_INVERTING multiply defined (by usart.o and marlin_main.o).
.\Output\BBear_Petty.axf: Error: L6200E: Symbol Y_MIN_ENDSTOP_INVERTING multiply defined (by bsp.o and marlin_main.o).
.\Output\BBear_Petty.axf: Error: L6200E: Symbol Y_MIN_ENDSTOP_INVERTING multiply defined (by tim.o and marlin_main.o).
.\Output\BBear_Petty.axf: Error: L6200E: Symbol Z_MIN_ENDSTOP_INVERTING multiply defined (by temperature.o and marlin_main.o).
.\Output\BBear_Petty.axf: Error: L6200E: Symbol Z_MIN_ENDSTOP_INVERTING multiply defined (by motion_control.o and marlin_main.o).
.\Output\BBear_Petty.axf: Error: L6200E: Symbol Z_MIN_ENDSTOP_INVERTING multiply defined (by planner.o and marlin_main.o).
.\Output\BBear_Petty.axf: Error: L6200E: Symbol Z_MIN_ENDSTOP_INVERTING multiply defined (by stepper.o and marlin_main.o).
.\Output\BBear_Petty.axf: Error: L6200E: Symbol Z_MIN_ENDSTOP_INVERTING multiply defined (by configurationstore.o and marlin_main.o).
.\Output\BBear_Petty.axf: Error: L6200E: Symbol Z_MIN_ENDSTOP_INVERTING multiply defined (by usart.o and marlin_main.o).
.\Output\BBear_Petty.axf: Error: L6200E: Symbol Z_MIN_ENDSTOP_INVERTING multiply defined (by bsp.o and marlin_main.o).
.\Output\BBear_Petty.axf: Error: L6200E: Symbol Z_MIN_ENDSTOP_INVERTING multiply defined (by tim.o and marlin_main.o).
.\Output\BBear_Petty.axf: Error: L6200E: Symbol X_MAX_ENDSTOP_INVERTING multiply defined (by temperature.o and marlin_main.o).
.\Output\BBear_Petty.axf: Error: L6200E: Symbol X_MAX_ENDSTOP_INVERTING multiply defined (by motion_control.o and marlin_main.o).
.\Output\BBear_Petty.axf: Error: L6200E: Symbol X_MAX_ENDSTOP_INVERTING multiply defined (by planner.o and marlin_main.o).
.\Output\BBear_Petty.axf: Error: L6200E: Symbol X_MAX_ENDSTOP_INVERTING multiply defined (by stepper.o and marlin_main.o).
.\Output\BBear_Petty.axf: Error: L6200E: Symbol X_MAX_ENDSTOP_INVERTING multiply defined (by configurationstore.o and marlin_main.o).
.\Output\BBear_Petty.axf: Error: L6200E: Symbol X_MAX_ENDSTOP_INVERTING multiply defined (by usart.o and marlin_main.o).
.\Output\BBear_Petty.axf: Error: L6200E: Symbol X_MAX_ENDSTOP_INVERTING multiply defined (by bsp.o and marlin_main.o).
.\Output\BBear_Petty.axf: Error: L6200E: Symbol X_MAX_ENDSTOP_INVERTING multiply defined (by tim.o and marlin_main.o).
.\Output\BBear_Petty.axf: Error: L6200E: Symbol Y_MAX_ENDSTOP_INVERTING multiply defined (by temperature.o and marlin_main.o).
.\Output\BBear_Petty.axf: Error: L6200E: Symbol Y_MAX_ENDSTOP_INVERTING multiply defined (by motion_control.o and marlin_main.o).
.\Output\BBear_Petty.axf: Error: L6200E: Symbol Y_MAX_ENDSTOP_INVERTING multiply defined (by planner.o and marlin_main.o).
.\Output\BBear_Petty.axf: Error: L6200E: Symbol Y_MAX_ENDSTOP_INVERTING multiply defined (by stepper.o and marlin_main.o).
.\Output\BBear_Petty.axf: Error: L6200E: Symbol Y_MAX_ENDSTOP_INVERTING multiply defined (by configurationstore.o and marlin_main.o).
.\Output\BBear_Petty.axf: Error: L6200E: Symbol Y_MAX_ENDSTOP_INVERTING multiply defined (by usart.o and marlin_main.o).
.\Output\BBear_Petty.axf: Error: L6200E: Symbol Y_MAX_ENDSTOP_INVERTING multiply defined (by bsp.o and marlin_main.o).
.\Output\BBear_Petty.axf: Error: L6200E: Symbol Y_MAX_ENDSTOP_INVERTING multiply defined (by tim.o and marlin_main.o).
.\Output\BBear_Petty.axf: Error: L6200E: Symbol Z_MAX_ENDSTOP_INVERTING multiply defined (by temperature.o and marlin_main.o).
.\Output\BBear_Petty.axf: Error: L6200E: Symbol Z_MAX_ENDSTOP_INVERTING multiply defined (by motion_control.o and marlin_main.o).
.\Output\BBear_Petty.axf: Error: L6200E: Symbol Z_MAX_ENDSTOP_INVERTING multiply defined (by planner.o and marlin_main.o).
.\Output\BBear_Petty.axf: Error: L6200E: Symbol Z_MAX_ENDSTOP_INVERTING multiply defined (by stepper.o and marlin_main.o).
.\Output\BBear_Petty.axf: Error: L6200E: Symbol Z_MAX_ENDSTOP_INVERTING multiply defined (by configurationstore.o and marlin_main.o).
.\Output\BBear_Petty.axf: Error: L6200E: Symbol Z_MAX_ENDSTOP_INVERTING multiply defined (by usart.o and marlin_main.o).
.\Output\BBear_Petty.axf: Error: L6200E: Symbol Z_MAX_ENDSTOP_INVERTING multiply defined (by bsp.o and marlin_main.o).
.\Output\BBear_Petty.axf: Error: L6200E: Symbol Z_MAX_ENDSTOP_INVERTING multiply defined (by tim.o and marlin_main.o).
Target not created
Clean started: Project: 'BBear_Petty'
   deleting intermediate output files for target 'BBear_Petty'
Build target 'BBear_Petty'
compiling Marlin_main.c...
source_code\Marlin\Marlin_main.c(705): warning:  #111-D: statement is unreachable
compiling temperature.c...
source_code\temperature\source_code\temperature.c(288): warning:  #174-D: expression has no effect
compiling motion_control.c...
compiling Planner.c...
compiling Stepper.c...
compiling Ultralcd.c...
compiling ConfigurationStore.c...
compiling USART.c...
compiling BSP.c...
compiling queue_loop.c...
source_code\BSP\queue_loop.c(37): warning:  #68-D: integer conversion resulted in a change of sign
source_code\BSP\queue_loop.c(52): warning:  #68-D: integer conversion resulted in a change of sign
compiling TIM.c...
compiling ADC.c...
compiling pin.c...
compiling misc.c...
compiling stm32f10x_adc.c...
compiling stm32f10x_dbgmcu.c...
compiling stm32f10x_exti.c...
compiling stm32f10x_flash.c...
compiling stm32f10x_gpio.c...
compiling stm32f10x_rcc.c...
compiling stm32f10x_tim.c...
compiling stm32f10x_usart.c...
compiling core_cm3.c...
assembling startup_stm32f10x_md.s...
linking...
.\Output\BBear_Petty.axf: Error: L6200E: Symbol X_MIN_ENDSTOP_INVERTING multiply defined (by temperature.o and marlin_main.o).
.\Output\BBear_Petty.axf: Error: L6200E: Symbol X_MIN_ENDSTOP_INVERTING multiply defined (by motion_control.o and marlin_main.o).
.\Output\BBear_Petty.axf: Error: L6200E: Symbol X_MIN_ENDSTOP_INVERTING multiply defined (by planner.o and marlin_main.o).
.\Output\BBear_Petty.axf: Error: L6200E: Symbol X_MIN_ENDSTOP_INVERTING multiply defined (by stepper.o and marlin_main.o).
.\Output\BBear_Petty.axf: Error: L6200E: Symbol X_MIN_ENDSTOP_INVERTING multiply defined (by configurationstore.o and marlin_main.o).
.\Output\BBear_Petty.axf: Error: L6200E: Symbol X_MIN_ENDSTOP_INVERTING multiply defined (by usart.o and marlin_main.o).
.\Output\BBear_Petty.axf: Error: L6200E: Symbol X_MIN_ENDSTOP_INVERTING multiply defined (by bsp.o and marlin_main.o).
.\Output\BBear_Petty.axf: Error: L6200E: Symbol X_MIN_ENDSTOP_INVERTING multiply defined (by tim.o and marlin_main.o).
.\Output\BBear_Petty.axf: Error: L6200E: Symbol Y_MIN_ENDSTOP_INVERTING multiply defined (by temperature.o and marlin_main.o).
.\Output\BBear_Petty.axf: Error: L6200E: Symbol Y_MIN_ENDSTOP_INVERTING multiply defined (by motion_control.o and marlin_main.o).
.\Output\BBear_Petty.axf: Error: L6200E: Symbol Y_MIN_ENDSTOP_INVERTING multiply defined (by planner.o and marlin_main.o).
.\Output\BBear_Petty.axf: Error: L6200E: Symbol Y_MIN_ENDSTOP_INVERTING multiply defined (by stepper.o and marlin_main.o).
.\Output\BBear_Petty.axf: Error: L6200E: Symbol Y_MIN_ENDSTOP_INVERTING multiply defined (by configurationstore.o and marlin_main.o).
.\Output\BBear_Petty.axf: Error: L6200E: Symbol Y_MIN_ENDSTOP_INVERTING multiply defined (by usart.o and marlin_main.o).
.\Output\BBear_Petty.axf: Error: L6200E: Symbol Y_MIN_ENDSTOP_INVERTING multiply defined (by bsp.o and marlin_main.o).
.\Output\BBear_Petty.axf: Error: L6200E: Symbol Y_MIN_ENDSTOP_INVERTING multiply defined (by tim.o and marlin_main.o).
.\Output\BBear_Petty.axf: Error: L6200E: Symbol Z_MIN_ENDSTOP_INVERTING multiply defined (by temperature.o and marlin_main.o).
.\Output\BBear_Petty.axf: Error: L6200E: Symbol Z_MIN_ENDSTOP_INVERTING multiply defined (by motion_control.o and marlin_main.o).
.\Output\BBear_Petty.axf: Error: L6200E: Symbol Z_MIN_ENDSTOP_INVERTING multiply defined (by planner.o and marlin_main.o).
.\Output\BBear_Petty.axf: Error: L6200E: Symbol Z_MIN_ENDSTOP_INVERTING multiply defined (by stepper.o and marlin_main.o).
.\Output\BBear_Petty.axf: Error: L6200E: Symbol Z_MIN_ENDSTOP_INVERTING multiply defined (by configurationstore.o and marlin_main.o).
.\Output\BBear_Petty.axf: Error: L6200E: Symbol Z_MIN_ENDSTOP_INVERTING multiply defined (by usart.o and marlin_main.o).
.\Output\BBear_Petty.axf: Error: L6200E: Symbol Z_MIN_ENDSTOP_INVERTING multiply defined (by bsp.o and marlin_main.o).
.\Output\BBear_Petty.axf: Error: L6200E: Symbol Z_MIN_ENDSTOP_INVERTING multiply defined (by tim.o and marlin_main.o).
.\Output\BBear_Petty.axf: Error: L6200E: Symbol X_MAX_ENDSTOP_INVERTING multiply defined (by temperature.o and marlin_main.o).
.\Output\BBear_Petty.axf: Error: L6200E: Symbol X_MAX_ENDSTOP_INVERTING multiply defined (by motion_control.o and marlin_main.o).
.\Output\BBear_Petty.axf: Error: L6200E: Symbol X_MAX_ENDSTOP_INVERTING multiply defined (by planner.o and marlin_main.o).
.\Output\BBear_Petty.axf: Error: L6200E: Symbol X_MAX_ENDSTOP_INVERTING multiply defined (by stepper.o and marlin_main.o).
.\Output\BBear_Petty.axf: Error: L6200E: Symbol X_MAX_ENDSTOP_INVERTING multiply defined (by configurationstore.o and marlin_main.o).
.\Output\BBear_Petty.axf: Error: L6200E: Symbol X_MAX_ENDSTOP_INVERTING multiply defined (by usart.o and marlin_main.o).
.\Output\BBear_Petty.axf: Error: L6200E: Symbol X_MAX_ENDSTOP_INVERTING multiply defined (by bsp.o and marlin_main.o).
.\Output\BBear_Petty.axf: Error: L6200E: Symbol X_MAX_ENDSTOP_INVERTING multiply defined (by tim.o and marlin_main.o).
.\Output\BBear_Petty.axf: Error: L6200E: Symbol Y_MAX_ENDSTOP_INVERTING multiply defined (by temperature.o and marlin_main.o).
.\Output\BBear_Petty.axf: Error: L6200E: Symbol Y_MAX_ENDSTOP_INVERTING multiply defined (by motion_control.o and marlin_main.o).
.\Output\BBear_Petty.axf: Error: L6200E: Symbol Y_MAX_ENDSTOP_INVERTING multiply defined (by planner.o and marlin_main.o).
.\Output\BBear_Petty.axf: Error: L6200E: Symbol Y_MAX_ENDSTOP_INVERTING multiply defined (by stepper.o and marlin_main.o).
.\Output\BBear_Petty.axf: Error: L6200E: Symbol Y_MAX_ENDSTOP_INVERTING multiply defined (by configurationstore.o and marlin_main.o).
.\Output\BBear_Petty.axf: Error: L6200E: Symbol Y_MAX_ENDSTOP_INVERTING multiply defined (by usart.o and marlin_main.o).
.\Output\BBear_Petty.axf: Error: L6200E: Symbol Y_MAX_ENDSTOP_INVERTING multiply defined (by bsp.o and marlin_main.o).
.\Output\BBear_Petty.axf: Error: L6200E: Symbol Y_MAX_ENDSTOP_INVERTING multiply defined (by tim.o and marlin_main.o).
.\Output\BBear_Petty.axf: Error: L6200E: Symbol Z_MAX_ENDSTOP_INVERTING multiply defined (by temperature.o and marlin_main.o).
.\Output\BBear_Petty.axf: Error: L6200E: Symbol Z_MAX_ENDSTOP_INVERTING multiply defined (by motion_control.o and marlin_main.o).
.\Output\BBear_Petty.axf: Error: L6200E: Symbol Z_MAX_ENDSTOP_INVERTING multiply defined (by planner.o and marlin_main.o).
.\Output\BBear_Petty.axf: Error: L6200E: Symbol Z_MAX_ENDSTOP_INVERTING multiply defined (by stepper.o and marlin_main.o).
.\Output\BBear_Petty.axf: Error: L6200E: Symbol Z_MAX_ENDSTOP_INVERTING multiply defined (by configurationstore.o and marlin_main.o).
.\Output\BBear_Petty.axf: Error: L6200E: Symbol Z_MAX_ENDSTOP_INVERTING multiply defined (by usart.o and marlin_main.o).
.\Output\BBear_Petty.axf: Error: L6200E: Symbol Z_MAX_ENDSTOP_INVERTING multiply defined (by bsp.o and marlin_main.o).
.\Output\BBear_Petty.axf: Error: L6200E: Symbol Z_MAX_ENDSTOP_INVERTING multiply defined (by tim.o and marlin_main.o).
Target not created
compiling Marlin_main.c...
source_code\Marlin\Marlin_main.c(705): warning:  #111-D: statement is unreachable
source_code\Marlin\Marlin_main.c - 0 Error(s), 1 Warning(s).
Build target 'BBear_Petty'
compiling temperature.c...
source_code\temperature\source_code\temperature.c(288): warning:  #174-D: expression has no effect
compiling motion_control.c...
compiling Planner.c...
compiling Stepper.c...
compiling ConfigurationStore.c...
compiling USART.c...
compiling BSP.c...
compiling TIM.c...
linking...
Program Size: Code=35412 RO-data=724 RW-data=336 ZI-data=7144  
FromELF: creating hex file...
".\Output\BBear_Petty.axf" - 0 Error(s), 1 Warning(s).
 
*** Rebuilding with Cross-Module Feedback:
Rebuild target 'BBear_Petty'
compiling Marlin_main.c...
source_code\Marlin\Marlin_main.c(705): warning:  #111-D: statement is unreachable
compiling temperature.c...
source_code\temperature\source_code\temperature.c(288): warning:  #174-D: expression has no effect
compiling motion_control.c...
compiling Planner.c...
compiling Stepper.c...
compiling Ultralcd.c...
compiling ConfigurationStore.c...
compiling USART.c...
compiling BSP.c...
compiling queue_loop.c...
source_code\BSP\queue_loop.c(37): warning:  #68-D: integer conversion resulted in a change of sign
source_code\BSP\queue_loop.c(52): warning:  #68-D: integer conversion resulted in a change of sign
compiling TIM.c...
compiling ADC.c...
compiling pin.c...
compiling misc.c...
compiling stm32f10x_adc.c...
compiling stm32f10x_dbgmcu.c...
compiling stm32f10x_exti.c...
compiling stm32f10x_flash.c...
compiling stm32f10x_gpio.c...
compiling stm32f10x_rcc.c...
compiling stm32f10x_tim.c...
compiling stm32f10x_usart.c...
compiling core_cm3.c...
assembling startup_stm32f10x_md.s...
linking...
Program Size: Code=30080 RO-data=728 RW-data=336 ZI-data=7144  
FromELF: creating hex file...
".\Output\BBear_Petty.axf" - 0 Error(s), 4 Warning(s).
Build target 'BBear_Petty'
linking...
Program Size: Code=30080 RO-data=728 RW-data=336 ZI-data=7144  
FromELF: creating hex file...
".\Output\BBear_Petty.axf" - 0 Error(s), 0 Warning(s).
Build target 'BBear_Petty'
linking...
Program Size: Code=30080 RO-data=728 RW-data=336 ZI-data=7144  
FromELF: creating hex file...
".\Output\BBear_Petty.axf" - 0 Error(s), 0 Warning(s).
Load "E:\\嵌入式\\3d\\3d-printer\\Output\\BBear_Petty.AXF" 
* JLink Info: Device "STM32F103C8" selected (64 KB flash, 20 KB RAM).
Set JLink Project File to "E:\嵌入式\3d\3d-printer\JLinkSettings.ini"
 
JLink info:
------------
DLL: V4.36l, compiled Dec  2 2011 18:52:36
Firmware: J-Link ARM V8 compiled Jan 31 2018 18:34:52
Hardware: V8.00
S/N : 20080643 
Feature(s) : RDI,FlashDL,FlashBP,JFlash,GDBFull 
 
* JLink Info: Found SWD-DP with ID 0x1BA01477
* JLink Info: TPIU fitted.
* JLink Info:   FPUnit: 6 code (BP) slots and 2 literal slots
* JLink Info: Found Cortex-M3 r1p1, Little endian.
ROMTableAddr = 0xE00FF003
* JLink Info: Found SWD-DP with ID 0x1BA01477
* JLink Info: TPIU fitted.
* JLink Info:   FPUnit: 6 code (BP) slots and 2 literal slots
* JLink Info: Found Cortex-M3 r1p1, Little endian.
 
Target info:
------------
Device: STM32F103C8
VTarget = 3.306V
State of Pins: 
TCK: 0, TDI: 0, TDO: 0, TMS: 0, TRES: 1, TRST: 1
Hardware-Breakpoints: 6
Software-Breakpoints: 8192
Watchpoints:          4
JTAG speed: 2000 kHz
 
Full Chip Erase Done.
Programming Done.
Verify OK.
* JLink Info: Found SWD-DP with ID 0x1BA01477
* JLink Info: TPIU fitted.
* JLink Info:   FPUnit: 6 code (BP) slots and 2 literal slots
* JLink Info: Found Cortex-M3 r1p1, Little endian.
Application running ...
Build target 'BBear_Petty'
compiling Marlin_main.c...
source_code\Marlin\Marlin_main.c(705): warning:  #111-D: statement is unreachable
compiling temperature.c...
source_code\temperature\source_code\temperature.c(288): warning:  #174-D: expression has no effect
compiling motion_control.c...
compiling Planner.c...
compiling Stepper.c...
compiling ConfigurationStore.c...
compiling USART.c...
compiling BSP.c...
compiling TIM.c...
linking...
Program Size: Code=30088 RO-data=728 RW-data=336 ZI-data=7144  
FromELF: creating hex file...
".\Output\BBear_Petty.axf" - 0 Error(s), 2 Warning(s).
Load "E:\\嵌入式\\3d\\3d-printer\\Output\\BBear_Petty.AXF" 
* JLink Info: Device "STM32F103C8" selected (64 KB flash, 20 KB RAM).
Set JLink Project File to "E:\嵌入式\3d\3d-printer\JLinkSettings.ini"
 
JLink info:
------------
DLL: V4.36l, compiled Dec  2 2011 18:52:36
Firmware: J-Link ARM V8 compiled Jan 31 2018 18:34:52
Hardware: V8.00
S/N : 20080643 
Feature(s) : RDI,FlashDL,FlashBP,JFlash,GDBFull 
 
* JLink Info: Found SWD-DP with ID 0x1BA01477
* JLink Info: TPIU fitted.
* JLink Info:   FPUnit: 6 code (BP) slots and 2 literal slots
* JLink Info: Found Cortex-M3 r1p1, Little endian.
ROMTableAddr = 0xE00FF003
* JLink Info: Found SWD-DP with ID 0x1BA01477
* JLink Info: TPIU fitted.
* JLink Info:   FPUnit: 6 code (BP) slots and 2 literal slots
* JLink Info: Found Cortex-M3 r1p1, Little endian.
 
Target info:
------------
Device: STM32F103C8
VTarget = 3.306V
State of Pins: 
TCK: 0, TDI: 0, TDO: 0, TMS: 0, TRES: 1, TRST: 1
Hardware-Breakpoints: 6
Software-Breakpoints: 8192
Watchpoints:          4
JTAG speed: 2000 kHz
 
Full Chip Erase Done.
Programming Done.
Verify OK.
* JLink Info: Found SWD-DP with ID 0x1BA01477
* JLink Info: TPIU fitted.
* JLink Info:   FPUnit: 6 code (BP) slots and 2 literal slots
* JLink Info: Found Cortex-M3 r1p1, Little endian.
Application running ...
Build target 'BBear_Petty'
compiling Marlin_main.c...
source_code\Marlin\Marlin_main.c(705): warning:  #111-D: statement is unreachable
compiling temperature.c...
source_code\temperature\source_code\temperature.c(288): warning:  #174-D: expression has no effect
compiling motion_control.c...
compiling Planner.c...
compiling Stepper.c...
compiling ConfigurationStore.c...
compiling USART.c...
compiling BSP.c...
compiling TIM.c...
linking...
Program Size: Code=30092 RO-data=724 RW-data=336 ZI-data=7144  
FromELF: creating hex file...
".\Output\BBear_Petty.axf" - 0 Error(s), 2 Warning(s).
Load "E:\\嵌入式\\3d\\3d-printer\\Output\\BBear_Petty.AXF" 
* JLink Info: Device "STM32F103C8" selected (64 KB flash, 20 KB RAM).
Set JLink Project File to "E:\嵌入式\3d\3d-printer\JLinkSettings.ini"
 
JLink info:
------------
DLL: V4.36l, compiled Dec  2 2011 18:52:36
Firmware: J-Link ARM V8 compiled Jan 31 2018 18:34:52
Hardware: V8.00
S/N : 20080643 
Feature(s) : RDI,FlashDL,FlashBP,JFlash,GDBFull 
 
* JLink Info: Found SWD-DP with ID 0x1BA01477
* JLink Info: TPIU fitted.
* JLink Info:   FPUnit: 6 code (BP) slots and 2 literal slots
* JLink Info: Found Cortex-M3 r1p1, Little endian.
ROMTableAddr = 0xE00FF003
* JLink Info: Found SWD-DP with ID 0x1BA01477
* JLink Info: TPIU fitted.
* JLink Info:   FPUnit: 6 code (BP) slots and 2 literal slots
* JLink Info: Found Cortex-M3 r1p1, Little endian.
 
Target info:
------------
Device: STM32F103C8
VTarget = 3.313V
State of Pins: 
TCK: 0, TDI: 0, TDO: 0, TMS: 0, TRES: 1, TRST: 1
Hardware-Breakpoints: 6
Software-Breakpoints: 8192
Watchpoints:          4
JTAG speed: 2000 kHz
 
Full Chip Erase Done.
Programming Done.
Verify OK.
* JLink Info: Found SWD-DP with ID 0x1BA01477
* JLink Info: TPIU fitted.
* JLink Info:   FPUnit: 6 code (BP) slots and 2 literal slots
* JLink Info: Found Cortex-M3 r1p1, Little endian.
Application running ...
Clean started: Project: 'BBear_Petty'
   deleting intermediate output files for target 'BBear_Petty'
compiling Marlin_main.c...
source_code\Marlin\Marlin_main.c(705): warning:  #111-D: statement is unreachable
source_code\Marlin\Marlin_main.c - 0 Error(s), 1 Warning(s).
Build target 'BBear_Petty'
compiling temperature.c...
source_code\temperature\source_code\temperature.c(288): warning:  #174-D: expression has no effect
compiling motion_control.c...
compiling Planner.c...
compiling Stepper.c...
compiling Ultralcd.c...
compiling ConfigurationStore.c...
compiling USART.c...
compiling BSP.c...
compiling queue_loop.c...
source_code\BSP\queue_loop.c(37): warning:  #68-D: integer conversion resulted in a change of sign
source_code\BSP\queue_loop.c(52): warning:  #68-D: integer conversion resulted in a change of sign
compiling TIM.c...
compiling ADC.c...
compiling pin.c...
compiling misc.c...
compiling stm32f10x_adc.c...
compiling stm32f10x_dbgmcu.c...
compiling stm32f10x_exti.c...
compiling stm32f10x_flash.c...
compiling stm32f10x_gpio.c...
compiling stm32f10x_rcc.c...
compiling stm32f10x_tim.c...
compiling stm32f10x_usart.c...
compiling core_cm3.c...
assembling startup_stm32f10x_md.s...
linking...
Program Size: Code=35432 RO-data=728 RW-data=336 ZI-data=7144  
FromELF: creating hex file...
".\Output\BBear_Petty.axf" - 0 Error(s), 3 Warning(s).
 
*** Rebuilding with Cross-Module Feedback:
Rebuild target 'BBear_Petty'
compiling Marlin_main.c...
source_code\Marlin\Marlin_main.c(705): warning:  #111-D: statement is unreachable
compiling temperature.c...
source_code\temperature\source_code\temperature.c(288): warning:  #174-D: expression has no effect
compiling motion_control.c...
compiling Planner.c...
compiling Stepper.c...
compiling Ultralcd.c...
compiling ConfigurationStore.c...
compiling USART.c...
compiling BSP.c...
compiling queue_loop.c...
source_code\BSP\queue_loop.c(37): warning:  #68-D: integer conversion resulted in a change of sign
source_code\BSP\queue_loop.c(52): warning:  #68-D: integer conversion resulted in a change of sign
compiling TIM.c...
compiling ADC.c...
compiling pin.c...
compiling misc.c...
compiling stm32f10x_adc.c...
compiling stm32f10x_dbgmcu.c...
compiling stm32f10x_exti.c...
compiling stm32f10x_flash.c...
compiling stm32f10x_gpio.c...
compiling stm32f10x_rcc.c...
compiling stm32f10x_tim.c...
compiling stm32f10x_usart.c...
compiling core_cm3.c...
assembling startup_stm32f10x_md.s...
linking...
Program Size: Code=30144 RO-data=728 RW-data=336 ZI-data=7144  
FromELF: creating hex file...
".\Output\BBear_Petty.axf" - 0 Error(s), 4 Warning(s).
Load "E:\\嵌入式\\3d\\3d-printer\\Output\\BBear_Petty.AXF" 
* JLink Info: Device "STM32F103C8" selected (64 KB flash, 20 KB RAM).
Set JLink Project File to "E:\嵌入式\3d\3d-printer\JLinkSettings.ini"
 
JLink info:
------------
DLL: V4.36l, compiled Dec  2 2011 18:52:36
Firmware: J-Link ARM V8 compiled Jan 31 2018 18:34:52
Hardware: V8.00
S/N : 20080643 
Feature(s) : RDI,FlashDL,FlashBP,JFlash,GDBFull 
 
* JLink Info: Found SWD-DP with ID 0x1BA01477
* JLink Info: TPIU fitted.
* JLink Info:   FPUnit: 6 code (BP) slots and 2 literal slots
* JLink Info: Found Cortex-M3 r1p1, Little endian.
ROMTableAddr = 0xE00FF003
* JLink Info: Found SWD-DP with ID 0x1BA01477
* JLink Info: TPIU fitted.
* JLink Info:   FPUnit: 6 code (BP) slots and 2 literal slots
* JLink Info: Found Cortex-M3 r1p1, Little endian.
 
Target info:
------------
Device: STM32F103C8
VTarget = 3.306V
State of Pins: 
TCK: 0, TDI: 0, TDO: 0, TMS: 0, TRES: 1, TRST: 1
Hardware-Breakpoints: 6
Software-Breakpoints: 8192
Watchpoints:          4
JTAG speed: 2000 kHz
 
Full Chip Erase Done.
Programming Done.
Verify OK.
* JLink Info: Found SWD-DP with ID 0x1BA01477
* JLink Info: TPIU fitted.
* JLink Info:   FPUnit: 6 code (BP) slots and 2 literal slots
* JLink Info: Found Cortex-M3 r1p1, Little endian.
Application running ...
compiling Marlin_main.c...
source_code\Marlin\Marlin_main.c(705): warning:  #111-D: statement is unreachable
source_code\Marlin\Marlin_main.c - 0 Error(s), 1 Warning(s).
Build target 'BBear_Petty'
compiling Stepper.c...
source_code\motion_control\source_code\Stepper.c(375): error:  #20: identifier "MSG_ENDSTOPS_HIT" is undefined
source_code\motion_control\source_code\Stepper.c(377): warning:  #223-D: function "SERIAL_ECHOPAIR" declared implicitly
source_code\motion_control\source_code\Stepper.c(377): error:  #20: identifier "endstops_trigsteps" is undefined
source_code\motion_control\source_code\Stepper.c(380): warning:  #223-D: function "SERIAL_ECHOPAIR" declared implicitly
source_code\motion_control\source_code\Stepper.c(380): error:  #20: identifier "endstops_trigsteps" is undefined
source_code\motion_control\source_code\Stepper.c(383): warning:  #223-D: function "SERIAL_ECHOPAIR" declared implicitly
source_code\motion_control\source_code\Stepper.c(383): error:  #20: identifier "endstops_trigsteps" is undefined
Target not created
Build target 'BBear_Petty'
compiling Stepper.c...
linking...
Program Size: Code=30168 RO-data=728 RW-data=336 ZI-data=7144  
FromELF: creating hex file...
".\Output\BBear_Petty.axf" - 0 Error(s), 0 Warning(s).
Build target 'BBear_Petty'
compiling Marlin_main.c...
source_code\Marlin\Marlin_main.c(814): warning:  #111-D: statement is unreachable
linking...
Program Size: Code=30168 RO-data=728 RW-data=336 ZI-data=7144  
FromELF: creating hex file...
".\Output\BBear_Petty.axf" - 0 Error(s), 1 Warning(s).
Load "E:\\嵌入式\\3d\\3d-printer\\Output\\BBear_Petty.AXF" 
* JLink Info: Device "STM32F103C8" selected (64 KB flash, 20 KB RAM).
Set JLink Project File to "E:\嵌入式\3d\3d-printer\JLinkSettings.ini"
 
JLink info:
------------
DLL: V4.36l, compiled Dec  2 2011 18:52:36
Firmware: J-Link ARM V8 compiled Jan 31 2018 18:34:52
Hardware: V8.00
S/N : 20080643 
Feature(s) : RDI,FlashDL,FlashBP,JFlash,GDBFull 
 
* JLink Info: Found SWD-DP with ID 0x1BA01477
* JLink Info: TPIU fitted.
* JLink Info:   FPUnit: 6 code (BP) slots and 2 literal slots
* JLink Info: Found Cortex-M3 r1p1, Little endian.
ROMTableAddr = 0xE00FF003
* JLink Info: Found SWD-DP with ID 0x1BA01477
* JLink Info: TPIU fitted.
* JLink Info:   FPUnit: 6 code (BP) slots and 2 literal slots
* JLink Info: Found Cortex-M3 r1p1, Little endian.
 
Target info:
------------
Device: STM32F103C8
VTarget = 3.306V
State of Pins: 
TCK: 0, TDI: 0, TDO: 0, TMS: 0, TRES: 1, TRST: 1
Hardware-Breakpoints: 6
Software-Breakpoints: 8192
Watchpoints:          4
JTAG speed: 2000 kHz
 
Full Chip Erase Done.
Programming Done.
Verify OK.
* JLink Info: Found SWD-DP with ID 0x1BA01477
* JLink Info: TPIU fitted.
* JLink Info:   FPUnit: 6 code (BP) slots and 2 literal slots
* JLink Info: Found Cortex-M3 r1p1, Little endian.
Application running ...
compiling Marlin_main.c...
source_code\Marlin\Marlin_main.c(814): warning:  #111-D: statement is unreachable
source_code\Marlin\Marlin_main.c - 0 Error(s), 1 Warning(s).
Build target 'BBear_Petty'
compiling temperature.c...
source_code\temperature\source_code\temperature.c(288): warning:  #174-D: expression has no effect
compiling motion_control.c...
compiling Planner.c...
compiling Stepper.c...
compiling ConfigurationStore.c...
compiling USART.c...
compiling BSP.c...
compiling queue_loop.c...
source_code\BSP\queue_loop.c(37): warning:  #68-D: integer conversion resulted in a change of sign
source_code\BSP\queue_loop.c(52): warning:  #68-D: integer conversion resulted in a change of sign
compiling TIM.c...
linking...
Program Size: Code=30168 RO-data=728 RW-data=336 ZI-data=7144  
FromELF: creating hex file...
".\Output\BBear_Petty.axf" - 0 Error(s), 3 Warning(s).
Load "E:\\嵌入式\\3d\\3d-printer\\Output\\BBear_Petty.AXF" 
* JLink Info: Device "STM32F103C8" selected (64 KB flash, 20 KB RAM).
Set JLink Project File to "E:\嵌入式\3d\3d-printer\JLinkSettings.ini"
 
JLink info:
------------
DLL: V4.36l, compiled Dec  2 2011 18:52:36
Firmware: J-Link ARM V8 compiled Jan 31 2018 18:34:52
Hardware: V8.00
S/N : 20080643 
Feature(s) : RDI,FlashDL,FlashBP,JFlash,GDBFull 
 
* JLink Info: Found SWD-DP with ID 0x1BA01477
* JLink Info: TPIU fitted.
* JLink Info:   FPUnit: 6 code (BP) slots and 2 literal slots
* JLink Info: Found Cortex-M3 r1p1, Little endian.
ROMTableAddr = 0xE00FF003
* JLink Info: Found SWD-DP with ID 0x1BA01477
* JLink Info: TPIU fitted.
* JLink Info:   FPUnit: 6 code (BP) slots and 2 literal slots
* JLink Info: Found Cortex-M3 r1p1, Little endian.
 
Target info:
------------
Device: STM32F103C8
VTarget = 3.306V
State of Pins: 
TCK: 0, TDI: 0, TDO: 0, TMS: 0, TRES: 1, TRST: 1
Hardware-Breakpoints: 6
Software-Breakpoints: 8192
Watchpoints:          4
JTAG speed: 2000 kHz
 
Full Chip Erase Done.
Programming Done.
Verify OK.
* JLink Info: Found SWD-DP with ID 0x1BA01477
* JLink Info: TPIU fitted.
* JLink Info:   FPUnit: 6 code (BP) slots and 2 literal slots
* JLink Info: Found Cortex-M3 r1p1, Little endian.
Application running ...
compiling Marlin_main.c...
source_code\Marlin\Marlin_main.c(814): warning:  #111-D: statement is unreachable
source_code\Marlin\Marlin_main.c - 0 Error(s), 1 Warning(s).
Build target 'BBear_Petty'
compiling temperature.c...
source_code\temperature\source_code\temperature.c(288): warning:  #174-D: expression has no effect
compiling motion_control.c...
compiling Planner.c...
compiling Stepper.c...
compiling ConfigurationStore.c...
compiling USART.c...
compiling BSP.c...
compiling queue_loop.c...
source_code\BSP\queue_loop.c(19): error:  #20: identifier "MAX_CMD_SIZE" is undefined
source_code\BSP\queue_loop.c(26): error:  #20: identifier "MAX_CMD_SIZE" is undefined
source_code\BSP\queue_loop.c(37): warning:  #68-D: integer conversion resulted in a change of sign
source_code\BSP\queue_loop.c(43): error:  #20: identifier "MAX_CMD_SIZE" is undefined
source_code\BSP\queue_loop.c(52): warning:  #68-D: integer conversion resulted in a change of sign
compiling TIM.c...
Target not created
compiling Marlin_main.c...
source_code\Marlin\Marlin_main.c(814): warning:  #111-D: statement is unreachable
source_code\Marlin\Marlin_main.c - 0 Error(s), 1 Warning(s).
Build target 'BBear_Petty'
compiling temperature.c...
source_code\temperature\source_code\temperature.c(288): warning:  #174-D: expression has no effect
compiling motion_control.c...
compiling Planner.c...
compiling Stepper.c...
compiling ConfigurationStore.c...
compiling USART.c...
compiling BSP.c...
compiling queue_loop.c...
source_code\BSP\queue_loop.c(37): warning:  #68-D: integer conversion resulted in a change of sign
source_code\BSP\queue_loop.c(52): warning:  #68-D: integer conversion resulted in a change of sign
compiling TIM.c...
linking...
Program Size: Code=30168 RO-data=728 RW-data=336 ZI-data=7144  
FromELF: creating hex file...
".\Output\BBear_Petty.axf" - 0 Error(s), 3 Warning(s).
Load "E:\\嵌入式\\3d\\3d-printer\\Output\\BBear_Petty.AXF" 
* JLink Info: Device "STM32F103C8" selected (64 KB flash, 20 KB RAM).
Set JLink Project File to "E:\嵌入式\3d\3d-printer\JLinkSettings.ini"
 
JLink info:
------------
DLL: V4.36l, compiled Dec  2 2011 18:52:36
Firmware: J-Link ARM V8 compiled Jan 31 2018 18:34:52
Hardware: V8.00
S/N : 20080643 
Feature(s) : RDI,FlashDL,FlashBP,JFlash,GDBFull 
 
* JLink Info: Found SWD-DP with ID 0x1BA01477
* JLink Info: TPIU fitted.
* JLink Info:   FPUnit: 6 code (BP) slots and 2 literal slots
* JLink Info: Found Cortex-M3 r1p1, Little endian.
ROMTableAddr = 0xE00FF003
* JLink Info: Found SWD-DP with ID 0x1BA01477
* JLink Info: TPIU fitted.
* JLink Info:   FPUnit: 6 code (BP) slots and 2 literal slots
* JLink Info: Found Cortex-M3 r1p1, Little endian.
 
Target info:
------------
Device: STM32F103C8
VTarget = 3.313V
State of Pins: 
TCK: 0, TDI: 0, TDO: 0, TMS: 0, TRES: 1, TRST: 1
Hardware-Breakpoints: 6
Software-Breakpoints: 8192
Watchpoints:          4
JTAG speed: 2000 kHz
 
Full Chip Erase Done.
Programming Done.
Verify OK.
* JLink Info: Found SWD-DP with ID 0x1BA01477
* JLink Info: TPIU fitted.
* JLink Info:   FPUnit: 6 code (BP) slots and 2 literal slots
* JLink Info: Found Cortex-M3 r1p1, Little endian.
Application running ...
Build target 'BBear_Petty'
compiling Marlin_main.c...
source_code\Marlin\Marlin_main.c(814): warning:  #111-D: statement is unreachable
compiling temperature.c...
source_code\temperature\source_code\temperature.c(288): warning:  #174-D: expression has no effect
compiling motion_control.c...
compiling Planner.c...
compiling Stepper.c...
compiling Ultralcd.c...
compiling ConfigurationStore.c...
compiling USART.c...
compiling BSP.c...
compiling queue_loop.c...
source_code\BSP\queue_loop.c(37): warning:  #68-D: integer conversion resulted in a change of sign
source_code\BSP\queue_loop.c(52): warning:  #68-D: integer conversion resulted in a change of sign
compiling TIM.c...
compiling ADC.c...
compiling pin.c...
compiling misc.c...
compiling stm32f10x_adc.c...
compiling stm32f10x_dbgmcu.c...
compiling stm32f10x_exti.c...
compiling stm32f10x_flash.c...
compiling stm32f10x_gpio.c...
compiling stm32f10x_rcc.c...
compiling stm32f10x_tim.c...
compiling stm32f10x_usart.c...
compiling core_cm3.c...
linking...
Program Size: Code=30168 RO-data=728 RW-data=336 ZI-data=7144  
FromELF: creating hex file...
".\Output\BBear_Petty.axf" - 0 Error(s), 4 Warning(s).
compiling Marlin_main.c...
source_code\Marlin\Marlin_main.c(823): warning:  #111-D: statement is unreachable
source_code\Marlin\Marlin_main.c - 0 Error(s), 1 Warning(s).
Build target 'BBear_Petty'
linking...
Program Size: Code=30212 RO-data=724 RW-data=336 ZI-data=7144  
FromELF: creating hex file...
".\Output\BBear_Petty.axf" - 0 Error(s), 0 Warning(s).
Build target 'BBear_Petty'
linking...
Program Size: Code=30212 RO-data=724 RW-data=336 ZI-data=7144  
FromELF: creating hex file...
".\Output\BBear_Petty.axf" - 0 Error(s), 0 Warning(s).
Load "E:\\嵌入式\\3d\\3d-printer\\Output\\BBear_Petty.AXF" 
* JLink Info: Device "STM32F103C8" selected (64 KB flash, 20 KB RAM).
Set JLink Project File to "E:\嵌入式\3d\3d-printer\JLinkSettings.ini"
 
JLink info:
------------
DLL: V4.36l, compiled Dec  2 2011 18:52:36
Firmware: J-Link ARM V8 compiled Jan 31 2018 18:34:52
Hardware: V8.00
S/N : 20080643 
Feature(s) : RDI,FlashDL,FlashBP,JFlash,GDBFull 
 
* JLink Info: Found SWD-DP with ID 0x1BA01477
* JLink Info: TPIU fitted.
* JLink Info:   FPUnit: 6 code (BP) slots and 2 literal slots
* JLink Info: Found Cortex-M3 r1p1, Little endian.
ROMTableAddr = 0xE00FF003
* JLink Info: Found SWD-DP with ID 0x1BA01477
* JLink Info: TPIU fitted.
* JLink Info:   FPUnit: 6 code (BP) slots and 2 literal slots
* JLink Info: Found Cortex-M3 r1p1, Little endian.
 
Target info:
------------
Device: STM32F103C8
VTarget = 3.313V
State of Pins: 
TCK: 0, TDI: 0, TDO: 0, TMS: 0, TRES: 1, TRST: 1
Hardware-Breakpoints: 6
Software-Breakpoints: 8192
Watchpoints:          4
JTAG speed: 2000 kHz
 
Full Chip Erase Done.
Programming Done.
Verify OK.
* JLink Info: Found SWD-DP with ID 0x1BA01477
* JLink Info: TPIU fitted.
* JLink Info:   FPUnit: 6 code (BP) slots and 2 literal slots
* JLink Info: Found Cortex-M3 r1p1, Little endian.
Application running ...
Build target 'BBear_Petty'
compiling Marlin_main.c...
source_code\Marlin\Marlin_main.c(824): warning:  #111-D: statement is unreachable
linking...
Program Size: Code=30228 RO-data=724 RW-data=336 ZI-data=7144  
FromELF: creating hex file...
".\Output\BBear_Petty.axf" - 0 Error(s), 1 Warning(s).
Load "E:\\嵌入式\\3d\\3d-printer\\Output\\BBear_Petty.AXF" 
* JLink Info: Device "STM32F103C8" selected (64 KB flash, 20 KB RAM).
Set JLink Project File to "E:\嵌入式\3d\3d-printer\JLinkSettings.ini"
 
JLink info:
------------
DLL: V4.36l, compiled Dec  2 2011 18:52:36
Firmware: J-Link ARM V8 compiled Jan 31 2018 18:34:52
Hardware: V8.00
S/N : 20080643 
Feature(s) : RDI,FlashDL,FlashBP,JFlash,GDBFull 
 
* JLink Info: Found SWD-DP with ID 0x1BA01477
* JLink Info: TPIU fitted.
* JLink Info:   FPUnit: 6 code (BP) slots and 2 literal slots
* JLink Info: Found Cortex-M3 r1p1, Little endian.
ROMTableAddr = 0xE00FF003
* JLink Info: Found SWD-DP with ID 0x1BA01477
* JLink Info: TPIU fitted.
* JLink Info:   FPUnit: 6 code (BP) slots and 2 literal slots
* JLink Info: Found Cortex-M3 r1p1, Little endian.
 
Target info:
------------
Device: STM32F103C8
VTarget = 3.313V
State of Pins: 
TCK: 0, TDI: 0, TDO: 0, TMS: 0, TRES: 1, TRST: 1
Hardware-Breakpoints: 6
Software-Breakpoints: 8192
Watchpoints:          4
JTAG speed: 2000 kHz
 
Full Chip Erase Done.
Programming Done.
Verify OK.
* JLink Info: Found SWD-DP with ID 0x1BA01477
* JLink Info: TPIU fitted.
* JLink Info:   FPUnit: 6 code (BP) slots and 2 literal slots
* JLink Info: Found Cortex-M3 r1p1, Little endian.
Application running ...
Build target 'BBear_Petty'
compiling Marlin_main.c...
source_code\Marlin\Marlin_main.c(825): warning:  #111-D: statement is unreachable
linking...
Program Size: Code=30256 RO-data=728 RW-data=336 ZI-data=7144  
FromELF: creating hex file...
".\Output\BBear_Petty.axf" - 0 Error(s), 1 Warning(s).
Load "E:\\嵌入式\\3d\\3d-printer\\Output\\BBear_Petty.AXF" 
* JLink Info: Device "STM32F103C8" selected (64 KB flash, 20 KB RAM).
Set JLink Project File to "E:\嵌入式\3d\3d-printer\JLinkSettings.ini"
 
JLink info:
------------
DLL: V4.36l, compiled Dec  2 2011 18:52:36
Firmware: J-Link ARM V8 compiled Jan 31 2018 18:34:52
Hardware: V8.00
S/N : 20080643 
Feature(s) : RDI,FlashDL,FlashBP,JFlash,GDBFull 
 
* JLink Info: Found SWD-DP with ID 0x1BA01477
* JLink Info: TPIU fitted.
* JLink Info:   FPUnit: 6 code (BP) slots and 2 literal slots
* JLink Info: Found Cortex-M3 r1p1, Little endian.
ROMTableAddr = 0xE00FF003
* JLink Info: Found SWD-DP with ID 0x1BA01477
* JLink Info: TPIU fitted.
* JLink Info:   FPUnit: 6 code (BP) slots and 2 literal slots
* JLink Info: Found Cortex-M3 r1p1, Little endian.
 
Target info:
------------
Device: STM32F103C8
VTarget = 3.306V
State of Pins: 
TCK: 0, TDI: 0, TDO: 0, TMS: 0, TRES: 1, TRST: 1
Hardware-Breakpoints: 6
Software-Breakpoints: 8192
Watchpoints:          4
JTAG speed: 2000 kHz
 
Full Chip Erase Done.
Programming Done.
Verify OK.
* JLink Info: Found SWD-DP with ID 0x1BA01477
* JLink Info: TPIU fitted.
* JLink Info:   FPUnit: 6 code (BP) slots and 2 literal slots
* JLink Info: Found Cortex-M3 r1p1, Little endian.
Application running ...
Build target 'BBear_Petty'
compiling Marlin_main.c...
source_code\Marlin\Marlin_main.c(828): warning:  #111-D: statement is unreachable
linking...
Program Size: Code=30284 RO-data=724 RW-data=336 ZI-data=7144  
FromELF: creating hex file...
".\Output\BBear_Petty.axf" - 0 Error(s), 1 Warning(s).
Load "E:\\嵌入式\\3d\\3d-printer\\Output\\BBear_Petty.AXF" 
* JLink Info: Device "STM32F103C8" selected (64 KB flash, 20 KB RAM).
Set JLink Project File to "E:\嵌入式\3d\3d-printer\JLinkSettings.ini"
 
JLink info:
------------
DLL: V4.36l, compiled Dec  2 2011 18:52:36
Firmware: J-Link ARM V8 compiled Jan 31 2018 18:34:52
Hardware: V8.00
S/N : 20080643 
Feature(s) : RDI,FlashDL,FlashBP,JFlash,GDBFull 
 
* JLink Info: Found SWD-DP with ID 0x1BA01477
* JLink Info: TPIU fitted.
* JLink Info:   FPUnit: 6 code (BP) slots and 2 literal slots
* JLink Info: Found Cortex-M3 r1p1, Little endian.
ROMTableAddr = 0xE00FF003
* JLink Info: Found SWD-DP with ID 0x1BA01477
* JLink Info: TPIU fitted.
* JLink Info:   FPUnit: 6 code (BP) slots and 2 literal slots
* JLink Info: Found Cortex-M3 r1p1, Little endian.
 
Target info:
------------
Device: STM32F103C8
VTarget = 3.313V
State of Pins: 
TCK: 0, TDI: 0, TDO: 0, TMS: 0, TRES: 1, TRST: 1
Hardware-Breakpoints: 6
Software-Breakpoints: 8192
Watchpoints:          4
JTAG speed: 2000 kHz
 
Full Chip Erase Done.
Programming Done.
Verify OK.
* JLink Info: Found SWD-DP with ID 0x1BA01477
* JLink Info: TPIU fitted.
* JLink Info:   FPUnit: 6 code (BP) slots and 2 literal slots
* JLink Info: Found Cortex-M3 r1p1, Little endian.
Application running ...
Build target 'BBear_Petty'
compiling Marlin_main.c...
source_code\Marlin\Marlin_main.c(831): warning:  #111-D: statement is unreachable
linking...
Program Size: Code=30300 RO-data=724 RW-data=336 ZI-data=7144  
FromELF: creating hex file...
".\Output\BBear_Petty.axf" - 0 Error(s), 1 Warning(s).
Load "E:\\嵌入式\\3d\\3d-printer\\Output\\BBear_Petty.AXF" 
* JLink Info: Device "STM32F103C8" selected (64 KB flash, 20 KB RAM).
Set JLink Project File to "E:\嵌入式\3d\3d-printer\JLinkSettings.ini"
 
JLink info:
------------
DLL: V4.36l, compiled Dec  2 2011 18:52:36
Firmware: J-Link ARM V8 compiled Jan 31 2018 18:34:52
Hardware: V8.00
S/N : 20080643 
Feature(s) : RDI,FlashDL,FlashBP,JFlash,GDBFull 
 
* JLink Info: Found SWD-DP with ID 0x1BA01477
* JLink Info: TPIU fitted.
* JLink Info:   FPUnit: 6 code (BP) slots and 2 literal slots
* JLink Info: Found Cortex-M3 r1p1, Little endian.
ROMTableAddr = 0xE00FF003
* JLink Info: Found SWD-DP with ID 0x1BA01477
* JLink Info: TPIU fitted.
* JLink Info:   FPUnit: 6 code (BP) slots and 2 literal slots
* JLink Info: Found Cortex-M3 r1p1, Little endian.
 
Target info:
------------
Device: STM32F103C8
VTarget = 3.306V
State of Pins: 
TCK: 0, TDI: 0, TDO: 0, TMS: 0, TRES: 1, TRST: 1
Hardware-Breakpoints: 6
Software-Breakpoints: 8192
Watchpoints:          4
JTAG speed: 2000 kHz
 
Full Chip Erase Done.
Programming Done.
Verify OK.
* JLink Info: Found SWD-DP with ID 0x1BA01477
* JLink Info: TPIU fitted.
* JLink Info:   FPUnit: 6 code (BP) slots and 2 literal slots
* JLink Info: Found Cortex-M3 r1p1, Little endian.
Application running ...
Build target 'BBear_Petty'
compiling Marlin_main.c...
source_code\Marlin\Marlin_main.c(314): warning:  #177-D: variable "i" was declared but never referenced
source_code\Marlin\Marlin_main.c(831): warning:  #111-D: statement is unreachable
linking...
Program Size: Code=30236 RO-data=724 RW-data=336 ZI-data=7144  
FromELF: creating hex file...
".\Output\BBear_Petty.axf" - 0 Error(s), 2 Warning(s).
Load "E:\\嵌入式\\3d\\3d-printer\\Output\\BBear_Petty.AXF" 
* JLink Info: Device "STM32F103C8" selected (64 KB flash, 20 KB RAM).
Set JLink Project File to "E:\嵌入式\3d\3d-printer\JLinkSettings.ini"
 
JLink info:
------------
DLL: V4.36l, compiled Dec  2 2011 18:52:36
Firmware: J-Link ARM V8 compiled Jan 31 2018 18:34:52
Hardware: V8.00
S/N : 20080643 
Feature(s) : RDI,FlashDL,FlashBP,JFlash,GDBFull 
 
* JLink Info: Found SWD-DP with ID 0x1BA01477
* JLink Info: TPIU fitted.
* JLink Info:   FPUnit: 6 code (BP) slots and 2 literal slots
* JLink Info: Found Cortex-M3 r1p1, Little endian.
ROMTableAddr = 0xE00FF003
* JLink Info: Found SWD-DP with ID 0x1BA01477
* JLink Info: TPIU fitted.
* JLink Info:   FPUnit: 6 code (BP) slots and 2 literal slots
* JLink Info: Found Cortex-M3 r1p1, Little endian.
 
Target info:
------------
Device: STM32F103C8
VTarget = 3.306V
State of Pins: 
TCK: 0, TDI: 0, TDO: 0, TMS: 0, TRES: 1, TRST: 1
Hardware-Breakpoints: 6
Software-Breakpoints: 8192
Watchpoints:          4
JTAG speed: 2000 kHz
 
Full Chip Erase Done.
Programming Done.
Verify OK.
* JLink Info: Found SWD-DP with ID 0x1BA01477
* JLink Info: TPIU fitted.
* JLink Info:   FPUnit: 6 code (BP) slots and 2 literal slots
* JLink Info: Found Cortex-M3 r1p1, Little endian.
Application running ...
Build target 'BBear_Petty'
compiling Marlin_main.c...
source_code\Marlin\Marlin_main.c(315): warning:  #177-D: variable "i" was declared but never referenced
source_code\Marlin\Marlin_main.c(832): warning:  #111-D: statement is unreachable
linking...
Program Size: Code=30260 RO-data=724 RW-data=336 ZI-data=7144  
FromELF: creating hex file...
".\Output\BBear_Petty.axf" - 0 Error(s), 2 Warning(s).
Load "E:\\嵌入式\\3d\\3d-printer\\Output\\BBear_Petty.AXF" 
* JLink Info: Device "STM32F103C8" selected (64 KB flash, 20 KB RAM).
Set JLink Project File to "E:\嵌入式\3d\3d-printer\JLinkSettings.ini"
 
JLink info:
------------
DLL: V4.36l, compiled Dec  2 2011 18:52:36
Firmware: J-Link ARM V8 compiled Jan 31 2018 18:34:52
Hardware: V8.00
S/N : 20080643 
Feature(s) : RDI,FlashDL,FlashBP,JFlash,GDBFull 
 
* JLink Info: Found SWD-DP with ID 0x1BA01477
* JLink Info: TPIU fitted.
* JLink Info:   FPUnit: 6 code (BP) slots and 2 literal slots
* JLink Info: Found Cortex-M3 r1p1, Little endian.
ROMTableAddr = 0xE00FF003
* JLink Info: Found SWD-DP with ID 0x1BA01477
* JLink Info: TPIU fitted.
* JLink Info:   FPUnit: 6 code (BP) slots and 2 literal slots
* JLink Info: Found Cortex-M3 r1p1, Little endian.
 
Target info:
------------
Device: STM32F103C8
VTarget = 3.313V
State of Pins: 
TCK: 0, TDI: 0, TDO: 0, TMS: 0, TRES: 1, TRST: 1
Hardware-Breakpoints: 6
Software-Breakpoints: 8192
Watchpoints:          4
JTAG speed: 2000 kHz
 
Full Chip Erase Done.
Programming Done.
Verify OK.
* JLink Info: Found SWD-DP with ID 0x1BA01477
* JLink Info: TPIU fitted.
* JLink Info:   FPUnit: 6 code (BP) slots and 2 literal slots
* JLink Info: Found Cortex-M3 r1p1, Little endian.
Application running ...
Build target 'BBear_Petty'
compiling Marlin_main.c...
source_code\Marlin\Marlin_main.c(315): warning:  #177-D: variable "i" was declared but never referenced
source_code\Marlin\Marlin_main.c(832): warning:  #111-D: statement is unreachable
linking...
Program Size: Code=30260 RO-data=724 RW-data=336 ZI-data=7144  
FromELF: creating hex file...
".\Output\BBear_Petty.axf" - 0 Error(s), 2 Warning(s).
Build target 'BBear_Petty'
compiling Marlin_main.c...
source_code\Marlin\Marlin_main.c(315): warning:  #177-D: variable "i" was declared but never referenced
source_code\Marlin\Marlin_main.c(826): warning:  #111-D: statement is unreachable
linking...
Program Size: Code=30224 RO-data=728 RW-data=336 ZI-data=7144  
FromELF: creating hex file...
".\Output\BBear_Petty.axf" - 0 Error(s), 2 Warning(s).
Load "E:\\嵌入式\\3d\\3d-printer\\Output\\BBear_Petty.AXF" 
* JLink Info: Device "STM32F103C8" selected (64 KB flash, 20 KB RAM).
Set JLink Project File to "E:\嵌入式\3d\3d-printer\JLinkSettings.ini"
 
JLink info:
------------
DLL: V4.36l, compiled Dec  2 2011 18:52:36
Firmware: J-Link ARM V8 compiled Jan 31 2018 18:34:52
Hardware: V8.00
S/N : 20080643 
Feature(s) : RDI,FlashDL,FlashBP,JFlash,GDBFull 
 
* JLink Info: Found SWD-DP with ID 0x1BA01477
* JLink Info: TPIU fitted.
* JLink Info:   FPUnit: 6 code (BP) slots and 2 literal slots
* JLink Info: Found Cortex-M3 r1p1, Little endian.
ROMTableAddr = 0xE00FF003
* JLink Info: Found SWD-DP with ID 0x1BA01477
* JLink Info: TPIU fitted.
* JLink Info:   FPUnit: 6 code (BP) slots and 2 literal slots
* JLink Info: Found Cortex-M3 r1p1, Little endian.
 
Target info:
------------
Device: STM32F103C8
VTarget = 3.306V
State of Pins: 
TCK: 0, TDI: 0, TDO: 0, TMS: 0, TRES: 1, TRST: 1
Hardware-Breakpoints: 6
Software-Breakpoints: 8192
Watchpoints:          4
JTAG speed: 2000 kHz
 
Full Chip Erase Done.
Programming Done.
Verify OK.
* JLink Info: Found SWD-DP with ID 0x1BA01477
* JLink Info: TPIU fitted.
* JLink Info:   FPUnit: 6 code (BP) slots and 2 literal slots
* JLink Info: Found Cortex-M3 r1p1, Little endian.
Application running ...
Build target 'BBear_Petty'
compiling Marlin_main.c...
source_code\Marlin\Marlin_main.c(315): warning:  #177-D: variable "i" was declared but never referenced
source_code\Marlin\Marlin_main.c(826): warning:  #111-D: statement is unreachable
linking...
Program Size: Code=30220 RO-data=724 RW-data=336 ZI-data=7144  
FromELF: creating hex file...
".\Output\BBear_Petty.axf" - 0 Error(s), 2 Warning(s).
Load "E:\\嵌入式\\3d\\3d-printer\\Output\\BBear_Petty.AXF" 
* JLink Info: Device "STM32F103C8" selected (64 KB flash, 20 KB RAM).
Set JLink Project File to "E:\嵌入式\3d\3d-printer\JLinkSettings.ini"
 
JLink info:
------------
DLL: V4.36l, compiled Dec  2 2011 18:52:36
Firmware: J-Link ARM V8 compiled Jan 31 2018 18:34:52
Hardware: V8.00
S/N : 20080643 
Feature(s) : RDI,FlashDL,FlashBP,JFlash,GDBFull 
 
* JLink Info: Found SWD-DP with ID 0x1BA01477
* JLink Info: TPIU fitted.
* JLink Info:   FPUnit: 6 code (BP) slots and 2 literal slots
* JLink Info: Found Cortex-M3 r1p1, Little endian.
ROMTableAddr = 0xE00FF003
* JLink Info: Found SWD-DP with ID 0x1BA01477
* JLink Info: TPIU fitted.
* JLink Info:   FPUnit: 6 code (BP) slots and 2 literal slots
* JLink Info: Found Cortex-M3 r1p1, Little endian.
 
Target info:
------------
Device: STM32F103C8
VTarget = 3.306V
State of Pins: 
TCK: 0, TDI: 0, TDO: 0, TMS: 0, TRES: 1, TRST: 1
Hardware-Breakpoints: 6
Software-Breakpoints: 8192
Watchpoints:          4
JTAG speed: 2000 kHz
 
Full Chip Erase Done.
Programming Done.
Verify OK.
* JLink Info: Found SWD-DP with ID 0x1BA01477
* JLink Info: TPIU fitted.
* JLink Info:   FPUnit: 6 code (BP) slots and 2 literal slots
* JLink Info: Found Cortex-M3 r1p1, Little endian.
Application running ...
Build target 'BBear_Petty'
compiling Stepper.c...
linking...
Program Size: Code=30200 RO-data=728 RW-data=336 ZI-data=7144  
FromELF: creating hex file...
".\Output\BBear_Petty.axf" - 0 Error(s), 0 Warning(s).
Load "E:\\嵌入式\\3d\\3d-printer\\Output\\BBear_Petty.AXF" 
* JLink Info: Device "STM32F103C8" selected (64 KB flash, 20 KB RAM).
Set JLink Project File to "E:\嵌入式\3d\3d-printer\JLinkSettings.ini"
 
JLink info:
------------
DLL: V4.36l, compiled Dec  2 2011 18:52:36
Firmware: J-Link ARM V8 compiled Jan 31 2018 18:34:52
Hardware: V8.00
S/N : 20080643 
Feature(s) : RDI,FlashDL,FlashBP,JFlash,GDBFull 
 
* JLink Info: Found SWD-DP with ID 0x1BA01477
* JLink Info: TPIU fitted.
* JLink Info:   FPUnit: 6 code (BP) slots and 2 literal slots
* JLink Info: Found Cortex-M3 r1p1, Little endian.
ROMTableAddr = 0xE00FF003
* JLink Info: Found SWD-DP with ID 0x1BA01477
* JLink Info: TPIU fitted.
* JLink Info:   FPUnit: 6 code (BP) slots and 2 literal slots
* JLink Info: Found Cortex-M3 r1p1, Little endian.
 
Target info:
------------
Device: STM32F103C8
VTarget = 3.313V
State of Pins: 
TCK: 0, TDI: 0, TDO: 0, TMS: 0, TRES: 1, TRST: 1
Hardware-Breakpoints: 6
Software-Breakpoints: 8192
Watchpoints:          4
JTAG speed: 2000 kHz
 
Full Chip Erase Done.
Programming Done.
Verify OK.
* JLink Info: Found SWD-DP with ID 0x1BA01477
* JLink Info: TPIU fitted.
* JLink Info:   FPUnit: 6 code (BP) slots and 2 literal slots
* JLink Info: Found Cortex-M3 r1p1, Little endian.
Application running ...
Clean started: Project: 'BBear_Petty'
   deleting intermediate output files for target 'BBear_Petty'
