<html>
<body>
<pre>
<h1>礦ision Build Log</h1>
<h2>Project:</h2>
E:\software_tool\Make381\3d-printer\BBear_Petty.uvproj
Project File Date:  12/13/2016

<h2>Output:</h2>
Build target 'BBear_Petty'
Clean started - Project: 'BBear_Petty'
   deleting intermediate output files for target 'BBear_Petty'
compiling Marlin_main.c...
source_code\Marlin\Marlin_main.c(315): warning:  #177-D: variable "i" was declared but never referenced
        uint8_t i = 0;
source_code\Marlin\Marlin_main.c(821): warning:  #111-D: statement is unreachable
          break;
source_code\Marlin\Marlin_main.c: 2 warnings, 0 errors
compiling temperature.c...
source_code\temperature\source_code\temperature.c(288): warning:  #174-D: expression has no effect
      pid_output = constrain(target_temperature[e], 0, PID_MAX);//constrain(x, a, b);将x的值约束到a和b之间
source_code\temperature\source_code\temperature.c: 1 warning, 0 errors
compiling motion_control.c...
compiling Planner.c...
compiling Stepper.c...
compiling Ultralcd.c...
compiling ConfigurationStore.c...
compiling USART.c...
compiling BSP.c...
compiling queue_loop.c...
source_code\BSP\queue_loop.c(37): warning:  #68-D: integer conversion resulted in a change of sign
                return QUEUEISFULL;             
source_code\BSP\queue_loop.c(52): warning:  #68-D: integer conversion resulted in a change of sign
        return QUEUEISEMPTY;
source_code\BSP\queue_loop.c: 2 warnings, 0 errors
compiling TIM.c...
compiling ADC.c...
compiling pin.c...
compiling misc.c...
compiling stm32f10x_adc.c...
compiling stm32f10x_dbgmcu.c...
compiling stm32f10x_exti.c...
compiling stm32f10x_flash.c...
compiling stm32f10x_gpio.c...
compiling stm32f10x_rcc.c...
compiling stm32f10x_tim.c...
compiling stm32f10x_usart.c...
compiling core_cm3.c...
assembling startup_stm32f10x_md.s...
linking...
Program Size: Code=35708 RO-data=724 RW-data=340 ZI-data=7140  
".\Output\BBear_Petty.axf" - 0 Error(s), 5 Warning(s).

*** Performing Cross-Module-Optimization:
compiling Marlin_main.c...
source_code\Marlin\Marlin_main.c(315): warning:  #177-D: variable "i" was declared but never referenced
        uint8_t i = 0;
source_code\Marlin\Marlin_main.c(821): warning:  #111-D: statement is unreachable
          break;
source_code\Marlin\Marlin_main.c: 2 warnings, 0 errors
compiling motion_control.c...
compiling queue_loop.c...
source_code\BSP\queue_loop.c(37): warning:  #68-D: integer conversion resulted in a change of sign
                return QUEUEISFULL;             
source_code\BSP\queue_loop.c(52): warning:  #68-D: integer conversion resulted in a change of sign
        return QUEUEISEMPTY;
source_code\BSP\queue_loop.c: 2 warnings, 0 errors
compiling ADC.c...
compiling pin.c...
compiling misc.c...
compiling stm32f10x_adc.c...
compiling stm32f10x_dbgmcu.c...
compiling stm32f10x_exti.c...
compiling stm32f10x_flash.c...
compiling stm32f10x_gpio.c...
compiling stm32f10x_rcc.c...
compiling stm32f10x_tim.c...
compiling stm32f10x_usart.c...
compiling core_cm3.c...
linking...
Program Size: Code=30336 RO-data=728 RW-data=340 ZI-data=7140  
compiling Marlin_main.c...
source_code\Marlin\Marlin_main.c(315): warning:  #177-D: variable "i" was declared but never referenced
        uint8_t i = 0;
source_code\Marlin\Marlin_main.c(821): warning:  #111-D: statement is unreachable
          break;
source_code\Marlin\Marlin_main.c: 2 warnings, 0 errors
compiling motion_control.c...
compiling queue_loop.c...
source_code\BSP\queue_loop.c(37): warning:  #68-D: integer conversion resulted in a change of sign
                return QUEUEISFULL;             
source_code\BSP\queue_loop.c(52): warning:  #68-D: integer conversion resulted in a change of sign
        return QUEUEISEMPTY;
source_code\BSP\queue_loop.c: 2 warnings, 0 errors
compiling ADC.c...
compiling pin.c...
compiling misc.c...
compiling stm32f10x_adc.c...
compiling stm32f10x_dbgmcu.c...
compiling stm32f10x_exti.c...
compiling stm32f10x_flash.c...
compiling stm32f10x_gpio.c...
compiling stm32f10x_rcc.c...
compiling stm32f10x_tim.c...
compiling stm32f10x_usart.c...
compiling core_cm3.c...
linking...
Program Size: Code=30336 RO-data=728 RW-data=340 ZI-data=7140  
FromELF: creating hex file...
".\Output\BBear_Petty.axf" - 0 Error(s), 4 Warning(s).
*** Completed Cross-Module-Optimization after 3 iteration(s).
Clean started: Project: 'BBear_Petty'
   deleting intermediate output files for target 'BBear_Petty'
</pre>
</body>
</html>
