<html>
<body>
<pre>
<h1>µVision Build Log</h1>
<h2>Project:</h2>
E:\«∂»Î Ω\Githome\3d-printer\BBear_Petty.uvproj
Project File Date:  05/11/2017

<h2>Output:</h2>
Build target 'BBear_Petty'
compiling Marlin_main.c...
compiling temperature.c...
compiling motion_control.c...
compiling Planner.c...
compiling Stepper.c...
compiling Ultralcd.c...
compiling ConfigurationStore.c...
compiling USART.c...
compiling queue_loop.c...
compiling TIM.c...
compiling ADC.c...
compiling BSP.c...
compiling pin.c...
compiling misc.c...
compiling stm32f10x_adc.c...
compiling stm32f10x_dbgmcu.c...
compiling stm32f10x_exti.c...
compiling stm32f10x_flash.c...
compiling stm32f10x_gpio.c...
compiling stm32f10x_rcc.c...
compiling stm32f10x_tim.c...
compiling stm32f10x_usart.c...
compiling core_cm3.c...
assembling startup_stm32f10x_md.s...
linking...
Program Size: Code=40428 RO-data=804 RW-data=396 ZI-data=7156  
FromELF: creating hex file...
".\Output\BBear_Petty.axf" - 0 Error(s), 0 Warning(s).
 
*** Rebuilding with Cross-Module Feedback:
Rebuild target 'BBear_Petty'
compiling Marlin_main.c...
compiling temperature.c...
compiling motion_control.c...
compiling Planner.c...
compiling Stepper.c...
compiling Ultralcd.c...
compiling ConfigurationStore.c...
compiling USART.c...
compiling queue_loop.c...
compiling TIM.c...
compiling ADC.c...
compiling BSP.c...
compiling pin.c...
compiling misc.c...
compiling stm32f10x_adc.c...
compiling stm32f10x_dbgmcu.c...
compiling stm32f10x_exti.c...
compiling stm32f10x_flash.c...
compiling stm32f10x_gpio.c...
compiling stm32f10x_rcc.c...
compiling stm32f10x_tim.c...
compiling stm32f10x_usart.c...
compiling core_cm3.c...
assembling startup_stm32f10x_md.s...
linking...
Program Size: Code=34208 RO-data=800 RW-data=396 ZI-data=7156  
FromELF: creating hex file...
".\Output\BBear_Petty.axf" - 0 Error(s), 0 Warning(s).
Build target 'BBear_Petty'
linking...
Program Size: Code=34208 RO-data=800 RW-data=396 ZI-data=7156  
FromELF: creating hex file...
".\Output\BBear_Petty.axf" - 0 Error(s), 0 Warning(s).
Clean started: Project: 'BBear_Petty'
   deleting intermediate output files for target 'BBear_Petty'
