ARM Linker, 4.1 [Build 894] [Standard]

==============================================================================

Section Cross References

    marlin_main.o(.text) refers to _printf_percent.o(.ARM.Collect$$_printf_percent$$00000000) for _printf_percent
    marlin_main.o(.text) refers to _printf_d.o(.ARM.Collect$$_printf_percent$$00000009) for _printf_d
    marlin_main.o(.text) refers to _printf_dec.o(.text) for _printf_int_dec
    marlin_main.o(.text) refers to strtod.o(i.strtod) for strtod
    marlin_main.o(.text) refers to d2f.o(x$fpl$d2f) for __aeabi_d2f
    marlin_main.o(.text) refers to strtol.o(.text) for strtol
    marlin_main.o(.text) refers to strchr.o(.text) for strchr
    marlin_main.o(.text) refers to fflt_clz.o(x$fpl$fflt) for __aeabi_i2f
    marlin_main.o(.text) refers to fmul.o(x$fpl$fmul) for __aeabi_fmul
    marlin_main.o(.text) refers to faddsub_clz.o(x$fpl$fadd) for __aeabi_fadd
    marlin_main.o(.text) refers to f2d.o(x$fpl$f2d) for __aeabi_f2d
    marlin_main.o(.text) refers to drleqf.o(x$fpl$drleqf) for __aeabi_cdrcmple
    marlin_main.o(.text) refers to ffix.o(x$fpl$ffix) for __aeabi_f2iz
    marlin_main.o(.text) refers to ffixu.o(x$fpl$ffixu) for __aeabi_f2uiz
    marlin_main.o(.text) refers to stepper.o(.text) for st_synchronize
    marlin_main.o(.text) refers to frleqf.o(x$fpl$frleqf) for __aeabi_cfrcmple
    marlin_main.o(.text) refers to fleqf.o(x$fpl$fleqf) for __aeabi_cfcmple
    marlin_main.o(.text) refers to marlin_main.o(.data) for bufindr
    marlin_main.o(.text) refers to marlin_main.o(.bss) for cmdbuffer
    marlin_main.o(.text) refers to marlin_main.o(.constdata) for axis_codes
    marlin_main.o(.text) refers to tim.o(.data) for tim_millis
    marlin_main.o(.text) refers to planner.o(.bss) for max_feedrate
    marlin_main.o(.text) refers to noretval__2printf.o(.text) for __2printf
    marlin_main.o(.text) refers to strstr.o(.text) for strstr
    marlin_main.o(.text) refers to dfix.o(x$fpl$dfix) for __aeabi_d2iz
    marlin_main.o(.text) refers to bsp.o(.text) for RCC_Configuration
    marlin_main.o(.text) refers to tim.o(.text) for TIM_Configuration
    marlin_main.o(.text) refers to usart.o(.text) for USART_Configuration
    marlin_main.o(.text) refers to configurationstore.o(.text) for Config_RetrieveSettings
    marlin_main.o(.text) refers to temperature.o(.text) for tp_init
    marlin_main.o(.text) refers to planner.o(.text) for plan_init
    marlin_main.o(.text) refers to feqf.o(x$fpl$feqf) for __aeabi_cfcmpeq
    marlin_main.o(.text) refers to stm32f10x_usart.o(.text) for USART_SendData
    marlin_main.o(.text) refers to usart.o(.bss) for USART1_Cache
    marlin_main.o(.text) refers to usart.o(.data) for comment_mode
    system_stm32f10x.o(.text) refers to system_stm32f10x.o(.data) for SystemCoreClock
    temperature.o(.text) refers to fdiv.o(x$fpl$fdiv) for __aeabi_fdiv
    temperature.o(.text) refers to fmul.o(x$fpl$fmul) for __aeabi_fmul
    temperature.o(.text) refers to temperature.o(.data) for maxttemp
    planner.o(.text) refers to feqf.o(x$fpl$feqf) for __aeabi_cfcmpeq
    planner.o(.text) refers to f2d.o(x$fpl$f2d) for __aeabi_f2d
    planner.o(.text) refers to dmul.o(x$fpl$dmul) for __aeabi_dmul
    planner.o(.text) refers to fmul.o(x$fpl$fmul) for __aeabi_fmul
    planner.o(.text) refers to faddsub_clz.o(x$fpl$fsub) for __aeabi_fsub
    planner.o(.text) refers to ddiv.o(x$fpl$ddiv) for __aeabi_ddiv
    planner.o(.text) refers to d2f.o(x$fpl$d2f) for __aeabi_d2f
    planner.o(.text) refers to sqrt.o(i.sqrt) for sqrt
    planner.o(.text) refers to daddsub_clz.o(x$fpl$dsub) for __aeabi_dsub
    planner.o(.text) refers to daddsub_clz.o(x$fpl$dadd) for __aeabi_dadd
    planner.o(.text) refers to fflt_clz.o(x$fpl$ffltu) for __aeabi_ui2f
    planner.o(.text) refers to ceil.o(i.ceil) for ceil
    planner.o(.text) refers to dfixu.o(x$fpl$dfixu) for __aeabi_d2uiz
    planner.o(.text) refers to fflt_clz.o(x$fpl$fflt) for __aeabi_i2f
    planner.o(.text) refers to dfix.o(x$fpl$dfix) for __aeabi_d2iz
    planner.o(.text) refers to floor.o(i.floor) for floor
    planner.o(.text) refers to marlin_main.o(.text) for next_block_index
    planner.o(.text) refers to frleqf.o(x$fpl$frleqf) for __aeabi_cfrcmple
    planner.o(.text) refers to planner.o(.data) for block_buffer_head
    planner.o(.text) refers to planner.o(.bss) for position
    planner.o(.text) refers to temperature.o(.text) for degHotend
    planner.o(.text) refers to fleqf.o(x$fpl$fleqf) for __aeabi_cfcmple
    planner.o(.text) refers to fdiv.o(x$fpl$fdiv) for __aeabi_fdiv
    planner.o(.text) refers to faddsub_clz.o(x$fpl$fadd) for __aeabi_fadd
    planner.o(.text) refers to marlin_main.o(.data) for active_extruder
    planner.o(.text) refers to drleqf.o(x$fpl$drleqf) for __aeabi_cdrcmple
    planner.o(.text) refers to dleqf.o(x$fpl$dleqf) for __aeabi_cdcmple
    planner.o(.text) refers to ffixu.o(x$fpl$ffixu) for __aeabi_f2uiz
    planner.o(.text) refers to pow.o(i.pow) for pow
[...]
    __rt_lib_init_lc_ctype_1                 0x0800018b   Thumb Code     0  libinit2.o(.ARM.Collect$$libinit$$0000000F)
    __rt_lib_init_lc_monetary_1              0x0800018b   Thumb Code     0  libinit2.o(.ARM.Collect$$libinit$$00000011)
    __rt_lib_init_lc_numeric_2               0x0800018b   Thumb Code     0  libinit2.o(.ARM.Collect$$libinit$$00000012)
    __rt_lib_init_atexit_1                   0x08000195   Thumb Code     0  libinit2.o(.ARM.Collect$$libinit$$00000017)
    __rt_lib_init_clock_1                    0x08000195   Thumb Code     0  libinit2.o(.ARM.Collect$$libinit$$0000001D)
    __rt_lib_init_fp_trap_1                  0x08000195   Thumb Code     0  libinit2.o(.ARM.Collect$$libinit$$0000001B)
    __rt_lib_init_getenv_1                   0x08000195   Thumb Code     0  libinit2.o(.ARM.Collect$$libinit$$0000001F)
    __rt_lib_init_lc_numeric_1               0x08000195   Thumb Code     0  libinit2.o(.ARM.Collect$$libinit$$00000013)
    __rt_lib_init_lc_time_1                  0x08000195   Thumb Code     0  libinit2.o(.ARM.Collect$$libinit$$00000015)
    __rt_lib_init_signal_1                   0x08000195   Thumb Code     0  libinit2.o(.ARM.Collect$$libinit$$00000019)
    __rt_lib_init_stdio_2                    0x08000195   Thumb Code     0  libinit2.o(.ARM.Collect$$libinit$$00000020)
    __rt_lib_init_alloca_1                   0x08000199   Thumb Code     0  libinit2.o(.ARM.Collect$$libinit$$0000002A)
    __rt_lib_init_argv_1                     0x08000199   Thumb Code     0  libinit2.o(.ARM.Collect$$libinit$$00000028)
    __rt_lib_init_cpp_1                      0x08000199   Thumb Code     0  libinit2.o(.ARM.Collect$$libinit$$0000002E)
    __rt_lib_init_exceptions_1               0x08000199   Thumb Code     0  libinit2.o(.ARM.Collect$$libinit$$0000002C)
    __rt_lib_init_return                     0x08000199   Thumb Code     0  libinit2.o(.ARM.Collect$$libinit$$0000002F)
    __rt_lib_init_stdio_1                    0x08000199   Thumb Code     0  libinit2.o(.ARM.Collect$$libinit$$00000021)
    __rt_lib_shutdown                        0x0800019b   Thumb Code     0  libshutdown.o(.ARM.Collect$$libshutdown$$00000000)
    __rt_lib_shutdown_stdio_2                0x0800019d   Thumb Code     0  libshutdown2.o(.ARM.Collect$$libshutdown$$00000002)
    __rt_lib_shutdown_fp_trap_1              0x080001a1   Thumb Code     0  libshutdown2.o(.ARM.Collect$$libshutdown$$00000006)
    __rt_lib_shutdown_heap_1                 0x080001a1   Thumb Code     0  libshutdown2.o(.ARM.Collect$$libshutdown$$0000000E)
    __rt_lib_shutdown_return                 0x080001a1   Thumb Code     0  libshutdown2.o(.ARM.Collect$$libshutdown$$0000000F)
    __rt_lib_shutdown_signal_1               0x080001a1   Thumb Code     0  libshutdown2.o(.ARM.Collect$$libshutdown$$00000009)
    __rt_lib_shutdown_stdio_1                0x080001a1   Thumb Code     0  libshutdown2.o(.ARM.Collect$$libshutdown$$00000003)
    __rt_lib_shutdown_user_alloc_1           0x080001a1   Thumb Code     0  libshutdown2.o(.ARM.Collect$$libshutdown$$0000000B)
    __rt_entry                               0x080001a3   Thumb Code     0  rtentry.o(.ARM.Collect$$rtentry$$00000000)
    __rt_entry_presh_1                       0x080001a3   Thumb Code     0  rtentry2.o(.ARM.Collect$$rtentry$$00000002)
    __rt_entry_sh                            0x080001a3   Thumb Code     0  rtentry4.o(.ARM.Collect$$rtentry$$00000004)
    __rt_entry_li                            0x080001a9   Thumb Code     0  rtentry2.o(.ARM.Collect$$rtentry$$0000000A)
    __rt_entry_postsh_1                      0x080001a9   Thumb Code     0  rtentry2.o(.ARM.Collect$$rtentry$$00000009)
    __rt_entry_main                          0x080001ad   Thumb Code     0  rtentry2.o(.ARM.Collect$$rtentry$$0000000D)
    __rt_entry_postli_1                      0x080001ad   Thumb Code     0  rtentry2.o(.ARM.Collect$$rtentry$$0000000C)
    __rt_exit                                0x080001b5   Thumb Code     0  rtexit.o(.ARM.Collect$$rtexit$$00000000)
    __rt_exit_ls                             0x080001b7   Thumb Code     0  rtexit2.o(.ARM.Collect$$rtexit$$00000003)
    __rt_exit_prels_1                        0x080001b7   Thumb Code     0  rtexit2.o(.ARM.Collect$$rtexit$$00000002)
    __rt_exit_exit                           0x080001bb   Thumb Code     0  rtexit2.o(.ARM.Collect$$rtexit$$00000004)
    _maybe_terminate_alloc                   0x080001c1   Thumb Code     0  maybetermalloc1.o(.emb_text)
    code_value                               0x080001c1   Thumb Code    54  marlin_main.o(.text)
    code_value_long                          0x080001f7   Thumb Code    50  marlin_main.o(.text)
    code_seen                                0x08000229   Thumb Code    42  marlin_main.o(.text)
    get_coordinates                          0x08000253   Thumb Code   152  marlin_main.o(.text)
    get_arc_coordinates                      0x080002eb   Thumb Code    56  marlin_main.o(.text)
    process_command                          0x08000323   Thumb Code   762  marlin_main.o(.text)
    ClearToSend                              0x0800061d   Thumb Code    22  marlin_main.o(.text)
    FlushSerialRequestResend                 0x08000633   Thumb Code    26  marlin_main.o(.text)
    get_command                              0x0800064d   Thumb Code   634  marlin_main.o(.text)
    system_init                              0x080008c7   Thumb Code    52  marlin_main.o(.text)
    main                                     0x080008fb   Thumb Code    42  marlin_main.o(.text)
    clamp_to_software_endstops               0x08000925   Thumb Code   114  marlin_main.o(.text)
    prepare_move                             0x08000997   Thumb Code    70  marlin_main.o(.text)
    next_block_index                         0x080009dd   Thumb Code    12  marlin_main.o(.text)
    fputc                                    0x080009e9   Thumb Code   304  marlin_main.o(.text)
    GetKey                                   0x08000b19   Thumb Code    24  marlin_main.o(.text)
    SystemInit                               0x08000bfd   Thumb Code    78  system_stm32f10x.o(.text)
    SystemCoreClockUpdate                    0x08000c4b   Thumb Code   142  system_stm32f10x.o(.text)
    tp_init                                  0x08000cfd   Thumb Code    50  temperature.o(.text)
    updatePID                                0x08000d3b   Thumb Code    30  temperature.o(.text)
    scalePID_i                               0x08000d59   Thumb Code    14  temperature.o(.text)
    unscalePID_i                             0x08000d67   Thumb Code    14  temperature.o(.text)
    scalePID_d                               0x08000d75   Thumb Code    14  temperature.o(.text)
    unscalePID_d                             0x08000d83   Thumb Code    14  temperature.o(.text)
    degHotend                                0x08000d91   Thumb Code    10  temperature.o(.text)
    plan_init                                0x08000db9   Thumb Code    40  planner.o(.text)
    st_wake_up                               0x08000deb   Thumb Code     2  planner.o(.text)
    blocks_queued                            0x08000ded   Thumb Code    20  planner.o(.text)
    estimate_acceleration_distance           0x08000e01   Thumb Code   102  planner.o(.text)
    max_allowable_speed                      0x08000e67   Thumb Code    68  planner.o(.text)
    intersection_distance                    0x08000eab   Thumb Code   174  planner.o(.text)
    calculate_trapezoid_for_block            0x08000f59   Thumb Code   348  planner.o(.text)
    planner_reverse_pass                     0x080010b5   Thumb Code    82  planner.o(.text)
    planner_recalculate                      0x08001107   Thumb Code     2  planner.o(.text)
    plan_buffer_line                         0x08001109   Thumb Code  3328  planner.o(.text)
    enable_endstops                          0x08001e31   Thumb Code     6  stepper.o(.text)
    st_init                                  0x08001e37   Thumb Code    10  stepper.o(.text)
    endstops_hit_on_purpose                  0x08001e41   Thumb Code    16  stepper.o(.text)
    digipot_init                             0x08001e51   Thumb Code     2  stepper.o(.text)
    microstep_init                           0x08001e53   Thumb Code     2  stepper.o(.text)
    st_synchronize                           0x08001e55   Thumb Code    14  stepper.o(.text)
    Config_PrintSettings                     0x08001e75   Thumb Code     2  configurationstore.o(.text)
    reset_acceleration_rates                 0x08001e77   Thumb Code    52  configurationstore.o(.text)
    Config_ResetDefault                      0x08001eab   Thumb Code   204  configurationstore.o(.text)
    Config_RetrieveSettings                  0x08001f77   Thumb Code    12  configurationstore.o(.text)
    USART_Configuration                      0x08002015   Thumb Code   132  usart.o(.text)
    USART1_IRQHandler                        0x08002099   Thumb Code    94  usart.o(.text)
    TIM_Configuration                        0x08002111   Thumb Code    80  tim.o(.text)
    TIM2_IRQHandler                          0x08002161   Thumb Code    34  tim.o(.text)
    RCC_Configuration                        0x08002189   Thumb Code   100  bsp.o(.text)
    NVIC_Configuration                       0x080021ed   Thumb Code    68  bsp.o(.text)
    NVIC_PriorityGroupConfig                 0x08002231   Thumb Code    10  misc.o(.text)
    NVIC_Init                                0x0800223b   Thumb Code   102  misc.o(.text)
    NVIC_SetVectorTable                      0x080022a1   Thumb Code    14  misc.o(.text)
    NVIC_SystemLPConfig                      0x080022af   Thumb Code    34  misc.o(.text)
    SysTick_CLKSourceConfig                  0x080022d1   Thumb Code    40  misc.o(.text)
    FLASH_SetLatency                         0x0800230d   Thumb Code    18  stm32f10x_flash.o(.text)
    FLASH_HalfCycleAccessCmd                 0x0800231f   Thumb Code    22  stm32f10x_flash.o(.text)
    FLASH_PrefetchBufferCmd                  0x08002335   Thumb Code    22  stm32f10x_flash.o(.text)
    FLASH_Unlock                             0x0800234b   Thumb Code    12  stm32f10x_flash.o(.text)
    FLASH_UnlockBank1                        0x08002357   Thumb Code    12  stm32f10x_flash.o(.text)
    FLASH_Lock                               0x08002363   Thumb Code    14  stm32f10x_flash.o(.text)
    FLASH_LockBank1                          0x08002371   Thumb Code    14  stm32f10x_flash.o(.text)
    FLASH_GetBank1Status                     0x0800237f   Thumb Code    50  stm32f10x_flash.o(.text)
    FLASH_WaitForLastOperation               0x080023b1   Thumb Code    38  stm32f10x_flash.o(.text)
    FLASH_ErasePage                          0x080023d7   Thumb Code    72  stm32f10x_flash.o(.text)
    FLASH_EraseAllPages                      0x0800241f   Thumb Code    68  stm32f10x_flash.o(.text)
    FLASH_WaitForLastBank1Operation          0x08002463   Thumb Code    38  stm32f10x_flash.o(.text)
    FLASH_EraseAllBank1Pages                 0x08002489   Thumb Code    68  stm32f10x_flash.o(.text)
    FLASH_GetReadOutProtectionStatus         0x080024cd   Thumb Code    20  stm32f10x_flash.o(.text)
    FLASH_EraseOptionBytes                   0x080024e1   Thumb Code   150  stm32f10x_flash.o(.text)
    FLASH_ProgramWord                        0x08002577   Thumb Code    96  stm32f10x_flash.o(.text)
    FLASH_ProgramHalfWord                    0x080025d7   Thumb Code    60  stm32f10x_flash.o(.text)
    FLASH_ProgramOptionByteData              0x08002613   Thumb Code    72  stm32f10x_flash.o(.text)
    FLASH_EnableWriteProtection              0x0800265b   Thumb Code   200  stm32f10x_flash.o(.text)
    FLASH_ReadOutProtection                  0x08002723   Thumb Code   156  stm32f10x_flash.o(.text)
    FLASH_UserOptionByteConfig               0x080027bf   Thumb Code    88  stm32f10x_flash.o(.text)
    FLASH_GetUserOptionByte                  0x08002817   Thumb Code     8  stm32f10x_flash.o(.text)
    FLASH_GetWriteProtectionOptionByte       0x0800281f   Thumb Code     6  stm32f10x_flash.o(.text)
    FLASH_GetPrefetchBufferStatus            0x08002825   Thumb Code    20  stm32f10x_flash.o(.text)
    FLASH_ITConfig                           0x08002839   Thumb Code    26  stm32f10x_flash.o(.text)
    FLASH_GetFlagStatus                      0x08002853   Thumb Code    42  stm32f10x_flash.o(.text)
    FLASH_ClearFlag                          0x0800287d   Thumb Code     6  stm32f10x_flash.o(.text)
    FLASH_GetStatus                          0x08002883   Thumb Code    50  stm32f10x_flash.o(.text)
    GPIO_DeInit                              0x080028c5   Thumb Code   172  stm32f10x_gpio.o(.text)
    GPIO_AFIODeInit                          0x08002971   Thumb Code    20  stm32f10x_gpio.o(.text)
    GPIO_Init                                0x08002985   Thumb Code   274  stm32f10x_gpio.o(.text)
    GPIO_StructInit                          0x08002a97   Thumb Code    16  stm32f10x_gpio.o(.text)
    GPIO_ReadInputDataBit                    0x08002aa7   Thumb Code    18  stm32f10x_gpio.o(.text)
    GPIO_ReadInputData                       0x08002ab9   Thumb Code     8  stm32f10x_gpio.o(.text)
    GPIO_ReadOutputDataBit                   0x08002ac1   Thumb Code    18  stm32f10x_gpio.o(.text)
    GPIO_ReadOutputData                      0x08002ad3   Thumb Code     8  stm32f10x_gpio.o(.text)
    GPIO_SetBits                             0x08002adb   Thumb Code     4  stm32f10x_gpio.o(.text)
    GPIO_ResetBits                           0x08002adf   Thumb Code     4  stm32f10x_gpio.o(.text)
    GPIO_WriteBit                            0x08002ae3   Thumb Code    10  stm32f10x_gpio.o(.text)
    GPIO_Write                               0x08002aed   Thumb Code     4  stm32f10x_gpio.o(.text)
    GPIO_PinLockConfig                       0x08002af1   Thumb Code    18  stm32f10x_gpio.o(.text)
    GPIO_EventOutputConfig                   0x08002b03   Thumb Code    26  stm32f10x_gpio.o(.text)
    GPIO_EventOutputCmd                      0x08002b1d   Thumb Code     6  stm32f10x_gpio.o(.text)
    GPIO_PinRemapConfig                      0x08002b23   Thumb Code   138  stm32f10x_gpio.o(.text)
    GPIO_EXTILineConfig                      0x08002bad   Thumb Code    66  stm32f10x_gpio.o(.text)
    GPIO_ETH_MediaInterfaceConfig            0x08002bef   Thumb Code     6  stm32f10x_gpio.o(.text)
    RCC_DeInit                               0x08002c1d   Thumb Code    64  stm32f10x_rcc.o(.text)
    RCC_HSEConfig                            0x08002c5d   Thumb Code    70  stm32f10x_rcc.o(.text)
    RCC_GetFlagStatus                        0x08002ca3   Thumb Code    56  stm32f10x_rcc.o(.text)
    RCC_WaitForHSEStartUp                    0x08002cdb   Thumb Code    48  stm32f10x_rcc.o(.text)
    RCC_AdjustHSICalibrationValue            0x08002d0b   Thumb Code    20  stm32f10x_rcc.o(.text)
    RCC_HSICmd                               0x08002d1f   Thumb Code     6  stm32f10x_rcc.o(.text)
    RCC_PLLConfig                            0x08002d25   Thumb Code    24  stm32f10x_rcc.o(.text)
    RCC_PLLCmd                               0x08002d3d   Thumb Code     6  stm32f10x_rcc.o(.text)
    RCC_SYSCLKConfig                         0x08002d43   Thumb Code    18  stm32f10x_rcc.o(.text)
    RCC_GetSYSCLKSource                      0x08002d55   Thumb Code    10  stm32f10x_rcc.o(.text)
    RCC_HCLKConfig                           0x08002d5f   Thumb Code    18  stm32f10x_rcc.o(.text)
    RCC_PCLK1Config                          0x08002d71   Thumb Code    18  stm32f10x_rcc.o(.text)
    RCC_PCLK2Config                          0x08002d83   Thumb Code    20  stm32f10x_rcc.o(.text)
    RCC_ITConfig                             0x08002d97   Thumb Code    30  stm32f10x_rcc.o(.text)
    RCC_USBCLKConfig                         0x08002db5   Thumb Code     6  stm32f10x_rcc.o(.text)
    RCC_ADCCLKConfig                         0x08002dbb   Thumb Code    18  stm32f10x_rcc.o(.text)
    RCC_LSEConfig                            0x08002dcd   Thumb Code    44  stm32f10x_rcc.o(.text)
    RCC_LSICmd                               0x08002df9   Thumb Code     6  stm32f10x_rcc.o(.text)
    RCC_RTCCLKConfig                         0x08002dff   Thumb Code    12  stm32f10x_rcc.o(.text)
    RCC_RTCCLKCmd                            0x08002e0b   Thumb Code     8  stm32f10x_rcc.o(.text)
    RCC_GetClocksFreq                        0x08002e13   Thumb Code   192  stm32f10x_rcc.o(.text)
    RCC_AHBPeriphClockCmd                    0x08002ed3   Thumb Code    26  stm32f10x_rcc.o(.text)
    RCC_APB2PeriphClockCmd                   0x08002eed   Thumb Code    26  stm32f10x_rcc.o(.text)
    RCC_APB1PeriphClockCmd                   0x08002f07   Thumb Code    26  stm32f10x_rcc.o(.text)
    RCC_APB2PeriphResetCmd                   0x08002f21   Thumb Code    26  stm32f10x_rcc.o(.text)
    RCC_APB1PeriphResetCmd                   0x08002f3b   Thumb Code    26  stm32f10x_rcc.o(.text)
    RCC_BackupResetCmd                       0x08002f55   Thumb Code     8  stm32f10x_rcc.o(.text)
    RCC_ClockSecuritySystemCmd               0x08002f5d   Thumb Code     6  stm32f10x_rcc.o(.text)
    RCC_MCOConfig                            0x08002f63   Thumb Code     6  stm32f10x_rcc.o(.text)
    RCC_ClearFlag                            0x08002f69   Thumb Code    14  stm32f10x_rcc.o(.text)
    RCC_GetITStatus                          0x08002f77   Thumb Code    20  stm32f10x_rcc.o(.text)
    RCC_ClearITPendingBit                    0x08002f8b   Thumb Code     6  stm32f10x_rcc.o(.text)
    TIM_DeInit                               0x08002fbd   Thumb Code   424  stm32f10x_tim.o(.text)
    TIM_TimeBaseInit                         0x08003165   Thumb Code   122  stm32f10x_tim.o(.text)
    TIM_OC1Init                              0x080031df   Thumb Code   132  stm32f10x_tim.o(.text)
    TIM_OC2Init                              0x08003263   Thumb Code   146  stm32f10x_tim.o(.text)
    TIM_OC3Init                              0x080032f5   Thumb Code   142  stm32f10x_tim.o(.text)
    TIM_OC4Init                              0x08003383   Thumb Code   174  stm32f10x_tim.o(.text)
    TIM_SetIC4Prescaler                      0x08003431   Thumb Code    22  stm32f10x_tim.o(.text)
    TIM_SetIC3Prescaler                      0x080034bd   Thumb Code    18  stm32f10x_tim.o(.text)
    TIM_SetIC2Prescaler                      0x08003541   Thumb Code    22  stm32f10x_tim.o(.text)
    TIM_SetIC1Prescaler                      0x080035cd   Thumb Code    18  stm32f10x_tim.o(.text)
    TIM_ICInit                               0x08003649   Thumb Code   150  stm32f10x_tim.o(.text)
    TIM_PWMIConfig                           0x080036df   Thumb Code   124  stm32f10x_tim.o(.text)
    TIM_BDTRConfig                           0x0800375b   Thumb Code    32  stm32f10x_tim.o(.text)
    TIM_TimeBaseStructInit                   0x0800377b   Thumb Code    18  stm32f10x_tim.o(.text)
    TIM_OCStructInit                         0x0800378d   Thumb Code    20  stm32f10x_tim.o(.text)
    TIM_ICStructInit                         0x080037a1   Thumb Code    18  stm32f10x_tim.o(.text)
    TIM_BDTRStructInit                       0x080037b3   Thumb Code    18  stm32f10x_tim.o(.text)
    TIM_Cmd                                  0x080037c5   Thumb Code    24  stm32f10x_tim.o(.text)
    TIM_CtrlPWMOutputs                       0x080037dd   Thumb Code    50  stm32f10x_tim.o(.text)
    TIM_ITConfig                             0x0800380f   Thumb Code    24  stm32f10x_tim.o(.text)
    TIM_GenerateEvent                        0x08003827   Thumb Code     4  stm32f10x_tim.o(.text)
    TIM_DMAConfig                            0x0800382b   Thumb Code    10  stm32f10x_tim.o(.text)
    TIM_DMACmd                               0x08003835   Thumb Code    24  stm32f10x_tim.o(.text)
    TIM_InternalClockConfig                  0x0800384d   Thumb Code    12  stm32f10x_tim.o(.text)
    TIM_SelectInputTrigger                   0x08003859   Thumb Code    18  stm32f10x_tim.o(.text)
    TIM_ITRxExternalClockConfig              0x0800386b   Thumb Code    24  stm32f10x_tim.o(.text)
    TIM_TIxExternalClockConfig               0x08003883   Thumb Code    62  stm32f10x_tim.o(.text)
    TIM_ETRConfig                            0x080038c1   Thumb Code    24  stm32f10x_tim.o(.text)
    TIM_ETRClockMode1Config                  0x080038d9   Thumb Code    54  stm32f10x_tim.o(.text)
    TIM_ETRClockMode2Config                  0x0800390f   Thumb Code    32  stm32f10x_tim.o(.text)
    TIM_PrescalerConfig                      0x0800392f   Thumb Code     6  stm32f10x_tim.o(.text)
    TIM_CounterModeConfig                    0x08003935   Thumb Code    18  stm32f10x_tim.o(.text)
    TIM_EncoderInterfaceConfig               0x08003947   Thumb Code    62  stm32f10x_tim.o(.text)
    TIM_ForcedOC1Config                      0x08003985   Thumb Code    18  stm32f10x_tim.o(.text)
    TIM_ForcedOC2Config                      0x08003997   Thumb Code    22  stm32f10x_tim.o(.text)
    TIM_ForcedOC3Config                      0x080039ad   Thumb Code    18  stm32f10x_tim.o(.text)
    TIM_ForcedOC4Config                      0x080039bf   Thumb Code    22  stm32f10x_tim.o(.text)
    TIM_ARRPreloadConfig                     0x080039d5   Thumb Code    24  stm32f10x_tim.o(.text)
    TIM_SelectCOM                            0x080039ed   Thumb Code    24  stm32f10x_tim.o(.text)
    TIM_SelectCCDMA                          0x08003a05   Thumb Code    24  stm32f10x_tim.o(.text)
    TIM_CCPreloadControl                     0x08003a1d   Thumb Code    24  stm32f10x_tim.o(.text)
    TIM_OC1PreloadConfig                     0x08003a35   Thumb Code    18  stm32f10x_tim.o(.text)
    TIM_OC2PreloadConfig                     0x08003a47   Thumb Code    22  stm32f10x_tim.o(.text)
    TIM_OC3PreloadConfig                     0x08003a5d   Thumb Code    18  stm32f10x_tim.o(.text)
    TIM_OC4PreloadConfig                     0x08003a6f   Thumb Code    22  stm32f10x_tim.o(.text)
    TIM_OC1FastConfig                        0x08003a85   Thumb Code    18  stm32f10x_tim.o(.text)
    TIM_OC2FastConfig                        0x08003a97   Thumb Code    22  stm32f10x_tim.o(.text)
    TIM_OC3FastConfig                        0x08003aad   Thumb Code    18  stm32f10x_tim.o(.text)
    TIM_OC4FastConfig                        0x08003abf   Thumb Code    22  stm32f10x_tim.o(.text)
    TIM_ClearOC1Ref                          0x08003ad5   Thumb Code    18  stm32f10x_tim.o(.text)
    TIM_ClearOC2Ref                          0x08003ae7   Thumb Code    20  stm32f10x_tim.o(.text)
    TIM_ClearOC3Ref                          0x08003afb   Thumb Code    18  stm32f10x_tim.o(.text)
    TIM_ClearOC4Ref                          0x08003b0d   Thumb Code    20  stm32f10x_tim.o(.text)
    TIM_OC1PolarityConfig                    0x08003b21   Thumb Code    18  stm32f10x_tim.o(.text)
    TIM_OC1NPolarityConfig                   0x08003b33   Thumb Code    18  stm32f10x_tim.o(.text)
    TIM_OC2PolarityConfig                    0x08003b45   Thumb Code    22  stm32f10x_tim.o(.text)
    TIM_OC2NPolarityConfig                   0x08003b5b   Thumb Code    22  stm32f10x_tim.o(.text)
    TIM_OC3PolarityConfig                    0x08003b71   Thumb Code    22  stm32f10x_tim.o(.text)
    TIM_OC3NPolarityConfig                   0x08003b87   Thumb Code    22  stm32f10x_tim.o(.text)
    TIM_OC4PolarityConfig                    0x08003b9d   Thumb Code    22  stm32f10x_tim.o(.text)
    TIM_CCxCmd                               0x08003bb3   Thumb Code    34  stm32f10x_tim.o(.text)
    TIM_CCxNCmd                              0x08003bd5   Thumb Code    34  stm32f10x_tim.o(.text)
    TIM_SelectOCxM                           0x08003bf7   Thumb Code    82  stm32f10x_tim.o(.text)
    TIM_UpdateDisableConfig                  0x08003c49   Thumb Code    24  stm32f10x_tim.o(.text)
    TIM_UpdateRequestConfig                  0x08003c61   Thumb Code    24  stm32f10x_tim.o(.text)
    TIM_SelectHallSensor                     0x08003c79   Thumb Code    24  stm32f10x_tim.o(.text)
    TIM_SelectOnePulseMode                   0x08003c91   Thumb Code    18  stm32f10x_tim.o(.text)
    TIM_SelectOutputTrigger                  0x08003ca3   Thumb Code    18  stm32f10x_tim.o(.text)
    TIM_SelectSlaveMode                      0x08003cb5   Thumb Code    18  stm32f10x_tim.o(.text)
    TIM_SelectMasterSlaveMode                0x08003cc7   Thumb Code    18  stm32f10x_tim.o(.text)
    TIM_SetCounter                           0x08003cd9   Thumb Code     4  stm32f10x_tim.o(.text)
    TIM_SetAutoreload                        0x08003cdd   Thumb Code     4  stm32f10x_tim.o(.text)
    TIM_SetCompare1                          0x08003ce1   Thumb Code     4  stm32f10x_tim.o(.text)
    TIM_SetCompare2                          0x08003ce5   Thumb Code     4  stm32f10x_tim.o(.text)
    TIM_SetCompare3                          0x08003ce9   Thumb Code     4  stm32f10x_tim.o(.text)
    TIM_SetCompare4                          0x08003ced   Thumb Code     6  stm32f10x_tim.o(.text)
    TIM_SetClockDivision                     0x08003cf3   Thumb Code    18  stm32f10x_tim.o(.text)
    TIM_GetCapture1                          0x08003d05   Thumb Code     6  stm32f10x_tim.o(.text)
    TIM_GetCapture2                          0x08003d0b   Thumb Code     6  stm32f10x_tim.o(.text)
    TIM_GetCapture3                          0x08003d11   Thumb Code     6  stm32f10x_tim.o(.text)
    TIM_GetCapture4                          0x08003d17   Thumb Code     8  stm32f10x_tim.o(.text)
    TIM_GetCounter                           0x08003d1f   Thumb Code     6  stm32f10x_tim.o(.text)
    TIM_GetPrescaler                         0x08003d25   Thumb Code     6  stm32f10x_tim.o(.text)
    TIM_GetFlagStatus                        0x08003d2b   Thumb Code    18  stm32f10x_tim.o(.text)
    TIM_ClearFlag                            0x08003d3d   Thumb Code     6  stm32f10x_tim.o(.text)
    TIM_GetITStatus                          0x08003d43   Thumb Code    34  stm32f10x_tim.o(.text)
    TIM_ClearITPendingBit                    0x08003d65   Thumb Code     6  stm32f10x_tim.o(.text)
    USART_DeInit                             0x08003d6d   Thumb Code   134  stm32f10x_usart.o(.text)
    USART_Init                               0x08003df3   Thumb Code   210  stm32f10x_usart.o(.text)
    USART_StructInit                         0x08003ec5   Thumb Code    24  stm32f10x_usart.o(.text)
    USART_ClockInit                          0x08003edd   Thumb Code    34  stm32f10x_usart.o(.text)
    USART_ClockStructInit                    0x08003eff   Thumb Code    12  stm32f10x_usart.o(.text)
    USART_Cmd                                0x08003f0b   Thumb Code    24  stm32f10x_usart.o(.text)
    USART_ITConfig                           0x08003f23   Thumb Code    74  stm32f10x_usart.o(.text)
    USART_DMACmd                             0x08003f6d   Thumb Code    24  stm32f10x_usart.o(.text)
    USART_SetAddress                         0x08003f85   Thumb Code    18  stm32f10x_usart.o(.text)
    USART_WakeUpConfig                       0x08003f97   Thumb Code    18  stm32f10x_usart.o(.text)
    USART_ReceiverWakeUpCmd                  0x08003fa9   Thumb Code    24  stm32f10x_usart.o(.text)
    USART_LINBreakDetectLengthConfig         0x08003fc1   Thumb Code    18  stm32f10x_usart.o(.text)
    USART_LINCmd                             0x08003fd3   Thumb Code    24  stm32f10x_usart.o(.text)
    USART_SendData                           0x08003feb   Thumb Code     8  stm32f10x_usart.o(.text)
    USART_ReceiveData                        0x08003ff3   Thumb Code    10  stm32f10x_usart.o(.text)
    USART_SendBreak                          0x08003ffd   Thumb Code    10  stm32f10x_usart.o(.text)
    USART_SetGuardTime                       0x08004007   Thumb Code    16  stm32f10x_usart.o(.text)
    USART_SetPrescaler                       0x08004017   Thumb Code    16  stm32f10x_usart.o(.text)
    USART_SmartCardCmd                       0x08004027   Thumb Code    24  stm32f10x_usart.o(.text)
    USART_SmartCardNACKCmd                   0x0800403f   Thumb Code    24  stm32f10x_usart.o(.text)
    USART_HalfDuplexCmd                      0x08004057   Thumb Code    24  stm32f10x_usart.o(.text)
    USART_OverSampling8Cmd                   0x0800406f   Thumb Code    22  stm32f10x_usart.o(.text)
    USART_OneBitMethodCmd                    0x08004085   Thumb Code    24  stm32f10x_usart.o(.text)
    USART_IrDAConfig                         0x0800409d   Thumb Code    18  stm32f10x_usart.o(.text)
    USART_IrDACmd                            0x080040af   Thumb Code    24  stm32f10x_usart.o(.text)
    USART_GetFlagStatus                      0x080040c7   Thumb Code    26  stm32f10x_usart.o(.text)
    USART_ClearFlag                          0x080040e1   Thumb Code    18  stm32f10x_usart.o(.text)
    USART_GetITStatus                        0x080040f3   Thumb Code    84  stm32f10x_usart.o(.text)
    USART_ClearITPendingBit                  0x08004147   Thumb Code    50  stm32f10x_usart.o(.text)
    Reset_Handler                            0x08004179   Thumb Code     8  startup_stm32f10x_md.o(.text)
    NMI_Handler                              0x08004181   Thumb Code     2  startup_stm32f10x_md.o(.text)
    HardFault_Handler                        0x08004183   Thumb Code     2  startup_stm32f10x_md.o(.text)
    MemManage_Handler                        0x08004185   Thumb Code     2  startup_stm32f10x_md.o(.text)
    BusFault_Handler                         0x08004187   Thumb Code     2  startup_stm32f10x_md.o(.text)
    UsageFault_Handler                       0x08004189   Thumb Code     2  startup_stm32f10x_md.o(.text)
    SVC_Handler                              0x0800418b   Thumb Code     2  startup_stm32f10x_md.o(.text)
    DebugMon_Handler                         0x0800418d   Thumb Code     2  startup_stm32f10x_md.o(.text)
    PendSV_Handler                           0x0800418f   Thumb Code     2  startup_stm32f10x_md.o(.text)
    SysTick_Handler                          0x08004191   Thumb Code     2  startup_stm32f10x_md.o(.text)
    ADC1_2_IRQHandler                        0x08004193   Thumb Code     0  startup_stm32f10x_md.o(.text)
    CAN1_RX1_IRQHandler                      0x08004193   Thumb Code     0  startup_stm32f10x_md.o(.text)
    CAN1_SCE_IRQHandler                      0x08004193   Thumb Code     0  startup_stm32f10x_md.o(.text)
    DMA1_Channel1_IRQHandler                 0x08004193   Thumb Code     0  startup_stm32f10x_md.o(.text)
    DMA1_Channel2_IRQHandler                 0x08004193   Thumb Code     0  startup_stm32f10x_md.o(.text)
    DMA1_Channel3_IRQHandler                 0x08004193   Thumb Code     0  startup_stm32f10x_md.o(.text)
    DMA1_Channel4_IRQHandler                 0x08004193   Thumb Code     0  startup_stm32f10x_md.o(.text)
    DMA1_Channel5_IRQHandler                 0x08004193   Thumb Code     0  startup_stm32f10x_md.o(.text)
    DMA1_Channel6_IRQHandler                 0x08004193   Thumb Code     0  startup_stm32f10x_md.o(.text)
    DMA1_Channel7_IRQHandler                 0x08004193   Thumb Code     0  startup_stm32f10x_md.o(.text)
    EXTI0_IRQHandler                         0x08004193   Thumb Code     0  startup_stm32f10x_md.o(.text)
    EXTI15_10_IRQHandler                     0x08004193   Thumb Code     0  startup_stm32f10x_md.o(.text)
    EXTI1_IRQHandler                         0x08004193   Thumb Code     0  startup_stm32f10x_md.o(.text)
    EXTI2_IRQHandler                         0x08004193   Thumb Code     0  startup_stm32f10x_md.o(.text)
    EXTI3_IRQHandler                         0x08004193   Thumb Code     0  startup_stm32f10x_md.o(.text)
    EXTI4_IRQHandler                         0x08004193   Thumb Code     0  startup_stm32f10x_md.o(.text)
    EXTI9_5_IRQHandler                       0x08004193   Thumb Code     0  startup_stm32f10x_md.o(.text)
    FLASH_IRQHandler                         0x08004193   Thumb Code     0  startup_stm32f10x_md.o(.text)
    I2C1_ER_IRQHandler                       0x08004193   Thumb Code     0  startup_stm32f10x_md.o(.text)
    I2C1_EV_IRQHandler                       0x08004193   Thumb Code     0  startup_stm32f10x_md.o(.text)
    I2C2_ER_IRQHandler                       0x08004193   Thumb Code     0  startup_stm32f10x_md.o(.text)
    I2C2_EV_IRQHandler                       0x08004193   Thumb Code     0  startup_stm32f10x_md.o(.text)
    PVD_IRQHandler                           0x08004193   Thumb Code     0  startup_stm32f10x_md.o(.text)
    RCC_IRQHandler                           0x08004193   Thumb Code     0  startup_stm32f10x_md.o(.text)
    RTCAlarm_IRQHandler                      0x08004193   Thumb Code     0  startup_stm32f10x_md.o(.text)
    RTC_IRQHandler                           0x08004193   Thumb Code     0  startup_stm32f10x_md.o(.text)
    SPI1_IRQHandler                          0x08004193   Thumb Code     0  startup_stm32f10x_md.o(.text)
    SPI2_IRQHandler                          0x08004193   Thumb Code     0  startup_stm32f10x_md.o(.text)
    TAMPER_IRQHandler                        0x08004193   Thumb Code     0  startup_stm32f10x_md.o(.text)
    TIM1_BRK_IRQHandler                      0x08004193   Thumb Code     0  startup_stm32f10x_md.o(.text)
    TIM1_CC_IRQHandler                       0x08004193   Thumb Code     0  startup_stm32f10x_md.o(.text)
    TIM1_TRG_COM_IRQHandler                  0x08004193   Thumb Code     0  startup_stm32f10x_md.o(.text)
    TIM1_UP_IRQHandler                       0x08004193   Thumb Code     0  startup_stm32f10x_md.o(.text)
    TIM3_IRQHandler                          0x08004193   Thumb Code     0  startup_stm32f10x_md.o(.text)
    TIM4_IRQHandler                          0x08004193   Thumb Code     0  startup_stm32f10x_md.o(.text)
    USART2_IRQHandler                        0x08004193   Thumb Code     0  startup_stm32f10x_md.o(.text)
    USART3_IRQHandler                        0x08004193   Thumb Code     0  startup_stm32f10x_md.o(.text)
    USBWakeUp_IRQHandler                     0x08004193   Thumb Code     0  startup_stm32f10x_md.o(.text)
    USB_HP_CAN1_TX_IRQHandler                0x08004193   Thumb Code     0  startup_stm32f10x_md.o(.text)
    USB_LP_CAN1_RX0_IRQHandler               0x08004193   Thumb Code     0  startup_stm32f10x_md.o(.text)
    WWDG_IRQHandler                          0x08004193   Thumb Code     0  startup_stm32f10x_md.o(.text)
    __user_initial_stackheap                 0x08004195   Thumb Code     0  startup_stm32f10x_md.o(.text)
    __2printf                                0x080041b9   Thumb Code    20  noretval__2printf.o(.text)
    __printf                                 0x080041d1   Thumb Code   106  __printf.o(.text)
    _printf_int_dec                          0x0800423d   Thumb Code   102  _printf_dec.o(.text)
    strtol                                   0x080042b5   Thumb Code   112  strtol.o(.text)
    strchr                                   0x08004325   Thumb Code    20  strchr.o(.text)
    strstr                                   0x08004339   Thumb Code    36  strstr.o(.text)
    __use_two_region_memory                  0x0800435d   Thumb Code     2  heapauxi.o(.text)
    __rt_heap_escrow                         0x0800435f   Thumb Code     2  heapauxi.o(.text)
    __rt_heap_expand                         0x08004361   Thumb Code     2  heapauxi.o(.text)
    __rt_ctype_table                         0x08004365   Thumb Code    16  rt_ctype_table.o(.text)
    __aeabi_errno_addr                       0x08004375   Thumb Code     8  rt_errno_addr_intlibspace.o(.text)
    __errno$intlibspace                      0x08004375   Thumb Code     0  rt_errno_addr_intlibspace.o(.text)
    __rt_errno_addr$intlibspace              0x08004375   Thumb Code     0  rt_errno_addr_intlibspace.o(.text)
    __read_errno                             0x0800437d   Thumb Code    10  _rserrno.o(.text)
    __set_errno                              0x08004387   Thumb Code    12  _rserrno.o(.text)
    _printf_int_common                       0x08004393   Thumb Code   184  _printf_intcommon.o(.text)
    _printf_char_file                        0x0800444d   Thumb Code    32  _printf_char_file.o(.text)
    _strtoul                                 0x08004471   Thumb Code   158  _strtoul.o(.text)
    __strtod_int                             0x0800454d   Thumb Code    88  strtod.o(.text)
    __user_libspace                          0x080045b1   Thumb Code     8  libspace.o(.text)
    __user_perproc_libspace                  0x080045b1   Thumb Code     0  libspace.o(.text)
    __user_perthread_libspace                0x080045b1   Thumb Code     0  libspace.o(.text)
    __rt_locale                              0x080045b9   Thumb Code     8  rt_locale_intlibspace.o(.text)
    isspace                                  0x080045c1   Thumb Code    18  isspace.o(.text)
    _printf_char_common                      0x080045df   Thumb Code    32  _printf_char_common.o(.text)
    _chval                                   0x08004605   Thumb Code    28  _chval.o(.text)
    _sgetc                                   0x08004621   Thumb Code    30  _sgetc.o(.text)
    _sbackspace                              0x0800463f   Thumb Code    34  _sgetc.o(.text)
    ferror                                   0x08004661   Thumb Code     8  ferror.o(.text)
    _initio                                  0x08004669   Thumb Code   210  initio.o(.text)
    _terminateio                             0x0800473b   Thumb Code    56  initio.o(.text)
    _sys_open                                0x080047a1   Thumb Code    20  sys_io.o(.text)
    _sys_close                               0x080047b5   Thumb Code    12  sys_io.o(.text)
    _sys_write                               0x080047c1   Thumb Code    16  sys_io.o(.text)
    _sys_read                                0x080047d1   Thumb Code    14  sys_io.o(.text)
    _sys_istty                               0x080047df   Thumb Code    12  sys_io.o(.text)
    _sys_seek                                0x080047eb   Thumb Code    14  sys_io.o(.text)
    _sys_ensure                              0x080047f9   Thumb Code     2  sys_io.o(.text)
    _sys_flen                                0x080047fb   Thumb Code    12  sys_io.o(.text)
    __user_setup_stackheap                   0x08004807   Thumb Code    74  sys_stackheap_outer.o(.text)
    free                                     0x08004851   Thumb Code    78  h1_free.o(.text)
    _scanf_really_real                       0x08004a9b   Thumb Code   672  scanf_fp.o(.text)
    setvbuf                                  0x08004d49   Thumb Code    70  setvbuf.o(.text)
    freopen                                  0x08004d91   Thumb Code   158  fopen.o(.text)
    fopen                                    0x08004e2f   Thumb Code    74  fopen.o(.text)
    _fclose_internal                         0x08004e7d   Thumb Code    76  fclose.o(.text)
    fclose                                   0x08004e7d   Thumb Code     0  fclose.o(.text)
    exit                                     0x08004ec9   Thumb Code    12  exit.o(.text)
    __rt_SIGRTRED                            0x08004ed5   Thumb Code    14  defsig_rtred_outer.o(.text)
    __aeabi_memclr4                          0x08004ee3   Thumb Code     0  rt_memclr_w.o(.text)
    __aeabi_memclr8                          0x08004ee3   Thumb Code     0  rt_memclr_w.o(.text)
    __rt_memclr_w                            0x08004ee3   Thumb Code    78  rt_memclr_w.o(.text)
    _memset_w                                0x08004ee7   Thumb Code     0  rt_memclr_w.o(.text)
    strcmp                                   0x08004f31   Thumb Code   128  strcmpv7m.o(.text)
    __I$use$semihosting                      0x08004fb1   Thumb Code     0  use_no_semi.o(.text)
    __use_no_semihosting_swi                 0x08004fb1   Thumb Code     2  use_no_semi.o(.text)
    __semihosting_library_function           0x08004fb3   Thumb Code     0  indicate_semi.o(.text)
    __rt_heap_descriptor                     0x08004fb5   Thumb Code     8  rt_heap_descriptor_intlibspace.o(.text)
    __use_no_heap                            0x08004fbd   Thumb Code     2  hguard.o(.text)
    __heap$guard                             0x08004fbf   Thumb Code     2  hguard.o(.text)
    _terminate_user_alloc                    0x08004fc1   Thumb Code     2  init_alloc.o(.text)
    _init_user_alloc                         0x08004fc3   Thumb Code     2  init_alloc.o(.text)
    __Heap_Full                              0x08004fc5   Thumb Code    34  init_alloc.o(.text)
    __Heap_Broken                            0x08004fe7   Thumb Code     6  init_alloc.o(.text)
    _init_alloc                              0x08004fed   Thumb Code    94  init_alloc.o(.text)
    malloc                                   0x0800504b   Thumb Code    94  h1_alloc.o(.text)
    _btod_etento                             0x080050a9   Thumb Code   222  bigflt0.o(.text)
    _fseek                                   0x0800518d   Thumb Code   244  fseek.o(.text)
    fseek                                    0x0800518d   Thumb Code     0  fseek.o(.text)
    _seterr                                  0x08005285   Thumb Code    20  stdio.o(.text)
    _writebuf                                0x08005299   Thumb Code    84  stdio.o(.text)
    _fflush                                  0x080052ed   Thumb Code    70  stdio.o(.text)
    _deferredlazyseek                        0x08005333   Thumb Code    60  stdio.o(.text)
    __sig_exit                               0x08005375   Thumb Code    10  defsig_exit.o(.text)
    __rt_SIGRTRED_inner                      0x08005381   Thumb Code    14  defsig_rtred_inner.o(.text)
    strlen                                   0x080053b5   Thumb Code    62  strlen.o(.text)
    _sys_exit                                0x080053f5   Thumb Code     8  sys_exit.o(.text)
    __rt_fp_status_addr                      0x08005401   Thumb Code     8  rt_fp_status_addr_intlibspace.o(.text)
    __Heap_Initialize                        0x08005409   Thumb Code    10  h1_init.o(.text)
    __Heap_DescSize                          0x08005413   Thumb Code     4  h1_init.o(.text)
    __Heap_ProvideMemory                     0x08005417   Thumb Code    52  h1_extend.o(.text)
    _scanf_really_hex_real                   0x0800544d   Thumb Code   782  scanf_hexfp.o(.text)
    _scanf_really_infnan                     0x08005769   Thumb Code   298  scanf_infnan.o(.text)
    _ftell_internal                          0x080058a5   Thumb Code    70  ftell.o(.text)
    ftell                                    0x080058a5   Thumb Code     0  ftell.o(.text)
    __default_signal_display                 0x080058eb   Thumb Code    50  defsig_general.o(.text)
    __rt_SIGRTMEM                            0x0800591d   Thumb Code    14  defsig_rtmem_outer.o(.text)
    _ttywrch                                 0x0800592b   Thumb Code    14  sys_wrch.o(.text)
    __aeabi_llsl                             0x08005939   Thumb Code     0  llshl.o(.text)
    _ll_shift_l                              0x08005939   Thumb Code    38  llshl.o(.text)
    __rt_SIGRTMEM_inner                      0x08005961   Thumb Code    22  defsig_rtmem_inner.o(.text)
    __btod_div_common                        0x080059b1   Thumb Code   696  btod.o(CL$$btod_div_common)
    _e2d                                     0x08005ce9   Thumb Code    80  btod.o(CL$$btod_e2d)
    _e2e                                     0x08005d3d   Thumb Code   198  btod.o(CL$$btod_e2e)
    _btod_ediv                               0x08005e03   Thumb Code    40  btod.o(CL$$btod_ediv)
    _btod_edivd                              0x08005e2b   Thumb Code    40  btod.o(CL$$btod_edivd)
    _btod_emul                               0x08005e53   Thumb Code    40  btod.o(CL$$btod_emul)
    _btod_emuld                              0x08005e7b   Thumb Code    40  btod.o(CL$$btod_emuld)
    __btod_mult_common                       0x08005ea3   Thumb Code   580  btod.o(CL$$btod_mult_common)
    __ARM_fpclassify                         0x080060e7   Thumb Code    40  fpclassify.o(i.__ARM_fpclassify)
    __kernel_poly                            0x0800610f   Thumb Code   170  poly.o(i.__kernel_poly)
    __mathlib_dbl_underflow                  0x080061b9   Thumb Code    10  dunder.o(i.__mathlib_dbl_underflow)
    __mathlib_narrow                         0x080061c9   Thumb Code    16  narrow.o(i.__mathlib_narrow)
    __mathlib_tofloat                        0x080061d9   Thumb Code   132  narrow.o(i.__mathlib_tofloat)
    __support_ldexp                          0x08006261   Thumb Code    22  ldexp.o(i.__support_ldexp)
    _is_digit                                0x08006277   Thumb Code    14  __printf_wp.o(i._is_digit)
    ceil                                     0x08006285   Thumb Code   204  ceil.o(i.ceil)
    floor                                    0x08006361   Thumb Code   204  floor.o(i.floor)
    frexp                                    0x0800643d   Thumb Code    80  frexp.o(i.frexp)
    ldexp                                    0x08006495   Thumb Code   126  ldexp.o(i.ldexp)
    pow                                      0x08006515   Thumb Code  2522  pow.o(i.pow)
    sqrt                                     0x08006f01   Thumb Code    76  sqrt.o(i.sqrt)
    strtod                                   0x08006f4d   Thumb Code    28  strtod.o(i.strtod)
    _get_lc_ctype                            0x08006f69   Thumb Code    44  lc_ctype_c.o(locale$$code)
    _get_lc_numeric                          0x08006f95   Thumb Code    44  lc_numeric_c.o(locale$$code)
    __aeabi_d2f                              0x08006fc1   Thumb Code     0  d2f.o(x$fpl$d2f)
    _d2f                                     0x08006fc1   Thumb Code    98  d2f.o(x$fpl$d2f)
    __aeabi_dadd                             0x08007025   Thumb Code     0  daddsub_clz.o(x$fpl$dadd)
    _dadd                                    0x08007025   Thumb Code   332  daddsub_clz.o(x$fpl$dadd)
    __fpl_dcheck_NaN1                        0x08007175   Thumb Code    10  dcheck1.o(x$fpl$dcheck1)
    __fpl_dcmp_Inf                           0x08007185   Thumb Code    24  dcmpi.o(x$fpl$dcmpinf)
    __aeabi_ddiv                             0x0800719d   Thumb Code     0  ddiv.o(x$fpl$ddiv)
    _ddiv                                    0x0800719d   Thumb Code   552  ddiv.o(x$fpl$ddiv)
    __aeabi_cdcmpeq                          0x0800744d   Thumb Code     0  deqf.o(x$fpl$deqf)
    _dcmpeq                                  0x0800744d   Thumb Code   120  deqf.o(x$fpl$deqf)
    __aeabi_d2iz                             0x080074c5   Thumb Code     0  dfix.o(x$fpl$dfix)
    _dfix                                    0x080074c5   Thumb Code    94  dfix.o(x$fpl$dfix)
    __aeabi_d2uiz                            0x08007525   Thumb Code     0  dfixu.o(x$fpl$dfixu)
    _dfixu                                   0x08007525   Thumb Code    90  dfixu.o(x$fpl$dfixu)
    __aeabi_i2d                              0x0800757f   Thumb Code     0  dflt_clz.o(x$fpl$dflt)
    _dflt                                    0x0800757f   Thumb Code    46  dflt_clz.o(x$fpl$dflt)
    __aeabi_cdcmple                          0x080075ad   Thumb Code     0  dleqf.o(x$fpl$dleqf)
    _dcmple                                  0x080075ad   Thumb Code   120  dleqf.o(x$fpl$dleqf)
    __fpl_dcmple_InfNaN                      0x0800760f   Thumb Code     0  dleqf.o(x$fpl$dleqf)
    __aeabi_dmul                             0x08007625   Thumb Code     0  dmul.o(x$fpl$dmul)
    _dmul                                    0x08007625   Thumb Code   332  dmul.o(x$fpl$dmul)
    __fpl_dnaninf                            0x08007779   Thumb Code   156  dnaninf.o(x$fpl$dnaninf)
    __fpl_dretinf                            0x08007815   Thumb Code    12  dretinf.o(x$fpl$dretinf)
    __aeabi_cdrcmple                         0x08007821   Thumb Code     0  drleqf.o(x$fpl$drleqf)
    _drcmple                                 0x08007821   Thumb Code   108  drleqf.o(x$fpl$drleqf)
    __aeabi_drsub                            0x0800788d   Thumb Code     0  daddsub_clz.o(x$fpl$drsb)
    _drsb                                    0x0800788d   Thumb Code    22  daddsub_clz.o(x$fpl$drsb)
    _dsqrt                                   0x080078a5   Thumb Code   456  dsqrt_noumaal.o(x$fpl$dsqrt)
    __aeabi_dsub                             0x08007a71   Thumb Code     0  daddsub_clz.o(x$fpl$dsub)
    _dsub                                    0x08007a71   Thumb Code   464  daddsub_clz.o(x$fpl$dsub)
    __aeabi_f2d                              0x08007c45   Thumb Code     0  f2d.o(x$fpl$f2d)
    _f2d                                     0x08007c45   Thumb Code    86  f2d.o(x$fpl$f2d)
    __aeabi_fadd                             0x08007c9d   Thumb Code     0  faddsub_clz.o(x$fpl$fadd)
    _fadd                                    0x08007c9d   Thumb Code   196  faddsub_clz.o(x$fpl$fadd)
    __fpl_fcmp_Inf                           0x08007d61   Thumb Code    24  fcmpi.o(x$fpl$fcmpinf)
    __aeabi_fdiv                             0x08007d79   Thumb Code     0  fdiv.o(x$fpl$fdiv)
    _fdiv                                    0x08007d79   Thumb Code   384  fdiv.o(x$fpl$fdiv)
    __aeabi_cfcmpeq                          0x08007efd   Thumb Code     0  feqf.o(x$fpl$feqf)
    _fcmpeq                                  0x08007efd   Thumb Code   104  feqf.o(x$fpl$feqf)
    __aeabi_f2iz                             0x08007f65   Thumb Code     0  ffix.o(x$fpl$ffix)
    _ffix                                    0x08007f65   Thumb Code    54  ffix.o(x$fpl$ffix)
    __aeabi_f2uiz                            0x08007f9d   Thumb Code     0  ffixu.o(x$fpl$ffixu)
    _ffixu                                   0x08007f9d   Thumb Code    62  ffixu.o(x$fpl$ffixu)
    __aeabi_i2f                              0x08007fdd   Thumb Code     0  fflt_clz.o(x$fpl$fflt)
    _fflt                                    0x08007fdd   Thumb Code    48  fflt_clz.o(x$fpl$fflt)
    __aeabi_ui2f                             0x0800800d   Thumb Code     0  fflt_clz.o(x$fpl$ffltu)
    _ffltu                                   0x0800800d   Thumb Code    38  fflt_clz.o(x$fpl$ffltu)
    __aeabi_cfcmple                          0x08008035   Thumb Code     0  fleqf.o(x$fpl$fleqf)
    _fcmple                                  0x08008035   Thumb Code   104  fleqf.o(x$fpl$fleqf)
    __fpl_fcmple_InfNaN                      0x08008087   Thumb Code     0  fleqf.o(x$fpl$fleqf)
    __aeabi_fmul                             0x0800809d   Thumb Code     0  fmul.o(x$fpl$fmul)
    _fmul                                    0x0800809d   Thumb Code   258  fmul.o(x$fpl$fmul)
    __fpl_fnaninf                            0x0800819f   Thumb Code   140  fnaninf.o(x$fpl$fnaninf)
    _fp_init                                 0x0800822b   Thumb Code    14  fpinit.o(x$fpl$fpinit)
    __fplib_config_pureend_doubles           0x08008237   Thumb Code     0  fpinit.o(x$fpl$fpinit)
    __fpl_fretinf                            0x08008239   Thumb Code    10  fretinf.o(x$fpl$fretinf)
    __aeabi_cfrcmple                         0x08008243   Thumb Code     0  frleqf.o(x$fpl$frleqf)
    _frcmple                                 0x08008243   Thumb Code    98  frleqf.o(x$fpl$frleqf)
    __aeabi_fsub                             0x080082a5   Thumb Code     0  faddsub_clz.o(x$fpl$fsub)
    _fsub                                    0x080082a5   Thumb Code   234  faddsub_clz.o(x$fpl$fsub)
    __fpl_return_NaN                         0x0800838f   Thumb Code   100  retnan.o(x$fpl$retnan)
    __ARM_scalbn                             0x080083f3   Thumb Code    92  scalbn.o(x$fpl$scalbn)
    _scanf_real                              0x0800844f   Thumb Code     4  scanf1.o(x$fpl$scanf1)
    _scanf_hex_real                          0x08008453   Thumb Code     4  scanf2.o(x$fpl$scanf2)
    _scanf_infnan                            0x08008457   Thumb Code     4  scanf2.o(x$fpl$scanf2)
    __fpl_cmpreturn                          0x0800845b   Thumb Code    48  trapv.o(x$fpl$trapveneer)
    __I$use$fp                               0x0800848b   Thumb Code     0  usenofp.o(x$fpl$usenofp)
    axis_codes                               0x0800848c   Data           4  marlin_main.o(.constdata)
    __mathlib_zero                           0x080085c0   Data           8  qnan.o(.constdata)
    __stdin_name                             0x080085c8   Data           4  sys_io.o(.constdata)
    __stdout_name                            0x080085cc   Data           4  sys_io.o(.constdata)
    __stderr_name                            0x080085d0   Data           4  sys_io.o(.constdata)
    Region$$Table$$Base                      0x08008668   Number         0  anon$$obj.o(Region$$Table)
    Region$$Table$$Limit                     0x08008688   Number         0  anon$$obj.o(Region$$Table)
    __aeabi_HUGE_VAL                         0x08008688   Data           0  fpconst.o(c$$dinf)
    __aeabi_HUGE_VALL                        0x08008688   Data           0  fpconst.o(c$$dinf)
    __aeabi_INFINITY                         0x08008688   Data           0  fpconst.o(c$$dinf)
    __dInf                                   0x08008688   Data           0  fpconst.o(c$$dinf)
    __huge_val                               0x08008688   Data           0  fpconst.o(c$$dinf)
    __ctype                                  0x0800869d   Data           0  lc_ctype_c.o(locale$$data)
    Stopped                                  0x20000010   Data           1  marlin_main.o(.data)
    extrudemultiply                          0x20000018   Data           4  marlin_main.o(.data)
    feedmultiply                             0x2000001c   Data           4  marlin_main.o(.data)
    max_pos                                  0x20000020   Data          12  marlin_main.o(.data)
    fanSpeed                                 0x2000002c   Data           4  marlin_main.o(.data)
    active_extruder                          0x20000030   Data           1  marlin_main.o(.data)
    axis_relative_modes                      0x20000038   Data           4  marlin_main.o(.data)
    axis_known_position                      0x2000003e   Data           3  marlin_main.o(.data)
    saved_feedmultiply                       0x20000054   Data           4  marlin_main.o(.data)
    SystemCoreClock                          0x20000060   Data           4  system_stm32f10x.o(.data)
    AHBPrescTable                            0x20000064   Data          16  system_stm32f10x.o(.data)
    Kp                                       0x2000007c   Data           4  temperature.o(.data)
    Ki                                       0x20000080   Data           4  temperature.o(.data)
    Kd                                       0x20000084   Data           4  temperature.o(.data)
    current_temperature                      0x20000088   Data           4  temperature.o(.data)
    extrude_min_temp                         0x20000094   Data           4  planner.o(.data)
    acceleration                             0x2000009c   Data           4  planner.o(.data)
    retract_acceleration                     0x200000a0   Data           4  planner.o(.data)
    minimumfeedrate                          0x200000a4   Data           4  planner.o(.data)
    minsegmenttime                           0x200000a8   Data           4  planner.o(.data)
    mintravelfeedrate                        0x200000ac   Data           4  planner.o(.data)
    max_xy_jerk                              0x200000b0   Data           4  planner.o(.data)
    max_z_jerk                               0x200000b4   Data           4  planner.o(.data)
    max_e_jerk                               0x200000b8   Data           4  planner.o(.data)
    block_buffer_head                        0x200000bc   Data           1  planner.o(.data)
    block_buffer_tail                        0x200000bd   Data           1  planner.o(.data)
    USART1_DATA_OK                           0x200000c8   Data           1  usart.o(.data)
    i                                        0x200000c9   Data           1  usart.o(.data)
    comment_mode                             0x200000ca   Data           1  usart.o(.data)
    tim_millis                               0x200000cc   Data           4  tim.o(.data)
    __aeabi_stdin                            0x200000e4   Data           4  stdio_streams.o(.data)
    __aeabi_stdout                           0x200000e8   Data           4  stdio_streams.o(.data)
    __aeabi_stderr                           0x200000ec   Data           4  stdio_streams.o(.data)
    current_position                         0x200000f0   Data          16  marlin_main.o(.bss)
    add_homeing                              0x20000100   Data          12  marlin_main.o(.bss)
    min_pos                                  0x2000010c   Data          12  marlin_main.o(.bss)
    axis_steps_per_unit                      0x200002b4   Data          16  planner.o(.bss)
    max_feedrate                             0x200002c4   Data          16  planner.o(.bss)
    max_acceleration_units_per_sq_second     0x200002d4   Data          16  planner.o(.bss)
    axis_steps_per_sqr_second                0x200002e4   Data          16  planner.o(.bss)
    block_buffer                             0x200002f4   Data        1344  planner.o(.bss)
    position                                 0x20000834   Data          16  planner.o(.bss)
    USART1_Cache                             0x20000854   Data          96  usart.o(.bss)
    __stdin                                  0x200008b4   Data          80  stdio_streams.o(.bss)
    __stdout                                 0x20000904   Data          80  stdio_streams.o(.bss)
    __stderr                                 0x20000954   Data          80  stdio_streams.o(.bss)
    __libspace_start                         0x200009a4   Data          96  libspace.o(.bss)
    __temporary_stack_top$libspace           0x20000a04   Data           0  libspace.o(.bss)



==============================================================================

Memory Map of the image

  Image Entry point : 0x080000ed

  Load Region LR_IROM1 (Base: 0x08000000, Size: 0x000088ac, Max: 0x00010000, ABSOLUTE)

    Execution Region ER_IROM1 (Base: 0x08000000, Size: 0x000087bc, Max: 0x00010000, ABSOLUTE)

    Base Addr    Size         Type   Attr      Idx    E Section Name        Object

    0x08000000   0x000000ec   Data   RO          621    RESET               startup_stm32f10x_md.o
    0x080000ec   0x00000008   Code   RO          666  * !!!main             c_w.l(__main.o)
    0x080000f4   0x00000034   Code   RO         1212    !!!scatter          c_w.l(__scatter.o)
    0x08000128   0x0000001a   Code   RO         1214    !!handler_copy      c_w.l(__scatter_copy.o)
    0x08000142   0x00000002   PAD
    0x08000144   0x0000001c   Code   RO         1216    !!handler_zi        c_w.l(__scatter_zi.o)
    0x08000160   0x00000000   Code   RO          657    .ARM.Collect$$_printf_percent$$00000000  c_w.l(_printf_percent.o)
    0x08000160   0x00000006   Code   RO          656    .ARM.Collect$$_printf_percent$$00000009  c_w.l(_printf_d.o)
    0x08000166   0x00000004   Code   RO          772    .ARM.Collect$$_printf_percent$$00000017  c_w.l(_printf_percent_end.o)
    0x0800016a   0x00000006   Code   RO          957    .ARM.Collect$$libinit$$00000000  c_w.l(libinit.o)
    0x08000170   0x00000008   Code   RO          958    .ARM.Collect$$libinit$$00000001  c_w.l(libinit2.o)
    0x08000178   0x00000000   Code   RO          960    .ARM.Collect$$libinit$$00000006  c_w.l(libinit2.o)
    0x08000178   0x00000000   Code   RO          962    .ARM.Collect$$libinit$$00000008  c_w.l(libinit2.o)
    0x08000178   0x00000000   Code   RO          964    .ARM.Collect$$libinit$$0000000A  c_w.l(libinit2.o)
    0x08000178   0x00000006   Code   RO          965    .ARM.Collect$$libinit$$0000000B  c_w.l(libinit2.o)
    0x0800017e   0x00000000   Code   RO          967    .ARM.Collect$$libinit$$0000000D  c_w.l(libinit2.o)
    0x0800017e   0x0000000c   Code   RO          968    .ARM.Collect$$libinit$$0000000E  c_w.l(libinit2.o)
    0x0800018a   0x00000000   Code   RO          969    .ARM.Collect$$libinit$$0000000F  c_w.l(libinit2.o)
    0x0800018a   0x00000000   Code   RO          971    .ARM.Collect$$libinit$$00000011  c_w.l(libinit2.o)
    0x0800018a   0x0000000a   Code   RO          972    .ARM.Collect$$libinit$$00000012  c_w.l(libinit2.o)
    0x08000194   0x00000000   Code   RO          973    .ARM.Collect$$libinit$$00000013  c_w.l(libinit2.o)
    0x08000194   0x00000000   Code   RO          975    .ARM.Collect$$libinit$$00000015  c_w.l(libinit2.o)
    0x08000194   0x00000000   Code   RO          977    .ARM.Collect$$libinit$$00000017  c_w.l(libinit2.o)
    0x08000194   0x00000000   Code   RO          979    .ARM.Collect$$libinit$$00000019  c_w.l(libinit2.o)
    0x08000194   0x00000000   Code   RO          981    .ARM.Collect$$libinit$$0000001B  c_w.l(libinit2.o)
    0x08000194   0x00000000   Code   RO          983    .ARM.Collect$$libinit$$0000001D  c_w.l(libinit2.o)
    0x08000194   0x00000000   Code   RO          985    .ARM.Collect$$libinit$$0000001F  c_w.l(libinit2.o)
    0x08000194   0x00000004   Code   RO          986    .ARM.Collect$$libinit$$00000020  c_w.l(libinit2.o)
    0x08000198   0x00000000   Code   RO          987    .ARM.Collect$$libinit$$00000021  c_w.l(libinit2.o)
    0x08000198   0x00000000   Code   RO          991    .ARM.Collect$$libinit$$00000028  c_w.l(libinit2.o)
    0x08000198   0x00000000   Code   RO          993    .ARM.Collect$$libinit$$0000002A  c_w.l(libinit2.o)
    0x08000198   0x00000000   Code   RO          995    .ARM.Collect$$libinit$$0000002C  c_w.l(libinit2.o)
    0x08000198   0x00000000   Code   RO          997    .ARM.Collect$$libinit$$0000002E  c_w.l(libinit2.o)
    0x08000198   0x00000002   Code   RO          998    .ARM.Collect$$libinit$$0000002F  c_w.l(libinit2.o)
    0x0800019a   0x00000002   Code   RO         1179    .ARM.Collect$$libshutdown$$00000000  c_w.l(libshutdown.o)
    0x0800019c   0x00000004   Code   RO         1000    .ARM.Collect$$libshutdown$$00000002  c_w.l(libshutdown2.o)
    0x080001a0   0x00000000   Code   RO         1001    .ARM.Collect$$libshutdown$$00000003  c_w.l(libshutdown2.o)
    0x080001a0   0x00000000   Code   RO         1004    .ARM.Collect$$libshutdown$$00000006  c_w.l(libshutdown2.o)
    0x080001a0   0x00000000   Code   RO         1007    .ARM.Collect$$libshutdown$$00000009  c_w.l(libshutdown2.o)
    0x080001a0   0x00000000   Code   RO         1009    .ARM.Collect$$libshutdown$$0000000B  c_w.l(libshutdown2.o)
    0x080001a0   0x00000000   Code   RO         1012    .ARM.Collect$$libshutdown$$0000000E  c_w.l(libshutdown2.o)
    0x080001a0   0x00000002   Code   RO         1013    .ARM.Collect$$libshutdown$$0000000F  c_w.l(libshutdown2.o)
    0x080001a2   0x00000000   Code   RO          758    .ARM.Collect$$rtentry$$00000000  c_w.l(rtentry.o)
    0x080001a2   0x00000000   Code   RO          817    .ARM.Collect$$rtentry$$00000002  c_w.l(rtentry2.o)
    0x080001a2   0x00000006   Code   RO          829    .ARM.Collect$$rtentry$$00000004  c_w.l(rtentry4.o)
    0x080001a8   0x00000000   Code   RO          819    .ARM.Collect$$rtentry$$00000009  c_w.l(rtentry2.o)
    0x080001a8   0x00000004   Code   RO          820    .ARM.Collect$$rtentry$$0000000A  c_w.l(rtentry2.o)
    0x080001ac   0x00000000   Code   RO          822    .ARM.Collect$$rtentry$$0000000C  c_w.l(rtentry2.o)
    0x080001ac   0x00000008   Code   RO          823    .ARM.Collect$$rtentry$$0000000D  c_w.l(rtentry2.o)
    0x080001b4   0x00000002   Code   RO         1019    .ARM.Collect$$rtexit$$00000000  c_w.l(rtexit.o)
    0x080001b6   0x00000000   Code   RO         1113    .ARM.Collect$$rtexit$$00000002  c_w.l(rtexit2.o)
    0x080001b6   0x00000004   Code   RO         1114    .ARM.Collect$$rtexit$$00000003  c_w.l(rtexit2.o)
    0x080001ba   0x00000006   Code   RO         1115    .ARM.Collect$$rtexit$$00000004  c_w.l(rtexit2.o)
    0x080001c0   0x00000000   Code   RO         1124    .emb_text           c_w.l(maybetermalloc1.o)
    0x080001c0   0x00000974   Code   RO            1    .text               marlin_main.o
    0x08000b34   0x000001c8   Code   RO          161    .text               system_stm32f10x.o
    0x08000cfc   0x000000bc   Code   RO          179    .text               temperature.o
    0x08000db8   0x00001078   Code   RO          202    .text               planner.o
    0x08001e30   0x00000044   Code   RO          221    .text               stepper.o
    0x08001e74   0x000001a0   Code   RO          254    .text               configurationstore.o
    0x08002014   0x000000fc   Code   RO          270    .text               usart.o
    0x08002110   0x00000078   Code   RO          289    .text               tim.o
    0x08002188   0x000000a8   Code   RO          307    .text               bsp.o
    0x08002230   0x000000dc   Code   RO          330    .text               misc.o
    0x0800230c   0x000005b8   Code   RO          450    .text               stm32f10x_flash.o
    0x080028c4   0x00000358   Code   RO          474    .text               stm32f10x_gpio.o
    0x08002c1c   0x000003a0   Code   RO          522    .text               stm32f10x_rcc.o
    0x08002fbc   0x00000dae   Code   RO          572    .text               stm32f10x_tim.o
    0x08003d6a   0x00000002   PAD
    0x08003d6c   0x0000040c   Code   RO          584    .text               stm32f10x_usart.o
    0x08004178   0x00000040   Code   RO          622    .text               startup_stm32f10x_md.o
    0x080041b8   0x00000018   Code   RO          630    .text               c_w.l(noretval__2printf.o)
    0x080041d0   0x0000006a   Code   RO          632    .text               c_w.l(__printf.o)
    0x0800423a   0x00000002   PAD
    0x0800423c   0x00000078   Code   RO          634    .text               c_w.l(_printf_dec.o)
    0x080042b4   0x00000070   Code   RO          658    .text               c_w.l(strtol.o)
    0x08004324   0x00000014   Code   RO          660    .text               c_w.l(strchr.o)
    0x08004338   0x00000024   Code   RO          662    .text               c_w.l(strstr.o)
    0x0800435c   0x00000006   Code   RO          664    .text               c_w.l(heapauxi.o)
    0x08004362   0x00000002   PAD
    0x08004364   0x00000010   Code   RO          759    .text               c_w.l(rt_ctype_table.o)
    0x08004374   0x00000008   Code   RO          764    .text               c_w.l(rt_errno_addr_intlibspace.o)
    0x0800437c   0x00000016   Code   RO          766    .text               c_w.l(_rserrno.o)
    0x08004392   0x000000b8   Code   RO          768    .text               c_w.l(_printf_intcommon.o)
    0x0800444a   0x00000002   PAD
    0x0800444c   0x00000024   Code   RO          770    .text               c_w.l(_printf_char_file.o)
    0x08004470   0x0000009e   Code   RO          773    .text               c_w.l(_strtoul.o)
    0x0800450e   0x00000002   PAD
    0x08004510   0x000000a0   Code   RO          775    .text               c_w.l(strtod.o)
    0x080045b0   0x00000008   Code   RO          813    .text               c_w.l(libspace.o)
    0x080045b8   0x00000008   Code   RO          834    .text               c_w.l(rt_locale_intlibspace.o)
    0x080045c0   0x00000012   Code   RO          836    .text               c_w.l(isspace.o)
    0x080045d2   0x00000002   PAD
    0x080045d4   0x00000030   Code   RO          838    .text               c_w.l(_printf_char_common.o)
    0x08004604   0x0000001c   Code   RO          840    .text               c_w.l(_chval.o)
    0x08004620   0x00000040   Code   RO          842    .text               c_w.l(_sgetc.o)
    0x08004660   0x00000008   Code   RO          844    .text               c_w.l(ferror.o)
    0x08004668   0x00000138   Code   RO          846    .text               c_w.l(initio.o)
    0x080047a0   0x00000066   Code   RO          862    .text               c_w.l(sys_io.o)
    0x08004806   0x0000004a   Code   RO          869    .text               c_w.l(sys_stackheap_outer.o)
    0x08004850   0x0000004e   Code   RO          873    .text               c_w.l(h1_free.o)
    0x0800489e   0x00000002   PAD
    0x080048a0   0x000004a8   Code   RO          929    .text               c_w.l(scanf_fp.o)
    0x08004d48   0x00000046   Code   RO          931    .text               c_w.l(setvbuf.o)
    0x08004d8e   0x00000002   PAD
    0x08004d90   0x000000ec   Code   RO          934    .text               c_w.l(fopen.o)
    0x08004e7c   0x0000004c   Code   RO          936    .text               c_w.l(fclose.o)
    0x08004ec8   0x0000000c   Code   RO          942    .text               c_w.l(exit.o)
    0x08004ed4   0x0000000e   Code   RO          944    .text               c_w.l(defsig_rtred_outer.o)
    0x08004ee2   0x0000004e   Code   RO          948    .text               c_w.l(rt_memclr_w.o)
    0x08004f30   0x00000080   Code   RO          950    .text               c_w.l(strcmpv7m.o)
    0x08004fb0   0x00000002   Code   RO         1016    .text               c_w.l(use_no_semi.o)
    0x08004fb2   0x00000000   Code   RO         1018    .text               c_w.l(indicate_semi.o)
    0x08004fb2   0x00000002   PAD
    0x08004fb4   0x00000008   Code   RO         1026    .text               c_w.l(rt_heap_descriptor_intlibspace.o)
    0x08004fbc   0x00000004   Code   RO         1028    .text               c_w.l(hguard.o)
    0x08004fc0   0x0000008a   Code   RO         1030    .text               c_w.l(init_alloc.o)
    0x0800504a   0x0000005e   Code   RO         1036    .text               c_w.l(h1_alloc.o)
    0x080050a8   0x000000e4   Code   RO         1050    .text               c_w.l(bigflt0.o)
    0x0800518c   0x000000f8   Code   RO         1075    .text               c_w.l(fseek.o)
    0x08005284   0x000000f0   Code   RO         1077    .text               c_w.l(stdio.o)
    0x08005374   0x0000000a   Code   RO         1079    .text               c_w.l(defsig_exit.o)
    0x0800537e   0x00000002   PAD
    0x08005380   0x00000034   Code   RO         1081    .text               c_w.l(defsig_rtred_inner.o)
    0x080053b4   0x0000003e   Code   RO         1083    .text               c_w.l(strlen.o)
    0x080053f2   0x00000002   PAD
    0x080053f4   0x0000000c   Code   RO         1110    .text               c_w.l(sys_exit.o)
    0x08005400   0x00000008   Code   RO         1122    .text               c_w.l(rt_fp_status_addr_intlibspace.o)
    0x08005408   0x0000000e   Code   RO         1126    .text               c_w.l(h1_init.o)
    0x08005416   0x00000034   Code   RO         1128    .text               c_w.l(h1_extend.o)
    0x0800544a   0x00000002   PAD
    0x0800544c   0x0000031c   Code   RO         1134    .text               c_w.l(scanf_hexfp.o)
    0x08005768   0x0000013c   Code   RO         1136    .text               c_w.l(scanf_infnan.o)
    0x080058a4   0x00000046   Code   RO         1138    .text               c_w.l(ftell.o)
    0x080058ea   0x00000032   Code   RO         1142    .text               c_w.l(defsig_general.o)
    0x0800591c   0x0000000e   Code   RO         1144    .text               c_w.l(defsig_rtmem_outer.o)
    0x0800592a   0x0000000e   Code   RO         1163    .text               c_w.l(sys_wrch.o)
    0x08005938   0x00000026   Code   RO         1171    .text               c_w.l(llshl.o)
    0x0800595e   0x00000002   PAD
    0x08005960   0x00000050   Code   RO         1173    .text               c_w.l(defsig_rtmem_inner.o)
    0x080059b0   0x00000338   Code   RO         1063    CL$$btod_div_common  c_w.l(btod.o)
    0x08005ce8   0x00000054   Code   RO         1061    CL$$btod_e2d        c_w.l(btod.o)
    0x08005d3c   0x000000c6   Code   RO         1060    CL$$btod_e2e        c_w.l(btod.o)
    0x08005e02   0x00000028   Code   RO         1057    CL$$btod_ediv       c_w.l(btod.o)
    0x08005e2a   0x00000028   Code   RO         1059    CL$$btod_edivd      c_w.l(btod.o)
    0x08005e52   0x00000028   Code   RO         1056    CL$$btod_emul       c_w.l(btod.o)
    0x08005e7a   0x00000028   Code   RO         1058    CL$$btod_emuld      c_w.l(btod.o)
    0x08005ea2   0x00000244   Code   RO         1062    CL$$btod_mult_common  c_w.l(btod.o)
    0x080060e6   0x00000028   Code   RO          808    i.__ARM_fpclassify  m_ws.l(fpclassify.o)
    0x0800610e   0x000000aa   Code   RO          810    i.__kernel_poly     m_ws.l(poly.o)
    0x080061b8   0x00000010   Code   RO          806    i.__mathlib_dbl_underflow  m_ws.l(dunder.o)
    0x080061c8   0x00000010   Code   RO         1104    i.__mathlib_narrow  m_ws.l(narrow.o)
    0x080061d8   0x00000088   Code   RO         1105    i.__mathlib_tofloat  m_ws.l(narrow.o)
    0x08006260   0x00000016   Code   RO         1181    i.__support_ldexp   m_ws.l(ldexp.o)
    0x08006276   0x0000000e   Code   RO          646    i._is_digit         c_w.l(__printf_wp.o)
    0x08006284   0x000000dc   Code   RO          729    i.ceil              m_ws.l(ceil.o)
    0x08006360   0x000000dc   Code   RO          733    i.floor             m_ws.l(floor.o)
    0x0800643c   0x00000058   Code   RO         1160    i.frexp             m_ws.l(frexp.o)
    0x08006494   0x0000007e   Code   RO         1182    i.ldexp             m_ws.l(ldexp.o)
    0x08006512   0x00000002   PAD
    0x08006514   0x000009ec   Code   RO          737    i.pow               m_ws.l(pow.o)
    0x08006f00   0x0000004c   Code   RO          747    i.sqrt              m_ws.l(sqrt.o)
    0x08006f4c   0x0000001c   Code   RO          755    i.strtod            m_ws.l(strtod.o)
    0x08006f68   0x0000002c   Code   RO          853    locale$$code        c_w.l(lc_ctype_c.o)
    0x08006f94   0x0000002c   Code   RO          856    locale$$code        c_w.l(lc_numeric_c.o)
    0x08006fc0   0x00000062   Code   RO          668    x$fpl$d2f           fz_ws.l(d2f.o)
    0x08007022   0x00000002   PAD
    0x08007024   0x00000150   Code   RO          670    x$fpl$dadd          fz_ws.l(daddsub_clz.o)
    0x08007174   0x00000010   Code   RO          858    x$fpl$dcheck1       fz_ws.l(dcheck1.o)
    0x08007184   0x00000018   Code   RO          783    x$fpl$dcmpinf       fz_ws.l(dcmpi.o)
    0x0800719c   0x000002b0   Code   RO          677    x$fpl$ddiv          fz_ws.l(ddiv.o)
    0x0800744c   0x00000078   Code   RO         1157    x$fpl$deqf          fz_ws.l(deqf.o)
    0x080074c4   0x0000005e   Code   RO          680    x$fpl$dfix          fz_ws.l(dfix.o)
    0x08007522   0x00000002   PAD
    0x08007524   0x0000005a   Code   RO          684    x$fpl$dfixu         fz_ws.l(dfixu.o)
    0x0800757e   0x0000002e   Code   RO          786    x$fpl$dflt          fz_ws.l(dflt_clz.o)
    0x080075ac   0x00000078   Code   RO          688    x$fpl$dleqf         fz_ws.l(dleqf.o)
    0x08007624   0x00000154   Code   RO          690    x$fpl$dmul          fz_ws.l(dmul.o)
    0x08007778   0x0000009c   Code   RO          791    x$fpl$dnaninf       fz_ws.l(dnaninf.o)
    0x08007814   0x0000000c   Code   RO          793    x$fpl$dretinf       fz_ws.l(dretinf.o)
    0x08007820   0x0000006c   Code   RO          692    x$fpl$drleqf        fz_ws.l(drleqf.o)
    0x0800788c   0x00000016   Code   RO          671    x$fpl$drsb          fz_ws.l(daddsub_clz.o)
    0x080078a2   0x00000002   PAD
    0x080078a4   0x000001cc   Code   RO          795    x$fpl$dsqrt         fz_ws.l(dsqrt_noumaal.o)
    0x08007a70   0x000001d4   Code   RO          672    x$fpl$dsub          fz_ws.l(daddsub_clz.o)
    0x08007c44   0x00000056   Code   RO          694    x$fpl$f2d           fz_ws.l(f2d.o)
    0x08007c9a   0x00000002   PAD
    0x08007c9c   0x000000c4   Code   RO          696    x$fpl$fadd          fz_ws.l(faddsub_clz.o)
    0x08007d60   0x00000018   Code   RO          797    x$fpl$fcmpinf       fz_ws.l(fcmpi.o)
    0x08007d78   0x00000184   Code   RO          703    x$fpl$fdiv          fz_ws.l(fdiv.o)
    0x08007efc   0x00000068   Code   RO          706    x$fpl$feqf          fz_ws.l(feqf.o)
    0x08007f64   0x00000036   Code   RO          708    x$fpl$ffix          fz_ws.l(ffix.o)
    0x08007f9a   0x00000002   PAD
    0x08007f9c   0x0000003e   Code   RO          712    x$fpl$ffixu         fz_ws.l(ffixu.o)
    0x08007fda   0x00000002   PAD
    0x08007fdc   0x00000030   Code   RO          717    x$fpl$fflt          fz_ws.l(fflt_clz.o)
    0x0800800c   0x00000026   Code   RO          716    x$fpl$ffltu         fz_ws.l(fflt_clz.o)
    0x08008032   0x00000002   PAD
    0x08008034   0x00000068   Code   RO          722    x$fpl$fleqf         fz_ws.l(fleqf.o)
    0x0800809c   0x00000102   Code   RO          724    x$fpl$fmul          fz_ws.l(fmul.o)
    0x0800819e   0x0000008c   Code   RO          799    x$fpl$fnaninf       fz_ws.l(fnaninf.o)
    0x0800822a   0x0000000e   Code   RO         1092    x$fpl$fpinit        fz_ws.l(fpinit.o)
    0x08008238   0x0000000a   Code   RO          801    x$fpl$fretinf       fz_ws.l(fretinf.o)
    0x08008242   0x00000062   Code   RO          726    x$fpl$frleqf        fz_ws.l(frleqf.o)
    0x080082a4   0x000000ea   Code   RO          698    x$fpl$fsub          fz_ws.l(faddsub_clz.o)
    0x0800838e   0x00000064   Code   RO         1014    x$fpl$retnan        fz_ws.l(retnan.o)
    0x080083f2   0x0000005c   Code   RO          803    x$fpl$scalbn        fz_ws.l(scalbn.o)
    0x0800844e   0x00000004   Code   RO          860    x$fpl$scanf1        fz_ws.l(scanf1.o)
    0x08008452   0x00000008   Code   RO         1096    x$fpl$scanf2        fz_ws.l(scanf2.o)
    0x0800845a   0x00000030   Code   RO         1102    x$fpl$trapveneer    fz_ws.l(trapv.o)
    0x0800848a   0x00000000   Code   RO          805    x$fpl$usenofp       fz_ws.l(usenofp.o)
    0x0800848a   0x00000002   PAD
    0x0800848c   0x0000007a   Data   RO            3    .constdata          marlin_main.o
    0x08008506   0x00000002   PAD
    0x08008508   0x00000030   Data   RO          255    .constdata          configurationstore.o
    0x08008538   0x00000088   Data   RO          738    .constdata          m_ws.l(pow.o)
    0x080085c0   0x00000008   Data   RO          812    .constdata          m_ws.l(qnan.o)
    0x080085c8   0x00000004   Data   RO          863    .constdata          c_w.l(sys_io.o)
    0x080085cc   0x00000004   Data   RO          864    .constdata          c_w.l(sys_io.o)
    0x080085d0   0x00000004   Data   RO          865    .constdata          c_w.l(sys_io.o)
    0x080085d4   0x00000094   Data   RO         1051    .constdata          c_w.l(bigflt0.o)
    0x08008668   0x00000020   Data   RO         1210    Region$$Table       anon$$obj.o
    0x08008688   0x00000008   Data   RO         1089    c$$dinf             fz_ws.l(fpconst.o)
    0x08008690   0x00000110   Data   RO          852    locale$$data        c_w.l(lc_ctype_c.o)
    0x080087a0   0x0000001c   Data   RO          855    locale$$data        c_w.l(lc_numeric_c.o)


    Execution Region RW_IRAM1 (Base: 0x20000000, Size: 0x00001008, Max: 0x00005000, ABSOLUTE)

    Base Addr    Size         Type   Attr      Idx    E Section Name        Object

    0x20000000   0x00000060   Data   RW            4    .data               marlin_main.o
    0x20000060   0x00000014   Data   RW          162    .data               system_stm32f10x.o
    0x20000074   0x00000020   Data   RW          180    .data               temperature.o
    0x20000094   0x00000030   Data   RW          204    .data               planner.o
    0x200000c4   0x00000004   Data   RW          222    .data               stepper.o
    0x200000c8   0x00000003   Data   RW          272    .data               usart.o
    0x200000cb   0x00000001   PAD
    0x200000cc   0x00000004   Data   RW          290    .data               tim.o
    0x200000d0   0x00000014   Data   RW          523    .data               stm32f10x_rcc.o
    0x200000e4   0x00000004   Data   RW          780    .data               c_w.l(stdio_streams.o)
    0x200000e8   0x00000004   Data   RW          781    .data               c_w.l(stdio_streams.o)
    0x200000ec   0x00000004   Data   RW          782    .data               c_w.l(stdio_streams.o)
    0x200000f0   0x000001c4   Zero   RW            2    .bss                marlin_main.o
    0x200002b4   0x000005a0   Zero   RW          203    .bss                planner.o
    0x20000854   0x00000060   Zero   RW          271    .bss                usart.o
    0x200008b4   0x00000050   Zero   RW          777    .bss                c_w.l(stdio_streams.o)
    0x20000904   0x00000050   Zero   RW          778    .bss                c_w.l(stdio_streams.o)
    0x20000954   0x00000050   Zero   RW          779    .bss                c_w.l(stdio_streams.o)
    0x200009a4   0x00000060   Zero   RW          814    .bss                c_w.l(libspace.o)
    0x20000a04   0x00000004   PAD
    0x20000a08   0x00000200   Zero   RW          620    HEAP                startup_stm32f10x_md.o
    0x20000c08   0x00000400   Zero   RW          619    STACK               startup_stm32f10x_md.o


==============================================================================

Image component sizes


      Code (inc. data)   RO Data    RW Data    ZI Data      Debug   Object Name

       168          0          0          0          0        759   bsp.o
       416        146         48          0          0       1244   configurationstore.o
         0          0          0          0          0         32   core_cm3.o
      2420        396        122         96        452     265186   marlin_main.o
       220         20          0          0          0       1873   misc.o
      4216        160          0         48       1440       8088   planner.o
        64         26        236          0       1536        884   startup_stm32f10x_md.o
        68         18          0          4          0       1925   stepper.o
      1464         32          0          0          0       8278   stm32f10x_flash.o
       856         40          0          0          0       5805   stm32f10x_gpio.o
       928         44          0         20          0       8984   stm32f10x_rcc.o
      3502         86          0          0          0      22976   stm32f10x_tim.o
      1036         20          0          0          0       8556   stm32f10x_usart.o
       456         36          0         20          0       1863   system_stm32f10x.o
       188         30          0         32          0       2809   temperature.o
       120          6          0          4          0        869   tim.o
       252         26          0          3         96       1457   usart.o

    ----------------------------------------------------------------------
     16376       1086        440        228       3524     341588   Object Totals
         0          0         32          0          0          0   (incl. Generated)
         2          0          2          1          0          0   (incl. Padding)

    ----------------------------------------------------------------------

      Code (inc. data)   RO Data    RW Data    ZI Data      Debug   Library Member Name

         8          0          0          0          0         68   __main.o
       106          0          0          0          0         84   __printf.o
        14          0          0          0          0         68   __printf_wp.o
        52          8          0          0          0          0   __scatter.o
        26          0          0          0          0          0   __scatter_copy.o
        28          0          0          0          0          0   __scatter_zi.o
        28          0          0          0          0         68   _chval.o
        48          6          0          0          0         96   _printf_char_common.o
        36          4          0          0          0         80   _printf_char_file.o
         6          0          0          0          0          0   _printf_d.o
       120         18          0          0          0         92   _printf_dec.o
       184          0          0          0          0         88   _printf_intcommon.o
         0          0          0          0          0          0   _printf_percent.o
         4          0          0          0          0          0   _printf_percent_end.o
        22          0          0          0          0        100   _rserrno.o
        64          0          0          0          0         84   _sgetc.o
       158          0          0          0          0         92   _strtoul.o
       228          6        148          0          0         96   bigflt0.o
      1846        132          0          0          0        736   btod.o
        10          0          0          0          0         68   defsig_exit.o
        50          0          0          0          0         88   defsig_general.o
        80         58          0          0          0         76   defsig_rtmem_inner.o
        14          0          0          0          0         80   defsig_rtmem_outer.o
        52         38          0          0          0         76   defsig_rtred_inner.o
        14          0          0          0          0         80   defsig_rtred_outer.o
        12          0          0          0          0         72   exit.o
        76          0          0          0          0         88   fclose.o
         8          0          0          0          0         68   ferror.o
       236          4          0          0          0        128   fopen.o
       248          4          0          0          0         84   fseek.o
        70          0          0          0          0         76   ftell.o
        94          0          0          0          0         80   h1_alloc.o
        52          0          0          0          0         68   h1_extend.o
        78          0          0          0          0         80   h1_free.o
        14          0          0          0          0         84   h1_init.o
         6          0          0          0          0        152   heapauxi.o
         4          0          0          0          0        136   hguard.o
         0          0          0          0          0          0   indicate_semi.o
       138          0          0          0          0        168   init_alloc.o
       312         46          0          0          0        112   initio.o
        18          0          0          0          0         76   isspace.o
        44         10        272          0          0         76   lc_ctype_c.o
        44         10         28          0          0         76   lc_numeric_c.o
         6          0          0          0          0          0   libinit.o
        42          0          0          0          0          0   libinit2.o
         2          0          0          0          0          0   libshutdown.o
         6          0          0          0          0          0   libshutdown2.o
         8          4          0          0         96         68   libspace.o
        38          0          0          0          0         68   llshl.o
         0          0          0          0          0          0   maybetermalloc1.o
        24          4          0          0          0         84   noretval__2printf.o
        16          4          0          0          0         76   rt_ctype_table.o
         8          4          0          0          0         68   rt_errno_addr_intlibspace.o
         8          4          0          0          0         68   rt_fp_status_addr_intlibspace.o
         8          4          0          0          0         68   rt_heap_descriptor_intlibspace.o
         8          4          0          0          0         68   rt_locale_intlibspace.o
        78          0          0          0          0         80   rt_memclr_w.o
         0          0          0          0          0          0   rtentry.o
        12          0          0          0          0          0   rtentry2.o
         6          0          0          0          0          0   rtentry4.o
         2          0          0          0          0          0   rtexit.o
        10          0          0          0          0          0   rtexit2.o
      1192         14          0          0          0        148   scanf_fp.o
       796         14          0          0          0        100   scanf_hexfp.o
       316         18          0          0          0        100   scanf_infnan.o
        70          0          0          0          0         80   setvbuf.o
       240          6          0          0          0        156   stdio.o
         0          0          0         12        240          0   stdio_streams.o
        20          0          0          0          0         68   strchr.o
       128          0          0          0          0         68   strcmpv7m.o
        62          0          0          0          0         76   strlen.o
        36          0          0          0          0         80   strstr.o
       160         12          0          0          0        120   strtod.o
       112          0          0          0          0         88   strtol.o
        12          4          0          0          0         68   sys_exit.o
       102          0         12          0          0        240   sys_io.o
        74          0          0          0          0         80   sys_stackheap_outer.o
        14          0          0          0          0         76   sys_wrch.o
         2          0          0          0          0         68   use_no_semi.o
        98          4          0          0          0         92   d2f.o
       826         16          0          0          0        356   daddsub_clz.o
        16          4          0          0          0         68   dcheck1.o
        24          0          0          0          0         68   dcmpi.o
       688        140          0          0          0        212   ddiv.o
       120          4          0          0          0         92   deqf.o
        94          4          0          0          0         92   dfix.o
        90          4          0          0          0         92   dfixu.o
        46          0          0          0          0         68   dflt_clz.o
       120          4          0          0          0         92   dleqf.o
       340         12          0          0          0        104   dmul.o
       156          4          0          0          0         92   dnaninf.o
        12          0          0          0          0         68   dretinf.o
       108          0          0          0          0         80   drleqf.o
       460         56          0          0          0        120   dsqrt_noumaal.o
        86          4          0          0          0         84   f2d.o
       430          8          0          0          0        168   faddsub_clz.o
        24          0          0          0          0         68   fcmpi.o
       388         76          0          0          0         96   fdiv.o
       104          4          0          0          0         84   feqf.o
        54          4          0          0          0         84   ffix.o
        62          4          0          0          0         84   ffixu.o
        86          0          0          0          0        136   fflt_clz.o
       104          4          0          0          0         84   fleqf.o
       258          4          0          0          0         84   fmul.o
       140          4          0          0          0         84   fnaninf.o
         0          0          8          0          0          0   fpconst.o
        14          0          0          0          0         76   fpinit.o
        10          0          0          0          0         68   fretinf.o
        98          0          0          0          0         68   frleqf.o
       100          0          0          0          0         68   retnan.o
        92          0          0          0          0         68   scalbn.o
         4          0          0          0          0         68   scanf1.o
         8          0          0          0          0         84   scanf2.o
        48          0          0          0          0         68   trapv.o
         0          0          0          0          0          0   usenofp.o
       220         16          0          0          0         84   ceil.o
        16          6          0          0          0         68   dunder.o
       220         16          0          0          0         84   floor.o
        40          0          0          0          0         68   fpclassify.o
        88          8          0          0          0         76   frexp.o
       148          0          0          0          0        160   ldexp.o
       152          4          0          0          0        160   narrow.o
       170          0          0          0          0         96   poly.o
      2540        192        136          0          0        340   pow.o
         0          0          8          0          0          0   qnan.o
        76          0          0          0          0         84   sqrt.o
        28          0          0          0          0         80   strtod.o

    ----------------------------------------------------------------------
     17320       1046        612         12        340      10728   Library Totals
        44          0          0          0          4          0   (incl. Padding)

    ----------------------------------------------------------------------

      Code (inc. data)   RO Data    RW Data    ZI Data      Debug   Library Name

      8270        440        460         12        336       6108   c_w.l
      5308        364          8          0          0       3320   fz_ws.l
      3698        242        144          0          0       1300   m_ws.l

    ----------------------------------------------------------------------
     17320       1046        612         12        340      10728   Library Totals

    ----------------------------------------------------------------------

==============================================================================


      Code (inc. data)   RO Data    RW Data    ZI Data      Debug   

     33696       2132       1052        240       3864     344464   Grand Totals
     33696       2132       1052        240       3864     344464   ELF Image Totals
     33696       2132       1052        240          0          0   ROM Totals

==============================================================================

    Total RO  Size (Code + RO Data)                34748 (  33.93kB)
    Total RW  Size (RW Data + ZI Data)              4104 (   4.01kB)
    Total ROM Size (Code + RO Data + RW Data)      34988 (  34.17kB)

==============================================================================

