ARM Linker, 4.1 [Build 894] [Standard]

==============================================================================

Section Cross References

    main.o(.text) refers to _printf_percent.o(.ARM.Collect$$_printf_percent$$00000000) for _printf_percent
    main.o(.text) refers to _printf_d.o(.ARM.Collect$$_printf_percent$$00000009) for _printf_d
    main.o(.text) refers to _printf_dec.o(.text) for _printf_int_dec
    main.o(.text) refers to bsp.o(.text) for RCC_Configuration
    main.o(.text) refers to adc.o(.text) for ADC_Configuration
    main.o(.text) refers to stm32f10x_adc.o(.text) for ADC_SoftwareStartConvCmd
    main.o(.text) refers to noretval__2printf.o(.text) for __2printf
    adc.o(.text) refers to stm32f10x_rcc.o(.text) for RCC_APB2PeriphClockCmd
    adc.o(.text) refers to stm32f10x_adc.o(.text) for ADC_Init
    system_stm32f10x.o(.text) refers to system_stm32f10x.o(.data) for SystemCoreClock
    bsp.o(.text) refers to stm32f10x_rcc.o(.text) for RCC_DeInit
    bsp.o(.text) refers to stm32f10x_flash.o(.text) for FLASH_PrefetchBufferCmd
    bsp.o(.text) refers to stm32f10x_gpio.o(.text) for GPIO_Init
    bsp.o(.text) refers to stm32f10x_usart.o(.text) for USART_ITConfig
    stm32f10x_adc.o(.text) refers to stm32f10x_rcc.o(.text) for RCC_APB2PeriphResetCmd
    stm32f10x_bkp.o(.text) refers to stm32f10x_rcc.o(.text) for RCC_BackupResetCmd
    stm32f10x_can.o(.text) refers to stm32f10x_rcc.o(.text) for RCC_APB1PeriphResetCmd
    stm32f10x_cec.o(.text) refers to stm32f10x_rcc.o(.text) for RCC_APB1PeriphResetCmd
    stm32f10x_dac.o(.text) refers to stm32f10x_rcc.o(.text) for RCC_APB1PeriphResetCmd
    stm32f10x_gpio.o(.text) refers to stm32f10x_rcc.o(.text) for RCC_APB2PeriphResetCmd
    stm32f10x_i2c.o(.text) refers to stm32f10x_rcc.o(.text) for RCC_APB1PeriphResetCmd
    stm32f10x_pwr.o(.text) refers to stm32f10x_rcc.o(.text) for RCC_APB1PeriphResetCmd
    stm32f10x_rcc.o(.text) refers to stm32f10x_rcc.o(.data) for APBAHBPrescTable
    stm32f10x_spi.o(.text) refers to stm32f10x_rcc.o(.text) for RCC_APB2PeriphResetCmd
    stm32f10x_tim.o(.text) refers to stm32f10x_rcc.o(.text) for RCC_APB2PeriphResetCmd
    stm32f10x_usart.o(.text) refers to stm32f10x_rcc.o(.text) for RCC_APB2PeriphResetCmd
    stm32f10x_wwdg.o(.text) refers to stm32f10x_rcc.o(.text) for RCC_APB1PeriphResetCmd
    startup_stm32f10x_md.o(STACK) refers (Special) to heapauxi.o(.text) for __use_two_region_memory
    startup_stm32f10x_md.o(HEAP) refers (Special) to heapauxi.o(.text) for __use_two_region_memory
    startup_stm32f10x_md.o(RESET) refers (Special) to heapauxi.o(.text) for __use_two_region_memory
    startup_stm32f10x_md.o(RESET) refers to startup_stm32f10x_md.o(STACK) for __initial_sp
    startup_stm32f10x_md.o(RESET) refers to startup_stm32f10x_md.o(.text) for Reset_Handler
    startup_stm32f10x_md.o(.text) refers (Special) to heapauxi.o(.text) for __use_two_region_memory
    startup_stm32f10x_md.o(.text) refers to system_stm32f10x.o(.text) for SystemInit
    startup_stm32f10x_md.o(.text) refers to __main.o(!!!main) for __main
    startup_stm32f10x_md.o(.text) refers to startup_stm32f10x_md.o(HEAP) for Heap_Mem
    startup_stm32f10x_md.o(.text) refers to startup_stm32f10x_md.o(STACK) for Stack_Mem
    __2printf.o(.text) refers to _printf_char_file.o(.text) for _printf_char_file
    __2printf.o(.text) refers to stdio_streams.o(.bss) for __stdout
    noretval__2printf.o(.text) refers to _printf_char_file.o(.text) for _printf_char_file
    noretval__2printf.o(.text) refers to stdio_streams.o(.bss) for __stdout
    __printf.o(.text) refers to _printf_percent.o(.ARM.Collect$$_printf_percent$$00000000) for _printf_percent
    _printf_dec.o(.text) refers to _printf_intcommon.o(.text) for _printf_int_common
    __printf_flags.o(.text) refers to _printf_percent.o(.ARM.Collect$$_printf_percent$$00000000) for _printf_percent
    __printf_flags.o(.text) refers to __printf_flags.o(.constdata) for .constdata
    __printf_ss.o(.text) refers to _printf_percent.o(.ARM.Collect$$_printf_percent$$00000000) for _printf_percent
    __printf_flags_ss.o(.text) refers to _printf_percent.o(.ARM.Collect$$_printf_percent$$00000000) for _printf_percent
    __printf_flags_ss.o(.text) refers to __printf_flags_ss.o(.constdata) for .constdata
    __printf_wp.o(.text) refers to __printf_wp.o(i._is_digit) for _is_digit
    __printf_wp.o(.text) refers to _printf_percent.o(.ARM.Collect$$_printf_percent$$00000000) for _printf_percent
    __printf_flags_wp.o(.text) refers to __printf_wp.o(i._is_digit) for _is_digit
    __printf_flags_wp.o(.text) refers to _printf_percent.o(.ARM.Collect$$_printf_percent$$00000000) for _printf_percent
    __printf_flags_wp.o(.text) refers to __printf_flags_wp.o(.constdata) for .constdata
    __printf_ss_wp.o(.text) refers to __printf_wp.o(i._is_digit) for _is_digit
    __printf_ss_wp.o(.text) refers to _printf_percent.o(.ARM.Collect$$_printf_percent$$00000000) for _printf_percent
[...]
    h1_alloc.o(.text) refers to init_alloc.o(.text) for __Heap_Full
    h1_alloc_mt.o(.text) refers (Special) to h1_init.o(.text) for __Heap_Initialize
    h1_alloc_mt.o(.text) refers to init_alloc.o(.text) for __Heap_Full
    h1_alloc_mt.o(.text) refers to rt_heap_descriptor_intlibspace.o(.text) for __rt_heap_descriptor
    fseek.o(.text) refers to sys_io.o(.text) for _sys_istty
    fseek.o(.text) refers to ftell.o(.text) for _ftell_internal
    fseek.o(.text) refers to stdio.o(.text) for _seterr
    stdio.o(.text) refers to sys_io.o(.text) for _sys_seek
    defsig_exit.o(.text) refers to sys_exit.o(.text) for _sys_exit
    defsig_rtred_inner.o(.text) refers to defsig_general.o(.text) for __default_signal_display
    argv_veneer.o(.emb_text) refers to no_argv.o(.text) for __ARM_get_argv
    fpinit.o(x$fpl$fpinit) refers to rt_fp_status_addr_intlibspace.o(.text) for __rt_fp_status_addr
    sys_exit.o(.text) refers (Special) to use_no_semi.o(.text) for __I$use$semihosting
    sys_exit.o(.text) refers (Special) to indicate_semi.o(.text) for __semihosting_library_function
    rtexit2.o(.ARM.Collect$$rtexit$$00000003) refers to libshutdown.o(.ARM.Collect$$libshutdown$$00000000) for __rt_lib_shutdown
    rtexit2.o(.ARM.Collect$$rtexit$$00000004) refers to sys_exit.o(.text) for _sys_exit
    rtexit2.o(.ARM.exidx) refers to rtexit2.o(.ARM.Collect$$rtexit$$00000001) for .ARM.Collect$$rtexit$$00000001
    rtexit2.o(.ARM.exidx) refers to rtexit2.o(.ARM.Collect$$rtexit$$00000003) for .ARM.Collect$$rtexit$$00000003
    rtexit2.o(.ARM.exidx) refers to rtexit2.o(.ARM.Collect$$rtexit$$00000004) for .ARM.Collect$$rtexit$$00000004
    rt_fp_status_addr.o(.text) refers to rt_fp_status_addr.o(.bss) for __rt_fp_status_addr_data
    rt_fp_status_addr_intlibspace.o(.text) refers to libspace.o(.bss) for __libspace_start
    maybetermalloc2.o(.emb_text) refers (Special) to term_alloc.o(.text) for _terminate_alloc
    h1_extend.o(.text) refers to h1_free.o(.text) for free
    h1_init_mt.o(.text) refers to mutex_dummy.o(.text) for _mutex_initialize
    h1_extend_mt.o(.text) refers to h1_free_mt.o(.text) for _free_internal
    ftell.o(.text) refers to rt_errno_addr_intlibspace.o(.text) for __aeabi_errno_addr
    __raise.o(.text) refers to defsig.o(CL$$defsig) for __default_signal_handler
    defsig_general.o(.text) refers to sys_wrch.o(.text) for _ttywrch
    defsig_rtmem_outer.o(.text) refers to defsig_rtmem_inner.o(.text) for __rt_SIGRTMEM_inner
    defsig_rtmem_outer.o(.text) refers to defsig_exit.o(.text) for __sig_exit
    defsig_rtmem_formal.o(.text) refers to rt_raise.o(.text) for __rt_raise
    heapauxa.o(.text) refers to heapauxa.o(.data) for .data
    _get_argv.o(.text) refers (Special) to hrguard.o(.text) for __heap_region$guard
    _get_argv.o(.text) refers to h1_alloc.o(.text) for malloc
    _get_argv.o(.text) refers to defsig_rtmem_outer.o(.text) for __rt_SIGRTMEM
    _get_argv.o(.text) refers to sys_command.o(.text) for _sys_command_string
    _get_argv_nomalloc.o(.text) refers (Special) to hrguard.o(.text) for __heap_region$guard
    _get_argv_nomalloc.o(.text) refers to defsig_rtmem_outer.o(.text) for __rt_SIGRTMEM
    _get_argv_nomalloc.o(.text) refers to sys_command.o(.text) for _sys_command_string
    sys_wrch.o(.text) refers (Special) to use_no_semi.o(.text) for __I$use$semihosting
    sys_wrch.o(.text) refers (Special) to indicate_semi.o(.text) for __semihosting_library_function
    sys_command.o(.text) refers (Special) to use_no_semi.o(.text) for __I$use$semihosting
    sys_command.o(.text) refers (Special) to indicate_semi.o(.text) for __semihosting_library_function
    rt_errno_addr.o(.text) refers to rt_errno_addr.o(.bss) for __aeabi_errno_addr_data
    rt_errno_addr_intlibspace.o(.text) refers to libspace.o(.bss) for __libspace_start
    term_alloc.o(.text) refers (Special) to libshutdown2.o(.ARM.Collect$$libshutdown$$0000000D) for __rt_lib_shutdown_heap_2
    term_alloc.o(.text) refers to rt_heap_descriptor_intlibspace.o(.text) for __rt_heap_descriptor
    term_alloc.o(.text) refers to h1_final.o(.text) for __Heap_Finalize
    defsig_rtmem_inner.o(.text) refers to defsig_general.o(.text) for __default_signal_display
    defsig.o(CL$$defsig) refers to defsig_rtred_inner.o(.text) for __rt_SIGRTRED_inner
    defsig.o(CL$$defsig) refers to defsig_rtmem_inner.o(.text) for __rt_SIGRTMEM_inner
    libshutdown.o(.ARM.Collect$$libshutdown$$00000000) refers (Special) to libshutdown2.o(.ARM.Collect$$libshutdown$$00000006) for __rt_lib_shutdown_fp_trap_1
    libshutdown.o(.ARM.Collect$$libshutdown$$00000000) refers (Special) to libshutdown2.o(.ARM.Collect$$libshutdown$$0000000E) for __rt_lib_shutdown_heap_1
    libshutdown.o(.ARM.Collect$$libshutdown$$00000000) refers (Special) to libshutdown2.o(.ARM.Collect$$libshutdown$$0000000F) for __rt_lib_shutdown_return
    libshutdown.o(.ARM.Collect$$libshutdown$$00000000) refers (Special) to libshutdown2.o(.ARM.Collect$$libshutdown$$00000009) for __rt_lib_shutdown_signal_1
    libshutdown.o(.ARM.Collect$$libshutdown$$00000000) refers (Special) to libshutdown2.o(.ARM.Collect$$libshutdown$$00000003) for __rt_lib_shutdown_stdio_1
    libshutdown.o(.ARM.Collect$$libshutdown$$00000000) refers (Special) to libshutdown2.o(.ARM.Collect$$libshutdown$$0000000B) for __rt_lib_shutdown_user_alloc_1
    defsig_abrt_inner.o(.text) refers to defsig_general.o(.text) for __default_signal_display
    defsig_fpe_inner.o(.text) refers to defsig_general.o(.text) for __default_signal_display
    defsig_stak_inner.o(.text) refers to defsig_general.o(.text) for __default_signal_display
    defsig_pvfn_inner.o(.text) refers to defsig_general.o(.text) for __default_signal_display
    defsig_cppl_inner.o(.text) refers to defsig_general.o(.text) for __default_signal_display
    defsig_segv_inner.o(.text) refers to defsig_general.o(.text) for __default_signal_display
    defsig_other.o(.text) refers to defsig_general.o(.text) for __default_signal_display


==============================================================================

Removing Unused input sections from the image.

    Removing misc.o(.text), (220 bytes).
    Removing stm32f10x_bkp.o(.text), (172 bytes).
    Removing stm32f10x_can.o(.text), (2220 bytes).
    Removing stm32f10x_cec.o(.text), (288 bytes).
    Removing stm32f10x_crc.o(.text), (72 bytes).
    Removing stm32f10x_dac.o(.text), (360 bytes).
    Removing stm32f10x_dbgmcu.o(.text), (48 bytes).
    Removing stm32f10x_dma.o(.text), (592 bytes).
    Removing stm32f10x_exti.o(.text), (284 bytes).
    Removing stm32f10x_fsmc.o(.text), (1560 bytes).
    Removing stm32f10x_i2c.o(.text), (980 bytes).
    Removing stm32f10x_iwdg.o(.text), (64 bytes).
    Removing stm32f10x_pwr.o(.text), (204 bytes).
    Removing stm32f10x_rtc.o(.text), (336 bytes).
    Removing stm32f10x_sdio.o(.text), (464 bytes).
    Removing stm32f10x_spi.o(.text), (784 bytes).
    Removing stm32f10x_tim.o(.text), (3502 bytes).
    Removing stm32f10x_wwdg.o(.text), (124 bytes).
    Removing core_cm3.o(.emb_text), (32 bytes).

19 unused section(s) (total 12306 bytes) removed from the image.

==============================================================================

Image Symbol Table

    Local Symbols

    Symbol Name                              Value     Ov Type        Size  Object(Section)

    ../../angel/boardlib.s                   0x00000000   Number         0  boardinit3.o ABSOLUTE
    ../../angel/boardlib.s                   0x00000000   Number         0  boardinit2.o ABSOLUTE
    ../../angel/boardlib.s                   0x00000000   Number         0  boardinit1.o ABSOLUTE
    ../../angel/boardlib.s                   0x00000000   Number         0  boardshut.o ABSOLUTE
    ../../angel/handlers.s                   0x00000000   Number         0  __scatter_copy.o ABSOLUTE
    ../../angel/handlers.s                   0x00000000   Number         0  __scatter_zi.o ABSOLUTE
    ../../angel/kernel.s                     0x00000000   Number         0  rtentry4.o ABSOLUTE
    ../../angel/kernel.s                     0x00000000   Number         0  rtentry2.o ABSOLUTE
    ../../angel/kernel.s                     0x00000000   Number         0  rtexit.o ABSOLUTE
    ../../angel/kernel.s                     0x00000000   Number         0  rtexit2.o ABSOLUTE
    ../../angel/kernel.s                     0x00000000   Number         0  rtentry.o ABSOLUTE
    ../../angel/rt.s                         0x00000000   Number         0  rt_errno_addr.o ABSOLUTE
    ../../angel/rt.s                         0x00000000   Number         0  rt_fp_status_addr.o ABSOLUTE
    ../../angel/rt.s                         0x00000000   Number         0  rt_raise.o ABSOLUTE
    ../../angel/rt.s                         0x00000000   Number         0  rt_heap_descriptor.o ABSOLUTE
    ../../angel/rt.s                         0x00000000   Number         0  rt_errno_addr_intlibspace.o ABSOLUTE
    ../../angel/rt.s                         0x00000000   Number         0  rt_heap_descriptor_intlibspace.o ABSOLUTE
    ../../angel/rt.s                         0x00000000   Number         0  rt_fp_status_addr_intlibspace.o ABSOLUTE
    ../../angel/scatter.s                    0x00000000   Number         0  __scatter.o ABSOLUTE
    ../../angel/startup.s                    0x00000000   Number         0  __main.o ABSOLUTE
    ../../angel/sys.s                        0x00000000   Number         0  sys_stackheap_outer.o ABSOLUTE
    ../../angel/sys.s                        0x00000000   Number         0  mutex_dummy.o ABSOLUTE
    ../../angel/sys.s                        0x00000000   Number         0  libspace.o ABSOLUTE
    ../../angel/sys.s                        0x00000000   Number         0  use_no_semi.o ABSOLUTE
    ../../angel/sys.s                        0x00000000   Number         0  indicate_semi.o ABSOLUTE
    ../../angel/sysapp.c                     0x00000000   Number         0  sys_wrch.o ABSOLUTE
    ../../angel/sysapp.c                     0x00000000   Number         0  sys_exit.o ABSOLUTE
    ../../angel/sysapp.c                     0x00000000   Number         0  sys_io.o ABSOLUTE
    ../../angel/sysapp.c                     0x00000000   Number         0  sys_command.o ABSOLUTE
    ../../armsys.c                           0x00000000   Number         0  argv_veneer.o ABSOLUTE
    ../../armsys.c                           0x00000000   Number         0  _get_argv_nomalloc.o ABSOLUTE
    ../../armsys.c                           0x00000000   Number         0  argv_veneer.o ABSOLUTE
    ../../armsys.c                           0x00000000   Number         0  _get_argv.o ABSOLUTE
    ../../armsys.c                           0x00000000   Number         0  no_argv.o ABSOLUTE
    ../../fpinit.s                           0x00000000   Number         0  fpinit.o ABSOLUTE
    ../../heap1.c                            0x00000000   Number         0  h1_init.o ABSOLUTE
    ../../heap1.c                            0x00000000   Number         0  h1_free.o ABSOLUTE
    ../../heap1.c                            0x00000000   Number         0  h1_init_mt.o ABSOLUTE
    ../../heap1.c                            0x00000000   Number         0  h1_alloc_mt.o ABSOLUTE
    ../../heap1.c                            0x00000000   Number         0  h1_free_mt.o ABSOLUTE
    ../../heap1.c                            0x00000000   Number         0  h1_final_mt.o ABSOLUTE
    ../../heap1.c                            0x00000000   Number         0  h1_final.o ABSOLUTE
    ../../heap1.c                            0x00000000   Number         0  h1_extend_mt.o ABSOLUTE
    ../../heap1.c                            0x00000000   Number         0  h1_extend.o ABSOLUTE
    ../../heap1.c                            0x00000000   Number         0  h1_alloc.o ABSOLUTE
    ../../heap2.c                            0x00000000   Number         0  fdtree.o ABSOLUTE
    ../../heap2.c                            0x00000000   Number         0  heap2mt.o ABSOLUTE
    ../../heap2.c                            0x00000000   Number         0  heap2.o ABSOLUTE
    ../../heapalloc.c                        0x00000000   Number         0  free.o ABSOLUTE
    ../../heapalloc.c                        0x00000000   Number         0  term_alloc.o ABSOLUTE
    ../../heapalloc.c                        0x00000000   Number         0  hrguard.o ABSOLUTE
    ../../heapalloc.c                        0x00000000   Number         0  maybetermalloc2.o ABSOLUTE
    ../../heapalloc.c                        0x00000000   Number         0  malloc.o ABSOLUTE
    ../../heapalloc.c                        0x00000000   Number         0  init_alloc.o ABSOLUTE
    ../../heapalloc.c                        0x00000000   Number         0  hguard.o ABSOLUTE
    ../../heapalloc.c                        0x00000000   Number         0  maybetermalloc1.o ABSOLUTE
    ../../heapalloc.c                        0x00000000   Number         0  maybetermalloc1.o ABSOLUTE
    ../../heapalloc.c                        0x00000000   Number         0  maybetermalloc2.o ABSOLUTE
    ../../heapalloc.c                        0x00000000   Number         0  heapstubs.o ABSOLUTE
    ../../heapaux.c                          0x00000000   Number         0  heapauxi.o ABSOLUTE
    ../../heapaux.c                          0x00000000   Number         0  heapauxa.o ABSOLUTE
    ../../libinit.s                          0x00000000   Number         0  libinit2.o ABSOLUTE
    ../../libinit.s                          0x00000000   Number         0  libshutdown.o ABSOLUTE
    ../../libinit.s                          0x00000000   Number         0  libinit.o ABSOLUTE
    ../../libinit.s                          0x00000000   Number         0  libshutdown2.o ABSOLUTE
    ../../memcpset.s                         0x00000000   Number         0  rt_memcpy_w.o ABSOLUTE
    ../../memcpset.s                         0x00000000   Number         0  rt_memclr_w.o ABSOLUTE
    ../../printf.c                           0x00000000   Number         0  _printf_char_common.o ABSOLUTE
    ../../printf.c                           0x00000000   Number         0  _printf_dec.o ABSOLUTE
    ../../printf.c                           0x00000000   Number         0  noretval__2printf.o ABSOLUTE
    ../../printf.c                           0x00000000   Number         0  __printf.o ABSOLUTE
    ../../printf.c                           0x00000000   Number         0  __printf_flags.o ABSOLUTE
    ../../printf.c                           0x00000000   Number         0  __printf_flags_ss.o ABSOLUTE
    ../../printf.c                           0x00000000   Number         0  __2printf.o ABSOLUTE
    ../../printf.c                           0x00000000   Number         0  __printf_nopercent.o ABSOLUTE
    ../../printf.c                           0x00000000   Number         0  __printf_wp.o ABSOLUTE
    ../../printf.c                           0x00000000   Number         0  __printf_flags_wp.o ABSOLUTE
    ../../printf.c                           0x00000000   Number         0  _printf_intcommon.o ABSOLUTE
    ../../printf.c                           0x00000000   Number         0  __printf_ss_wp.o ABSOLUTE
    ../../printf.c                           0x00000000   Number         0  _printf_char_file.o ABSOLUTE
    ../../printf.c                           0x00000000   Number         0  __printf_flags_ss_wp.o ABSOLUTE
    ../../printf.c                           0x00000000   Number         0  __printf_ss.o ABSOLUTE
    ../../printf_percent.s                   0x00000000   Number         0  _printf_percent.o ABSOLUTE
    ../../printf_percent.s                   0x00000000   Number         0  _printf_d.o ABSOLUTE
    ../../printf_percent.s                   0x00000000   Number         0  _printf_percent_end.o ABSOLUTE
    ../../signal.c                           0x00000000   Number         0  defsig_rtred_formal.o ABSOLUTE
    ../../signal.c                           0x00000000   Number         0  defsig_stak_inner.o ABSOLUTE
    ../../signal.c                           0x00000000   Number         0  defsig_fpe_inner.o ABSOLUTE
    ../../signal.c                           0x00000000   Number         0  defsig_abrt_inner.o ABSOLUTE
    ../../signal.c                           0x00000000   Number         0  defsig_rtred_inner.o ABSOLUTE
    ../../signal.c                           0x00000000   Number         0  defsig_rtred_outer.o ABSOLUTE
    ../../signal.c                           0x00000000   Number         0  defsig_rtmem_inner.o ABSOLUTE
    ../../signal.c                           0x00000000   Number         0  defsig_rtmem_outer.o ABSOLUTE
    ../../signal.c                           0x00000000   Number         0  defsig_general.o ABSOLUTE
    ../../signal.c                           0x00000000   Number         0  defsig_exit.o ABSOLUTE
    ../../signal.c                           0x00000000   Number         0  defsig_rtmem_formal.o ABSOLUTE
    ../../signal.c                           0x00000000   Number         0  defsig_other.o ABSOLUTE
    ../../signal.c                           0x00000000   Number         0  defsig_segv_inner.o ABSOLUTE
    ../../signal.c                           0x00000000   Number         0  defsig_cppl_inner.o ABSOLUTE
    ../../signal.c                           0x00000000   Number         0  defsig_pvfn_inner.o ABSOLUTE
    ../../signal.c                           0x00000000   Number         0  __raise.o ABSOLUTE
    ../../signal.s                           0x00000000   Number         0  defsig.o ABSOLUTE
    ../../stdio.c                            0x00000000   Number         0  streamlock.o ABSOLUTE
    ../../stdio.c                            0x00000000   Number         0  ferror.o ABSOLUTE
    ../../stdio.c                            0x00000000   Number         0  initio.o ABSOLUTE
    ../../stdio.c                            0x00000000   Number         0  fopen.o ABSOLUTE
    ../../stdio.c                            0x00000000   Number         0  ferror_locked.o ABSOLUTE
    ../../stdio.c                            0x00000000   Number         0  initio_locked.o ABSOLUTE
    ../../stdio.c                            0x00000000   Number         0  fclose.o ABSOLUTE
    ../../stdio.c                            0x00000000   Number         0  setvbuf_locked.o ABSOLUTE
    ../../stdio.c                            0x00000000   Number         0  fopen_locked.o ABSOLUTE
    ../../stdio.c                            0x00000000   Number         0  stdio.o ABSOLUTE
    ../../stdio.c                            0x00000000   Number         0  ftell.o ABSOLUTE
    ../../stdio.c                            0x00000000   Number         0  setvbuf.o ABSOLUTE
    ../../stdio.c                            0x00000000   Number         0  fseek.o ABSOLUTE
    ../../stdio.c                            0x00000000   Number         0  stdio_streams.o ABSOLUTE
    ../../stdlib.c                           0x00000000   Number         0  exit.o ABSOLUTE
    ../../string.c                           0x00000000   Number         0  strlen.o ABSOLUTE
    Libraries\CMSIS\CM3\CoreSupport\core_cm3.c 0x00000000   Number         0  core_cm3.o ABSOLUTE
    Libraries\CMSIS\CM3\DeviceSupport\ST\STM32F10x\startup\arm\startup_stm32f10x_md.s 0x00000000   Number         0  startup_stm32f10x_md.o ABSOLUTE
    Libraries\STM32F10x_StdPeriph_Driver\src\misc.c 0x00000000   Number         0  misc.o ABSOLUTE
    Libraries\STM32F10x_StdPeriph_Driver\src\stm32f10x_adc.c 0x00000000   Number         0  stm32f10x_adc.o ABSOLUTE
    Libraries\STM32F10x_StdPeriph_Driver\src\stm32f10x_bkp.c 0x00000000   Number         0  stm32f10x_bkp.o ABSOLUTE
    Libraries\STM32F10x_StdPeriph_Driver\src\stm32f10x_can.c 0x00000000   Number         0  stm32f10x_can.o ABSOLUTE
    Libraries\STM32F10x_StdPeriph_Driver\src\stm32f10x_cec.c 0x00000000   Number         0  stm32f10x_cec.o ABSOLUTE
    Libraries\STM32F10x_StdPeriph_Driver\src\stm32f10x_crc.c 0x00000000   Number         0  stm32f10x_crc.o ABSOLUTE
    Libraries\STM32F10x_StdPeriph_Driver\src\stm32f10x_dac.c 0x00000000   Number         0  stm32f10x_dac.o ABSOLUTE
    Libraries\STM32F10x_StdPeriph_Driver\src\stm32f10x_dbgmcu.c 0x00000000   Number         0  stm32f10x_dbgmcu.o ABSOLUTE
    Libraries\STM32F10x_StdPeriph_Driver\src\stm32f10x_dma.c 0x00000000   Number         0  stm32f10x_dma.o ABSOLUTE
    Libraries\STM32F10x_StdPeriph_Driver\src\stm32f10x_exti.c 0x00000000   Number         0  stm32f10x_exti.o ABSOLUTE
    Libraries\STM32F10x_StdPeriph_Driver\src\stm32f10x_flash.c 0x00000000   Number         0  stm32f10x_flash.o ABSOLUTE
    Libraries\STM32F10x_StdPeriph_Driver\src\stm32f10x_fsmc.c 0x00000000   Number         0  stm32f10x_fsmc.o ABSOLUTE
    Libraries\STM32F10x_StdPeriph_Driver\src\stm32f10x_gpio.c 0x00000000   Number         0  stm32f10x_gpio.o ABSOLUTE
    Libraries\STM32F10x_StdPeriph_Driver\src\stm32f10x_i2c.c 0x00000000   Number         0  stm32f10x_i2c.o ABSOLUTE
    Libraries\STM32F10x_StdPeriph_Driver\src\stm32f10x_iwdg.c 0x00000000   Number         0  stm32f10x_iwdg.o ABSOLUTE
    Libraries\STM32F10x_StdPeriph_Driver\src\stm32f10x_pwr.c 0x00000000   Number         0  stm32f10x_pwr.o ABSOLUTE
    Libraries\STM32F10x_StdPeriph_Driver\src\stm32f10x_rcc.c 0x00000000   Number         0  stm32f10x_rcc.o ABSOLUTE
    Libraries\STM32F10x_StdPeriph_Driver\src\stm32f10x_rtc.c 0x00000000   Number         0  stm32f10x_rtc.o ABSOLUTE
    Libraries\STM32F10x_StdPeriph_Driver\src\stm32f10x_sdio.c 0x00000000   Number         0  stm32f10x_sdio.o ABSOLUTE
    Libraries\STM32F10x_StdPeriph_Driver\src\stm32f10x_spi.c 0x00000000   Number         0  stm32f10x_spi.o ABSOLUTE
    Libraries\STM32F10x_StdPeriph_Driver\src\stm32f10x_tim.c 0x00000000   Number         0  stm32f10x_tim.o ABSOLUTE
    Libraries\STM32F10x_StdPeriph_Driver\src\stm32f10x_usart.c 0x00000000   Number         0  stm32f10x_usart.o ABSOLUTE
    Libraries\STM32F10x_StdPeriph_Driver\src\stm32f10x_wwdg.c 0x00000000   Number         0  stm32f10x_wwdg.o ABSOLUTE
    Libraries\\CMSIS\\CM3\\CoreSupport\\core_cm3.c 0x00000000   Number         0  core_cm3.o ABSOLUTE
    dc.s                                     0x00000000   Number         0  dc.o ABSOLUTE
    source_code\ADC.c                        0x00000000   Number         0  adc.o ABSOLUTE
    source_code\BSP.c                        0x00000000   Number         0  bsp.o ABSOLUTE
    source_code\main.c                       0x00000000   Number         0  main.o ABSOLUTE
    source_code\system_stm32f10x.c           0x00000000   Number         0  system_stm32f10x.o ABSOLUTE
    RESET                                    0x08000000   Section      236  startup_stm32f10x_md.o(RESET)
    !!!main                                  0x080000ec   Section        8  __main.o(!!!main)
    !!!scatter                               0x080000f4   Section       52  __scatter.o(!!!scatter)
    !!handler_copy                           0x08000128   Section       26  __scatter_copy.o(!!handler_copy)
    !!handler_zi                             0x08000144   Section       28  __scatter_zi.o(!!handler_zi)
    .ARM.Collect$$_printf_percent$$00000000  0x08000160   Section        0  _printf_percent.o(.ARM.Collect$$_printf_percent$$00000000)
    .ARM.Collect$$_printf_percent$$00000009  0x08000160   Section        6  _printf_d.o(.ARM.Collect$$_printf_percent$$00000009)
    .ARM.Collect$$_printf_percent$$00000017  0x08000166   Section        4  _printf_percent_end.o(.ARM.Collect$$_printf_percent$$00000017)
    .ARM.Collect$$libinit$$00000000          0x0800016a   Section        6  libinit.o(.ARM.Collect$$libinit$$00000000)
    .ARM.Collect$$libinit$$00000001          0x08000170   Section        8  libinit2.o(.ARM.Collect$$libinit$$00000001)
    .ARM.Collect$$libinit$$00000006          0x08000178   Section        0  libinit2.o(.ARM.Collect$$libinit$$00000006)
    .ARM.Collect$$libinit$$00000008          0x08000178   Section        0  libinit2.o(.ARM.Collect$$libinit$$00000008)
    .ARM.Collect$$libinit$$0000000A          0x08000178   Section        0  libinit2.o(.ARM.Collect$$libinit$$0000000A)
    .ARM.Collect$$libinit$$0000000D          0x08000178   Section        0  libinit2.o(.ARM.Collect$$libinit$$0000000D)
    .ARM.Collect$$libinit$$0000000F          0x08000178   Section        0  libinit2.o(.ARM.Collect$$libinit$$0000000F)
    .ARM.Collect$$libinit$$00000011          0x08000178   Section        0  libinit2.o(.ARM.Collect$$libinit$$00000011)
    .ARM.Collect$$libinit$$00000013          0x08000178   Section        0  libinit2.o(.ARM.Collect$$libinit$$00000013)
    .ARM.Collect$$libinit$$00000015          0x08000178   Section        0  libinit2.o(.ARM.Collect$$libinit$$00000015)
    .ARM.Collect$$libinit$$00000017          0x08000178   Section        0  libinit2.o(.ARM.Collect$$libinit$$00000017)
    .ARM.Collect$$libinit$$00000019          0x08000178   Section        0  libinit2.o(.ARM.Collect$$libinit$$00000019)
    .ARM.Collect$$libinit$$0000001B          0x08000178   Section        0  libinit2.o(.ARM.Collect$$libinit$$0000001B)
    .ARM.Collect$$libinit$$0000001D          0x08000178   Section        0  libinit2.o(.ARM.Collect$$libinit$$0000001D)
    .ARM.Collect$$libinit$$0000001F          0x08000178   Section        0  libinit2.o(.ARM.Collect$$libinit$$0000001F)
    .ARM.Collect$$libinit$$00000020          0x08000178   Section        4  libinit2.o(.ARM.Collect$$libinit$$00000020)
    .ARM.Collect$$libinit$$00000021          0x0800017c   Section        0  libinit2.o(.ARM.Collect$$libinit$$00000021)
    .ARM.Collect$$libinit$$00000028          0x0800017c   Section        0  libinit2.o(.ARM.Collect$$libinit$$00000028)
    .ARM.Collect$$libinit$$0000002A          0x0800017c   Section        0  libinit2.o(.ARM.Collect$$libinit$$0000002A)
    .ARM.Collect$$libinit$$0000002C          0x0800017c   Section        0  libinit2.o(.ARM.Collect$$libinit$$0000002C)
    .ARM.Collect$$libinit$$0000002E          0x0800017c   Section        0  libinit2.o(.ARM.Collect$$libinit$$0000002E)
    .ARM.Collect$$libinit$$0000002F          0x0800017c   Section        2  libinit2.o(.ARM.Collect$$libinit$$0000002F)
    .ARM.Collect$$libshutdown$$00000000      0x0800017e   Section        2  libshutdown.o(.ARM.Collect$$libshutdown$$00000000)
    .ARM.Collect$$libshutdown$$00000002      0x08000180   Section        4  libshutdown2.o(.ARM.Collect$$libshutdown$$00000002)
    .ARM.Collect$$libshutdown$$00000003      0x08000184   Section        0  libshutdown2.o(.ARM.Collect$$libshutdown$$00000003)
    .ARM.Collect$$libshutdown$$00000006      0x08000184   Section        0  libshutdown2.o(.ARM.Collect$$libshutdown$$00000006)
    .ARM.Collect$$libshutdown$$00000009      0x08000184   Section        0  libshutdown2.o(.ARM.Collect$$libshutdown$$00000009)
    .ARM.Collect$$libshutdown$$0000000B      0x08000184   Section        0  libshutdown2.o(.ARM.Collect$$libshutdown$$0000000B)
    .ARM.Collect$$libshutdown$$0000000E      0x08000184   Section        0  libshutdown2.o(.ARM.Collect$$libshutdown$$0000000E)
    .ARM.Collect$$libshutdown$$0000000F      0x08000184   Section        2  libshutdown2.o(.ARM.Collect$$libshutdown$$0000000F)
    .ARM.Collect$$rtentry$$00000000          0x08000186   Section        0  rtentry.o(.ARM.Collect$$rtentry$$00000000)
    .ARM.Collect$$rtentry$$00000002          0x08000186   Section        0  rtentry2.o(.ARM.Collect$$rtentry$$00000002)
    .ARM.Collect$$rtentry$$00000004          0x08000186   Section        6  rtentry4.o(.ARM.Collect$$rtentry$$00000004)
    .ARM.Collect$$rtentry$$00000009          0x0800018c   Section        0  rtentry2.o(.ARM.Collect$$rtentry$$00000009)
    .ARM.Collect$$rtentry$$0000000A          0x0800018c   Section        4  rtentry2.o(.ARM.Collect$$rtentry$$0000000A)
    .ARM.Collect$$rtentry$$0000000C          0x08000190   Section        0  rtentry2.o(.ARM.Collect$$rtentry$$0000000C)
    .ARM.Collect$$rtentry$$0000000D          0x08000190   Section        8  rtentry2.o(.ARM.Collect$$rtentry$$0000000D)
    .ARM.Collect$$rtexit$$00000000           0x08000198   Section        2  rtexit.o(.ARM.Collect$$rtexit$$00000000)
    .ARM.Collect$$rtexit$$00000002           0x0800019a   Section        0  rtexit2.o(.ARM.Collect$$rtexit$$00000002)
    .ARM.Collect$$rtexit$$00000003           0x0800019a   Section        4  rtexit2.o(.ARM.Collect$$rtexit$$00000003)
    .ARM.Collect$$rtexit$$00000004           0x0800019e   Section        6  rtexit2.o(.ARM.Collect$$rtexit$$00000004)
    .emb_text                                0x080001a4   Section        0  maybetermalloc1.o(.emb_text)
    .text                                    0x080001a4   Section        0  main.o(.text)
    .text                                    0x08000208   Section        0  adc.o(.text)
    .text                                    0x0800027c   Section        0  system_stm32f10x.o(.text)
    SetSysClockTo56                          0x0800027d   Thumb Code   192  system_stm32f10x.o(.text)
    SetSysClock                              0x0800033d   Thumb Code     8  system_stm32f10x.o(.text)
    .text                                    0x08000444   Section        0  bsp.o(.text)
    .text                                    0x080005c0   Section        0  stm32f10x_adc.o(.text)
    .text                                    0x080009fc   Section        0  stm32f10x_flash.o(.text)
    .text                                    0x08000fb4   Section        0  stm32f10x_gpio.o(.text)
    .text                                    0x0800130c   Section        0  stm32f10x_rcc.o(.text)
    .text                                    0x080016ac   Section        0  stm32f10x_usart.o(.text)
    .text                                    0x08001ab8   Section       64  startup_stm32f10x_md.o(.text)
    .text                                    0x08001af8   Section        0  noretval__2printf.o(.text)
    .text                                    0x08001b10   Section        0  __printf.o(.text)
    .text                                    0x08001b7c   Section        0  _printf_dec.o(.text)
    .text                                    0x08001bf4   Section        0  heapauxi.o(.text)
    .text                                    0x08001bfa   Section        0  _printf_intcommon.o(.text)
    .text                                    0x08001cb4   Section        0  _printf_char_file.o(.text)
    .text                                    0x08001cd8   Section        0  _printf_char_common.o(.text)
    _printf_input_char                       0x08001cd9   Thumb Code    10  _printf_char_common.o(.text)
    .text                                    0x08001d08   Section        0  ferror.o(.text)
    .text                                    0x08001d10   Section        0  initio.o(.text)
    .text                                    0x08001e48   Section        0  sys_io.o(.text)
    .text                                    0x08001eae   Section       74  sys_stackheap_outer.o(.text)
    .text                                    0x08001ef8   Section        0  h1_free.o(.text)
    .text                                    0x08001f46   Section        0  setvbuf.o(.text)
    .text                                    0x08001f8c   Section        0  fopen.o(.text)
    _freopen_locked                          0x08001f8d   Thumb Code     0  fopen.o(.text)
    .text                                    0x08002078   Section        0  fclose.o(.text)
    .text                                    0x080020c4   Section        0  exit.o(.text)
    .text                                    0x080020d0   Section        0  defsig_rtred_outer.o(.text)
    .text                                    0x080020de   Section       78  rt_memclr_w.o(.text)
    .text                                    0x0800212c   Section        8  libspace.o(.text)
    .text                                    0x08002134   Section        2  use_no_semi.o(.text)
    .text                                    0x08002136   Section        0  indicate_semi.o(.text)
    .text                                    0x08002138   Section        8  rt_heap_descriptor_intlibspace.o(.text)
    .text                                    0x08002140   Section        0  hguard.o(.text)
    .text                                    0x08002144   Section        0  init_alloc.o(.text)
    .text                                    0x080021ce   Section        0  h1_alloc.o(.text)
    .text                                    0x0800222c   Section        0  fseek.o(.text)
    .text                                    0x08002324   Section        0  stdio.o(.text)
    .text                                    0x08002414   Section        0  defsig_exit.o(.text)
    .text                                    0x08002420   Section        0  defsig_rtred_inner.o(.text)
    .text                                    0x08002454   Section        0  strlen.o(.text)
    .text                                    0x08002494   Section        0  sys_exit.o(.text)
    .text                                    0x080024a0   Section        8  rt_fp_status_addr_intlibspace.o(.text)
    .text                                    0x080024a8   Section        0  h1_init.o(.text)
    .text                                    0x080024b6   Section        0  h1_extend.o(.text)
    .text                                    0x080024ea   Section        0  ftell.o(.text)
    .text                                    0x08002530   Section        0  defsig_general.o(.text)
    .text                                    0x08002562   Section        0  defsig_rtmem_outer.o(.text)
    .text                                    0x08002570   Section        0  sys_wrch.o(.text)
    .text                                    0x08002580   Section        8  rt_errno_addr_intlibspace.o(.text)
    .text                                    0x08002588   Section        0  defsig_rtmem_inner.o(.text)
    x$fpl$fpinit                             0x080025d8   Section       14  fpinit.o(x$fpl$fpinit)
    .constdata                               0x080025e6   Section        4  sys_io.o(.constdata)
    .constdata                               0x080025ea   Section        4  sys_io.o(.constdata)
    .constdata                               0x080025ee   Section        4  sys_io.o(.constdata)
    .data                                    0x20000000   Section       20  system_stm32f10x.o(.data)
    .data                                    0x20000014   Section       20  stm32f10x_rcc.o(.data)
    APBAHBPrescTable                         0x20000014   Data          16  stm32f10x_rcc.o(.data)
    ADCPrescTable                            0x20000024   Data           4  stm32f10x_rcc.o(.data)
    .data                                    0x20000028   Section        4  stdio_streams.o(.data)
    .data                                    0x2000002c   Section        4  stdio_streams.o(.data)
    .data                                    0x20000030   Section        4  stdio_streams.o(.data)
    .bss                                     0x20000034   Section       80  stdio_streams.o(.bss)
    .bss                                     0x20000084   Section       80  stdio_streams.o(.bss)
    .bss                                     0x200000d4   Section       80  stdio_streams.o(.bss)
    .bss                                     0x20000124   Section       96  libspace.o(.bss)
    HEAP                                     0x20000188   Section      512  startup_stm32f10x_md.o(HEAP)
    Heap_Mem                                 0x20000188   Data         512  startup_stm32f10x_md.o(HEAP)
    STACK                                    0x20000388   Section     1024  startup_stm32f10x_md.o(STACK)
    Stack_Mem                                0x20000388   Data        1024  startup_stm32f10x_md.o(STACK)
    __initial_sp                             0x20000788   Data           0  startup_stm32f10x_md.o(STACK)

    Global Symbols

    Symbol Name                              Value     Ov Type        Size  Object(Section)

    BuildAttributes$$THM_ISAv4$P$D$K$B$S$PE$A:L22UL41UL21$X:L11$S22US41US21$IEEE1$IW$USESV6$~STKCKD$USESV7$~SHL$OTIME$ROPI$EBA8$UX$STANDARDLIB$REQ8$PRES8$EABIv2 0x00000000   Number         0  anon$$obj.o ABSOLUTE
    __ARM_use_no_argv                        0x00000000   Number         0  main.o ABSOLUTE
    __ARM_exceptions_init                     - Undefined Weak Reference
    __alloca_initialize                       - Undefined Weak Reference
    __cpp_initialize__aeabi_                  - Undefined Weak Reference
    __cxa_finalize                            - Undefined Weak Reference
    __rt_locale                               - Undefined Weak Reference
    __sigvec_lookup                           - Undefined Weak Reference
    __user_heap_extent                        - Undefined Weak Reference
    _atexit_init                              - Undefined Weak Reference
    _call_atexit_fns                          - Undefined Weak Reference
    _clock_init                               - Undefined Weak Reference
    _fp_trap_init                             - Undefined Weak Reference
    _fp_trap_shutdown                         - Undefined Weak Reference
    _get_lc_collate                           - Undefined Weak Reference
    _get_lc_ctype                             - Undefined Weak Reference
    _get_lc_monetary                          - Undefined Weak Reference
    _get_lc_numeric                           - Undefined Weak Reference
    _get_lc_time                              - Undefined Weak Reference
    _getenv_init                              - Undefined Weak Reference
    _handle_redirection                       - Undefined Weak Reference
    _mutex_acquire                            - Undefined Weak Reference
    _mutex_free                               - Undefined Weak Reference
    _mutex_release                            - Undefined Weak Reference
    _printf_post_padding                      - Undefined Weak Reference
    _printf_pre_padding                       - Undefined Weak Reference
    _printf_truncate_signed                   - Undefined Weak Reference
    _printf_truncate_unsigned                 - Undefined Weak Reference
    _rand_init                                - Undefined Weak Reference
    _signal_finish                            - Undefined Weak Reference
    _signal_init                              - Undefined Weak Reference
    __Vectors_Size                           0x000000ec   Number         0  startup_stm32f10x_md.o ABSOLUTE
    __Vectors                                0x08000000   Data           4  startup_stm32f10x_md.o(RESET)
    __Vectors_End                            0x080000ec   Data           0  startup_stm32f10x_md.o(RESET)
    __main                                   0x080000ed   Thumb Code     8  __main.o(!!!main)
    __scatterload                            0x080000f5   Thumb Code     0  __scatter.o(!!!scatter)
    __scatterload_rt2                        0x080000f5   Thumb Code    44  __scatter.o(!!!scatter)
    __scatterload_rt2_thumb_only             0x080000f5   Thumb Code     0  __scatter.o(!!!scatter)
    __scatterload_null                       0x08000103   Thumb Code     0  __scatter.o(!!!scatter)
    __scatterload_copy                       0x08000129   Thumb Code    26  __scatter_copy.o(!!handler_copy)
    __scatterload_zeroinit                   0x08000145   Thumb Code    28  __scatter_zi.o(!!handler_zi)
    _printf_d                                0x08000161   Thumb Code     0  _printf_d.o(.ARM.Collect$$_printf_percent$$00000009)
    _printf_percent                          0x08000161   Thumb Code     0  _printf_percent.o(.ARM.Collect$$_printf_percent$$00000000)
    _printf_percent_end                      0x08000167   Thumb Code     0  _printf_percent_end.o(.ARM.Collect$$_printf_percent$$00000017)
    __rt_lib_init                            0x0800016b   Thumb Code     0  libinit.o(.ARM.Collect$$libinit$$00000000)
    __rt_lib_init_heap_2                     0x08000171   Thumb Code     0  libinit2.o(.ARM.Collect$$libinit$$00000001)
    __rt_lib_init_atexit_1                   0x08000179   Thumb Code     0  libinit2.o(.ARM.Collect$$libinit$$00000017)
    __rt_lib_init_clock_1                    0x08000179   Thumb Code     0  libinit2.o(.ARM.Collect$$libinit$$0000001D)
    __rt_lib_init_fp_trap_1                  0x08000179   Thumb Code     0  libinit2.o(.ARM.Collect$$libinit$$0000001B)
    __rt_lib_init_getenv_1                   0x08000179   Thumb Code     0  libinit2.o(.ARM.Collect$$libinit$$0000001F)
    __rt_lib_init_heap_1                     0x08000179   Thumb Code     0  libinit2.o(.ARM.Collect$$libinit$$00000006)
    __rt_lib_init_lc_collate_1               0x08000179   Thumb Code     0  libinit2.o(.ARM.Collect$$libinit$$0000000D)
    __rt_lib_init_lc_ctype_1                 0x08000179   Thumb Code     0  libinit2.o(.ARM.Collect$$libinit$$0000000F)
    __rt_lib_init_lc_monetary_1              0x08000179   Thumb Code     0  libinit2.o(.ARM.Collect$$libinit$$00000011)
    __rt_lib_init_lc_numeric_1               0x08000179   Thumb Code     0  libinit2.o(.ARM.Collect$$libinit$$00000013)
    __rt_lib_init_lc_time_1                  0x08000179   Thumb Code     0  libinit2.o(.ARM.Collect$$libinit$$00000015)
    __rt_lib_init_rand_1                     0x08000179   Thumb Code     0  libinit2.o(.ARM.Collect$$libinit$$0000000A)
    __rt_lib_init_signal_1                   0x08000179   Thumb Code     0  libinit2.o(.ARM.Collect$$libinit$$00000019)
    __rt_lib_init_stdio_2                    0x08000179   Thumb Code     0  libinit2.o(.ARM.Collect$$libinit$$00000020)
    __rt_lib_init_user_alloc_1               0x08000179   Thumb Code     0  libinit2.o(.ARM.Collect$$libinit$$00000008)
    __rt_lib_init_alloca_1                   0x0800017d   Thumb Code     0  libinit2.o(.ARM.Collect$$libinit$$0000002A)
    __rt_lib_init_argv_1                     0x0800017d   Thumb Code     0  libinit2.o(.ARM.Collect$$libinit$$00000028)
    __rt_lib_init_cpp_1                      0x0800017d   Thumb Code     0  libinit2.o(.ARM.Collect$$libinit$$0000002E)
    __rt_lib_init_exceptions_1               0x0800017d   Thumb Code     0  libinit2.o(.ARM.Collect$$libinit$$0000002C)
    __rt_lib_init_return                     0x0800017d   Thumb Code     0  libinit2.o(.ARM.Collect$$libinit$$0000002F)
    __rt_lib_init_stdio_1                    0x0800017d   Thumb Code     0  libinit2.o(.ARM.Collect$$libinit$$00000021)
    __rt_lib_shutdown                        0x0800017f   Thumb Code     0  libshutdown.o(.ARM.Collect$$libshutdown$$00000000)
    __rt_lib_shutdown_stdio_2                0x08000181   Thumb Code     0  libshutdown2.o(.ARM.Collect$$libshutdown$$00000002)
    __rt_lib_shutdown_fp_trap_1              0x08000185   Thumb Code     0  libshutdown2.o(.ARM.Collect$$libshutdown$$00000006)
    __rt_lib_shutdown_heap_1                 0x08000185   Thumb Code     0  libshutdown2.o(.ARM.Collect$$libshutdown$$0000000E)
    __rt_lib_shutdown_return                 0x08000185   Thumb Code     0  libshutdown2.o(.ARM.Collect$$libshutdown$$0000000F)
    __rt_lib_shutdown_signal_1               0x08000185   Thumb Code     0  libshutdown2.o(.ARM.Collect$$libshutdown$$00000009)
    __rt_lib_shutdown_stdio_1                0x08000185   Thumb Code     0  libshutdown2.o(.ARM.Collect$$libshutdown$$00000003)
    __rt_lib_shutdown_user_alloc_1           0x08000185   Thumb Code     0  libshutdown2.o(.ARM.Collect$$libshutdown$$0000000B)
    __rt_entry                               0x08000187   Thumb Code     0  rtentry.o(.ARM.Collect$$rtentry$$00000000)
    __rt_entry_presh_1                       0x08000187   Thumb Code     0  rtentry2.o(.ARM.Collect$$rtentry$$00000002)
    __rt_entry_sh                            0x08000187   Thumb Code     0  rtentry4.o(.ARM.Collect$$rtentry$$00000004)
    __rt_entry_li                            0x0800018d   Thumb Code     0  rtentry2.o(.ARM.Collect$$rtentry$$0000000A)
    __rt_entry_postsh_1                      0x0800018d   Thumb Code     0  rtentry2.o(.ARM.Collect$$rtentry$$00000009)
    __rt_entry_main                          0x08000191   Thumb Code     0  rtentry2.o(.ARM.Collect$$rtentry$$0000000D)
    __rt_entry_postli_1                      0x08000191   Thumb Code     0  rtentry2.o(.ARM.Collect$$rtentry$$0000000C)
    __rt_exit                                0x08000199   Thumb Code     0  rtexit.o(.ARM.Collect$$rtexit$$00000000)
    __rt_exit_ls                             0x0800019b   Thumb Code     0  rtexit2.o(.ARM.Collect$$rtexit$$00000003)
    __rt_exit_prels_1                        0x0800019b   Thumb Code     0  rtexit2.o(.ARM.Collect$$rtexit$$00000002)
    __rt_exit_exit                           0x0800019f   Thumb Code     0  rtexit2.o(.ARM.Collect$$rtexit$$00000004)
    _maybe_terminate_alloc                   0x080001a5   Thumb Code     0  maybetermalloc1.o(.emb_text)
    main                                     0x080001a5   Thumb Code    72  main.o(.text)
    ADC_Configuration                        0x08000209   Thumb Code   110  adc.o(.text)
    SystemInit                               0x08000345   Thumb Code    78  system_stm32f10x.o(.text)
    SystemCoreClockUpdate                    0x08000393   Thumb Code   142  system_stm32f10x.o(.text)
    RCC_Configuration                        0x08000445   Thumb Code   106  bsp.o(.text)
    GPIO_Configuration                       0x080004af   Thumb Code    52  bsp.o(.text)
    USART_Configuration                      0x080004e3   Thumb Code   132  bsp.o(.text)
    fputc                                    0x08000567   Thumb Code    30  bsp.o(.text)
    GetKey                                   0x08000585   Thumb Code    24  bsp.o(.text)
    delayms                                  0x0800059d   Thumb Code    24  bsp.o(.text)
    ADC_DeInit                               0x080005c1   Thumb Code    78  stm32f10x_adc.o(.text)
    ADC_Init                                 0x0800060f   Thumb Code    70  stm32f10x_adc.o(.text)
    ADC_StructInit                           0x08000655   Thumb Code    18  stm32f10x_adc.o(.text)
    ADC_Cmd                                  0x08000667   Thumb Code    22  stm32f10x_adc.o(.text)
    ADC_DMACmd                               0x0800067d   Thumb Code    22  stm32f10x_adc.o(.text)
    ADC_ITConfig                             0x08000693   Thumb Code    24  stm32f10x_adc.o(.text)
    ADC_ResetCalibration                     0x080006ab   Thumb Code    10  stm32f10x_adc.o(.text)
    ADC_GetResetCalibrationStatus            0x080006b5   Thumb Code    20  stm32f10x_adc.o(.text)
    ADC_StartCalibration                     0x080006c9   Thumb Code    10  stm32f10x_adc.o(.text)
    ADC_GetCalibrationStatus                 0x080006d3   Thumb Code    20  stm32f10x_adc.o(.text)
    ADC_SoftwareStartConvCmd                 0x080006e7   Thumb Code    22  stm32f10x_adc.o(.text)
    ADC_GetSoftwareStartConvStatus           0x080006fd   Thumb Code    20  stm32f10x_adc.o(.text)
    ADC_DiscModeChannelCountConfig           0x08000711   Thumb Code    24  stm32f10x_adc.o(.text)
    ADC_DiscModeCmd                          0x08000729   Thumb Code    22  stm32f10x_adc.o(.text)
    ADC_RegularChannelConfig                 0x0800073f   Thumb Code   184  stm32f10x_adc.o(.text)
    ADC_ExternalTrigConvCmd                  0x080007f7   Thumb Code    22  stm32f10x_adc.o(.text)
    ADC_GetConversionValue                   0x0800080d   Thumb Code     8  stm32f10x_adc.o(.text)
    ADC_GetDualModeConversionValue           0x08000815   Thumb Code     8  stm32f10x_adc.o(.text)
    ADC_AutoInjectedConvCmd                  0x0800081d   Thumb Code    22  stm32f10x_adc.o(.text)
    ADC_InjectedDiscModeCmd                  0x08000833   Thumb Code    22  stm32f10x_adc.o(.text)
    ADC_ExternalTrigInjectedConvConfig       0x08000849   Thumb Code    16  stm32f10x_adc.o(.text)
    ADC_ExternalTrigInjectedConvCmd          0x08000859   Thumb Code    22  stm32f10x_adc.o(.text)
    ADC_SoftwareStartInjectedConvCmd         0x0800086f   Thumb Code    22  stm32f10x_adc.o(.text)
    ADC_GetSoftwareStartInjectedConvCmdStatus 0x08000885   Thumb Code    20  stm32f10x_adc.o(.text)
    ADC_InjectedChannelConfig                0x08000899   Thumb Code   130  stm32f10x_adc.o(.text)
    ADC_InjectedSequencerLengthConfig        0x0800091b   Thumb Code    24  stm32f10x_adc.o(.text)
    ADC_SetInjectedOffset                    0x08000933   Thumb Code    12  stm32f10x_adc.o(.text)
    ADC_GetInjectedConversionValue           0x0800093f   Thumb Code    18  stm32f10x_adc.o(.text)
    ADC_AnalogWatchdogCmd                    0x08000951   Thumb Code    16  stm32f10x_adc.o(.text)
    ADC_AnalogWatchdogThresholdsConfig       0x08000961   Thumb Code     6  stm32f10x_adc.o(.text)
    ADC_AnalogWatchdogSingleChannelConfig    0x08000967   Thumb Code    16  stm32f10x_adc.o(.text)
    ADC_TempSensorVrefintCmd                 0x08000977   Thumb Code    38  stm32f10x_adc.o(.text)
    ADC_GetFlagStatus                        0x0800099d   Thumb Code    44  stm32f10x_adc.o(.text)
    ADC_ClearFlag                            0x080009c9   Thumb Code     6  stm32f10x_adc.o(.text)
    ADC_GetITStatus                          0x080009cf   Thumb Code    36  stm32f10x_adc.o(.text)
    ADC_ClearITPendingBit                    0x080009f3   Thumb Code    10  stm32f10x_adc.o(.text)
    FLASH_SetLatency                         0x080009fd   Thumb Code    18  stm32f10x_flash.o(.text)
    FLASH_HalfCycleAccessCmd                 0x08000a0f   Thumb Code    22  stm32f10x_flash.o(.text)
    FLASH_PrefetchBufferCmd                  0x08000a25   Thumb Code    22  stm32f10x_flash.o(.text)
    FLASH_Unlock                             0x08000a3b   Thumb Code    12  stm32f10x_flash.o(.text)
    FLASH_UnlockBank1                        0x08000a47   Thumb Code    12  stm32f10x_flash.o(.text)
    FLASH_Lock                               0x08000a53   Thumb Code    14  stm32f10x_flash.o(.text)
    FLASH_LockBank1                          0x08000a61   Thumb Code    14  stm32f10x_flash.o(.text)
    FLASH_GetBank1Status                     0x08000a6f   Thumb Code    50  stm32f10x_flash.o(.text)
    FLASH_WaitForLastOperation               0x08000aa1   Thumb Code    38  stm32f10x_flash.o(.text)
    FLASH_ErasePage                          0x08000ac7   Thumb Code    72  stm32f10x_flash.o(.text)
    FLASH_EraseAllPages                      0x08000b0f   Thumb Code    68  stm32f10x_flash.o(.text)
    FLASH_WaitForLastBank1Operation          0x08000b53   Thumb Code    38  stm32f10x_flash.o(.text)
    FLASH_EraseAllBank1Pages                 0x08000b79   Thumb Code    68  stm32f10x_flash.o(.text)
    FLASH_GetReadOutProtectionStatus         0x08000bbd   Thumb Code    20  stm32f10x_flash.o(.text)
    FLASH_EraseOptionBytes                   0x08000bd1   Thumb Code   150  stm32f10x_flash.o(.text)
    FLASH_ProgramWord                        0x08000c67   Thumb Code    96  stm32f10x_flash.o(.text)
    FLASH_ProgramHalfWord                    0x08000cc7   Thumb Code    60  stm32f10x_flash.o(.text)
    FLASH_ProgramOptionByteData              0x08000d03   Thumb Code    72  stm32f10x_flash.o(.text)
    FLASH_EnableWriteProtection              0x08000d4b   Thumb Code   200  stm32f10x_flash.o(.text)
    FLASH_ReadOutProtection                  0x08000e13   Thumb Code   156  stm32f10x_flash.o(.text)
    FLASH_UserOptionByteConfig               0x08000eaf   Thumb Code    88  stm32f10x_flash.o(.text)
    FLASH_GetUserOptionByte                  0x08000f07   Thumb Code     8  stm32f10x_flash.o(.text)
    FLASH_GetWriteProtectionOptionByte       0x08000f0f   Thumb Code     6  stm32f10x_flash.o(.text)
    FLASH_GetPrefetchBufferStatus            0x08000f15   Thumb Code    20  stm32f10x_flash.o(.text)
    FLASH_ITConfig                           0x08000f29   Thumb Code    26  stm32f10x_flash.o(.text)
    FLASH_GetFlagStatus                      0x08000f43   Thumb Code    42  stm32f10x_flash.o(.text)
    FLASH_ClearFlag                          0x08000f6d   Thumb Code     6  stm32f10x_flash.o(.text)
    FLASH_GetStatus                          0x08000f73   Thumb Code    50  stm32f10x_flash.o(.text)
    GPIO_DeInit                              0x08000fb5   Thumb Code   172  stm32f10x_gpio.o(.text)
    GPIO_AFIODeInit                          0x08001061   Thumb Code    20  stm32f10x_gpio.o(.text)
    GPIO_Init                                0x08001075   Thumb Code   274  stm32f10x_gpio.o(.text)
    GPIO_StructInit                          0x08001187   Thumb Code    16  stm32f10x_gpio.o(.text)
    GPIO_ReadInputDataBit                    0x08001197   Thumb Code    18  stm32f10x_gpio.o(.text)
    GPIO_ReadInputData                       0x080011a9   Thumb Code     8  stm32f10x_gpio.o(.text)
    GPIO_ReadOutputDataBit                   0x080011b1   Thumb Code    18  stm32f10x_gpio.o(.text)
    GPIO_ReadOutputData                      0x080011c3   Thumb Code     8  stm32f10x_gpio.o(.text)
    GPIO_SetBits                             0x080011cb   Thumb Code     4  stm32f10x_gpio.o(.text)
    GPIO_ResetBits                           0x080011cf   Thumb Code     4  stm32f10x_gpio.o(.text)
    GPIO_WriteBit                            0x080011d3   Thumb Code    10  stm32f10x_gpio.o(.text)
    GPIO_Write                               0x080011dd   Thumb Code     4  stm32f10x_gpio.o(.text)
    GPIO_PinLockConfig                       0x080011e1   Thumb Code    18  stm32f10x_gpio.o(.text)
    GPIO_EventOutputConfig                   0x080011f3   Thumb Code    26  stm32f10x_gpio.o(.text)
    GPIO_EventOutputCmd                      0x0800120d   Thumb Code     6  stm32f10x_gpio.o(.text)
    GPIO_PinRemapConfig                      0x08001213   Thumb Code   138  stm32f10x_gpio.o(.text)
    GPIO_EXTILineConfig                      0x0800129d   Thumb Code    66  stm32f10x_gpio.o(.text)
    GPIO_ETH_MediaInterfaceConfig            0x080012df   Thumb Code     6  stm32f10x_gpio.o(.text)
    RCC_DeInit                               0x0800130d   Thumb Code    64  stm32f10x_rcc.o(.text)
    RCC_HSEConfig                            0x0800134d   Thumb Code    70  stm32f10x_rcc.o(.text)
    RCC_GetFlagStatus                        0x08001393   Thumb Code    56  stm32f10x_rcc.o(.text)
    RCC_WaitForHSEStartUp                    0x080013cb   Thumb Code    48  stm32f10x_rcc.o(.text)
    RCC_AdjustHSICalibrationValue            0x080013fb   Thumb Code    20  stm32f10x_rcc.o(.text)
    RCC_HSICmd                               0x0800140f   Thumb Code     6  stm32f10x_rcc.o(.text)
    RCC_PLLConfig                            0x08001415   Thumb Code    24  stm32f10x_rcc.o(.text)
    RCC_PLLCmd                               0x0800142d   Thumb Code     6  stm32f10x_rcc.o(.text)
    RCC_SYSCLKConfig                         0x08001433   Thumb Code    18  stm32f10x_rcc.o(.text)
    RCC_GetSYSCLKSource                      0x08001445   Thumb Code    10  stm32f10x_rcc.o(.text)
    RCC_HCLKConfig                           0x0800144f   Thumb Code    18  stm32f10x_rcc.o(.text)
    RCC_PCLK1Config                          0x08001461   Thumb Code    18  stm32f10x_rcc.o(.text)
    RCC_PCLK2Config                          0x08001473   Thumb Code    20  stm32f10x_rcc.o(.text)
    RCC_ITConfig                             0x08001487   Thumb Code    30  stm32f10x_rcc.o(.text)
    RCC_USBCLKConfig                         0x080014a5   Thumb Code     6  stm32f10x_rcc.o(.text)
    RCC_ADCCLKConfig                         0x080014ab   Thumb Code    18  stm32f10x_rcc.o(.text)
    RCC_LSEConfig                            0x080014bd   Thumb Code    44  stm32f10x_rcc.o(.text)
    RCC_LSICmd                               0x080014e9   Thumb Code     6  stm32f10x_rcc.o(.text)
    RCC_RTCCLKConfig                         0x080014ef   Thumb Code    12  stm32f10x_rcc.o(.text)
    RCC_RTCCLKCmd                            0x080014fb   Thumb Code     8  stm32f10x_rcc.o(.text)
    RCC_GetClocksFreq                        0x08001503   Thumb Code   192  stm32f10x_rcc.o(.text)
    RCC_AHBPeriphClockCmd                    0x080015c3   Thumb Code    26  stm32f10x_rcc.o(.text)
    RCC_APB2PeriphClockCmd                   0x080015dd   Thumb Code    26  stm32f10x_rcc.o(.text)
    RCC_APB1PeriphClockCmd                   0x080015f7   Thumb Code    26  stm32f10x_rcc.o(.text)
    RCC_APB2PeriphResetCmd                   0x08001611   Thumb Code    26  stm32f10x_rcc.o(.text)
    RCC_APB1PeriphResetCmd                   0x0800162b   Thumb Code    26  stm32f10x_rcc.o(.text)
    RCC_BackupResetCmd                       0x08001645   Thumb Code     8  stm32f10x_rcc.o(.text)
    RCC_ClockSecuritySystemCmd               0x0800164d   Thumb Code     6  stm32f10x_rcc.o(.text)
    RCC_MCOConfig                            0x08001653   Thumb Code     6  stm32f10x_rcc.o(.text)
    RCC_ClearFlag                            0x08001659   Thumb Code    14  stm32f10x_rcc.o(.text)
    RCC_GetITStatus                          0x08001667   Thumb Code    20  stm32f10x_rcc.o(.text)
    RCC_ClearITPendingBit                    0x0800167b   Thumb Code     6  stm32f10x_rcc.o(.text)
    USART_DeInit                             0x080016ad   Thumb Code   134  stm32f10x_usart.o(.text)
    USART_Init                               0x08001733   Thumb Code   210  stm32f10x_usart.o(.text)
    USART_StructInit                         0x08001805   Thumb Code    24  stm32f10x_usart.o(.text)
    USART_ClockInit                          0x0800181d   Thumb Code    34  stm32f10x_usart.o(.text)
    USART_ClockStructInit                    0x0800183f   Thumb Code    12  stm32f10x_usart.o(.text)
    USART_Cmd                                0x0800184b   Thumb Code    24  stm32f10x_usart.o(.text)
    USART_ITConfig                           0x08001863   Thumb Code    74  stm32f10x_usart.o(.text)
    USART_DMACmd                             0x080018ad   Thumb Code    24  stm32f10x_usart.o(.text)
    USART_SetAddress                         0x080018c5   Thumb Code    18  stm32f10x_usart.o(.text)
    USART_WakeUpConfig                       0x080018d7   Thumb Code    18  stm32f10x_usart.o(.text)
    USART_ReceiverWakeUpCmd                  0x080018e9   Thumb Code    24  stm32f10x_usart.o(.text)
    USART_LINBreakDetectLengthConfig         0x08001901   Thumb Code    18  stm32f10x_usart.o(.text)
    USART_LINCmd                             0x08001913   Thumb Code    24  stm32f10x_usart.o(.text)
    USART_SendData                           0x0800192b   Thumb Code     8  stm32f10x_usart.o(.text)
    USART_ReceiveData                        0x08001933   Thumb Code    10  stm32f10x_usart.o(.text)
    USART_SendBreak                          0x0800193d   Thumb Code    10  stm32f10x_usart.o(.text)
    USART_SetGuardTime                       0x08001947   Thumb Code    16  stm32f10x_usart.o(.text)
    USART_SetPrescaler                       0x08001957   Thumb Code    16  stm32f10x_usart.o(.text)
    USART_SmartCardCmd                       0x08001967   Thumb Code    24  stm32f10x_usart.o(.text)
    USART_SmartCardNACKCmd                   0x0800197f   Thumb Code    24  stm32f10x_usart.o(.text)
    USART_HalfDuplexCmd                      0x08001997   Thumb Code    24  stm32f10x_usart.o(.text)
    USART_OverSampling8Cmd                   0x080019af   Thumb Code    22  stm32f10x_usart.o(.text)
    USART_OneBitMethodCmd                    0x080019c5   Thumb Code    24  stm32f10x_usart.o(.text)
    USART_IrDAConfig                         0x080019dd   Thumb Code    18  stm32f10x_usart.o(.text)
    USART_IrDACmd                            0x080019ef   Thumb Code    24  stm32f10x_usart.o(.text)
    USART_GetFlagStatus                      0x08001a07   Thumb Code    26  stm32f10x_usart.o(.text)
    USART_ClearFlag                          0x08001a21   Thumb Code    18  stm32f10x_usart.o(.text)
    USART_GetITStatus                        0x08001a33   Thumb Code    84  stm32f10x_usart.o(.text)
    USART_ClearITPendingBit                  0x08001a87   Thumb Code    50  stm32f10x_usart.o(.text)
    Reset_Handler                            0x08001ab9   Thumb Code     8  startup_stm32f10x_md.o(.text)
    NMI_Handler                              0x08001ac1   Thumb Code     2  startup_stm32f10x_md.o(.text)
    HardFault_Handler                        0x08001ac3   Thumb Code     2  startup_stm32f10x_md.o(.text)
    MemManage_Handler                        0x08001ac5   Thumb Code     2  startup_stm32f10x_md.o(.text)
    BusFault_Handler                         0x08001ac7   Thumb Code     2  startup_stm32f10x_md.o(.text)
    UsageFault_Handler                       0x08001ac9   Thumb Code     2  startup_stm32f10x_md.o(.text)
    SVC_Handler                              0x08001acb   Thumb Code     2  startup_stm32f10x_md.o(.text)
    DebugMon_Handler                         0x08001acd   Thumb Code     2  startup_stm32f10x_md.o(.text)
    PendSV_Handler                           0x08001acf   Thumb Code     2  startup_stm32f10x_md.o(.text)
    SysTick_Handler                          0x08001ad1   Thumb Code     2  startup_stm32f10x_md.o(.text)
    ADC1_2_IRQHandler                        0x08001ad3   Thumb Code     0  startup_stm32f10x_md.o(.text)
    CAN1_RX1_IRQHandler                      0x08001ad3   Thumb Code     0  startup_stm32f10x_md.o(.text)
    CAN1_SCE_IRQHandler                      0x08001ad3   Thumb Code     0  startup_stm32f10x_md.o(.text)
    DMA1_Channel1_IRQHandler                 0x08001ad3   Thumb Code     0  startup_stm32f10x_md.o(.text)
    DMA1_Channel2_IRQHandler                 0x08001ad3   Thumb Code     0  startup_stm32f10x_md.o(.text)
    DMA1_Channel3_IRQHandler                 0x08001ad3   Thumb Code     0  startup_stm32f10x_md.o(.text)
    DMA1_Channel4_IRQHandler                 0x08001ad3   Thumb Code     0  startup_stm32f10x_md.o(.text)
    DMA1_Channel5_IRQHandler                 0x08001ad3   Thumb Code     0  startup_stm32f10x_md.o(.text)
    DMA1_Channel6_IRQHandler                 0x08001ad3   Thumb Code     0  startup_stm32f10x_md.o(.text)
    DMA1_Channel7_IRQHandler                 0x08001ad3   Thumb Code     0  startup_stm32f10x_md.o(.text)
    EXTI0_IRQHandler                         0x08001ad3   Thumb Code     0  startup_stm32f10x_md.o(.text)
    EXTI15_10_IRQHandler                     0x08001ad3   Thumb Code     0  startup_stm32f10x_md.o(.text)
    EXTI1_IRQHandler                         0x08001ad3   Thumb Code     0  startup_stm32f10x_md.o(.text)
    EXTI2_IRQHandler                         0x08001ad3   Thumb Code     0  startup_stm32f10x_md.o(.text)
    EXTI3_IRQHandler                         0x08001ad3   Thumb Code     0  startup_stm32f10x_md.o(.text)
    EXTI4_IRQHandler                         0x08001ad3   Thumb Code     0  startup_stm32f10x_md.o(.text)
    EXTI9_5_IRQHandler                       0x08001ad3   Thumb Code     0  startup_stm32f10x_md.o(.text)
    FLASH_IRQHandler                         0x08001ad3   Thumb Code     0  startup_stm32f10x_md.o(.text)
    I2C1_ER_IRQHandler                       0x08001ad3   Thumb Code     0  startup_stm32f10x_md.o(.text)
    I2C1_EV_IRQHandler                       0x08001ad3   Thumb Code     0  startup_stm32f10x_md.o(.text)
    I2C2_ER_IRQHandler                       0x08001ad3   Thumb Code     0  startup_stm32f10x_md.o(.text)
    I2C2_EV_IRQHandler                       0x08001ad3   Thumb Code     0  startup_stm32f10x_md.o(.text)
    PVD_IRQHandler                           0x08001ad3   Thumb Code     0  startup_stm32f10x_md.o(.text)
    RCC_IRQHandler                           0x08001ad3   Thumb Code     0  startup_stm32f10x_md.o(.text)
    RTCAlarm_IRQHandler                      0x08001ad3   Thumb Code     0  startup_stm32f10x_md.o(.text)
    RTC_IRQHandler                           0x08001ad3   Thumb Code     0  startup_stm32f10x_md.o(.text)
    SPI1_IRQHandler                          0x08001ad3   Thumb Code     0  startup_stm32f10x_md.o(.text)
    SPI2_IRQHandler                          0x08001ad3   Thumb Code     0  startup_stm32f10x_md.o(.text)
    TAMPER_IRQHandler                        0x08001ad3   Thumb Code     0  startup_stm32f10x_md.o(.text)
    TIM1_BRK_IRQHandler                      0x08001ad3   Thumb Code     0  startup_stm32f10x_md.o(.text)
    TIM1_CC_IRQHandler                       0x08001ad3   Thumb Code     0  startup_stm32f10x_md.o(.text)
    TIM1_TRG_COM_IRQHandler                  0x08001ad3   Thumb Code     0  startup_stm32f10x_md.o(.text)
    TIM1_UP_IRQHandler                       0x08001ad3   Thumb Code     0  startup_stm32f10x_md.o(.text)
    TIM2_IRQHandler                          0x08001ad3   Thumb Code     0  startup_stm32f10x_md.o(.text)
    TIM3_IRQHandler                          0x08001ad3   Thumb Code     0  startup_stm32f10x_md.o(.text)
    TIM4_IRQHandler                          0x08001ad3   Thumb Code     0  startup_stm32f10x_md.o(.text)
    USART1_IRQHandler                        0x08001ad3   Thumb Code     0  startup_stm32f10x_md.o(.text)
    USART2_IRQHandler                        0x08001ad3   Thumb Code     0  startup_stm32f10x_md.o(.text)
    USART3_IRQHandler                        0x08001ad3   Thumb Code     0  startup_stm32f10x_md.o(.text)
    USBWakeUp_IRQHandler                     0x08001ad3   Thumb Code     0  startup_stm32f10x_md.o(.text)
    USB_HP_CAN1_TX_IRQHandler                0x08001ad3   Thumb Code     0  startup_stm32f10x_md.o(.text)
    USB_LP_CAN1_RX0_IRQHandler               0x08001ad3   Thumb Code     0  startup_stm32f10x_md.o(.text)
    WWDG_IRQHandler                          0x08001ad3   Thumb Code     0  startup_stm32f10x_md.o(.text)
    __user_initial_stackheap                 0x08001ad5   Thumb Code     0  startup_stm32f10x_md.o(.text)
    __2printf                                0x08001af9   Thumb Code    20  noretval__2printf.o(.text)
    __printf                                 0x08001b11   Thumb Code   106  __printf.o(.text)
    _printf_int_dec                          0x08001b7d   Thumb Code   102  _printf_dec.o(.text)
    __use_two_region_memory                  0x08001bf5   Thumb Code     2  heapauxi.o(.text)
    __rt_heap_escrow                         0x08001bf7   Thumb Code     2  heapauxi.o(.text)
    __rt_heap_expand                         0x08001bf9   Thumb Code     2  heapauxi.o(.text)
    _printf_int_common                       0x08001bfb   Thumb Code   184  _printf_intcommon.o(.text)
    _printf_char_file                        0x08001cb5   Thumb Code    32  _printf_char_file.o(.text)
    _printf_char_common                      0x08001ce3   Thumb Code    32  _printf_char_common.o(.text)
    ferror                                   0x08001d09   Thumb Code     8  ferror.o(.text)
    _initio                                  0x08001d11   Thumb Code   210  initio.o(.text)
    _terminateio                             0x08001de3   Thumb Code    56  initio.o(.text)
    _sys_open                                0x08001e49   Thumb Code    20  sys_io.o(.text)
    _sys_close                               0x08001e5d   Thumb Code    12  sys_io.o(.text)
    _sys_write                               0x08001e69   Thumb Code    16  sys_io.o(.text)
    _sys_read                                0x08001e79   Thumb Code    14  sys_io.o(.text)
    _sys_istty                               0x08001e87   Thumb Code    12  sys_io.o(.text)
    _sys_seek                                0x08001e93   Thumb Code    14  sys_io.o(.text)
    _sys_ensure                              0x08001ea1   Thumb Code     2  sys_io.o(.text)
    _sys_flen                                0x08001ea3   Thumb Code    12  sys_io.o(.text)
    __user_setup_stackheap                   0x08001eaf   Thumb Code    74  sys_stackheap_outer.o(.text)
    free                                     0x08001ef9   Thumb Code    78  h1_free.o(.text)
    setvbuf                                  0x08001f47   Thumb Code    70  setvbuf.o(.text)
    freopen                                  0x08001f8d   Thumb Code   158  fopen.o(.text)
    fopen                                    0x0800202b   Thumb Code    74  fopen.o(.text)
    _fclose_internal                         0x08002079   Thumb Code    76  fclose.o(.text)
    fclose                                   0x08002079   Thumb Code     0  fclose.o(.text)
    exit                                     0x080020c5   Thumb Code    12  exit.o(.text)
    __rt_SIGRTRED                            0x080020d1   Thumb Code    14  defsig_rtred_outer.o(.text)
    __aeabi_memclr4                          0x080020df   Thumb Code     0  rt_memclr_w.o(.text)
    __aeabi_memclr8                          0x080020df   Thumb Code     0  rt_memclr_w.o(.text)
    __rt_memclr_w                            0x080020df   Thumb Code    78  rt_memclr_w.o(.text)
    _memset_w                                0x080020e3   Thumb Code     0  rt_memclr_w.o(.text)
    __user_libspace                          0x0800212d   Thumb Code     8  libspace.o(.text)
    __user_perproc_libspace                  0x0800212d   Thumb Code     0  libspace.o(.text)
    __user_perthread_libspace                0x0800212d   Thumb Code     0  libspace.o(.text)
    __I$use$semihosting                      0x08002135   Thumb Code     0  use_no_semi.o(.text)
    __use_no_semihosting_swi                 0x08002135   Thumb Code     2  use_no_semi.o(.text)
    __semihosting_library_function           0x08002137   Thumb Code     0  indicate_semi.o(.text)
    __rt_heap_descriptor                     0x08002139   Thumb Code     8  rt_heap_descriptor_intlibspace.o(.text)
    __use_no_heap                            0x08002141   Thumb Code     2  hguard.o(.text)
    __heap$guard                             0x08002143   Thumb Code     2  hguard.o(.text)
    _terminate_user_alloc                    0x08002145   Thumb Code     2  init_alloc.o(.text)
    _init_user_alloc                         0x08002147   Thumb Code     2  init_alloc.o(.text)
    __Heap_Full                              0x08002149   Thumb Code    34  init_alloc.o(.text)
    __Heap_Broken                            0x0800216b   Thumb Code     6  init_alloc.o(.text)
    _init_alloc                              0x08002171   Thumb Code    94  init_alloc.o(.text)
    malloc                                   0x080021cf   Thumb Code    94  h1_alloc.o(.text)
    _fseek                                   0x0800222d   Thumb Code   244  fseek.o(.text)
    fseek                                    0x0800222d   Thumb Code     0  fseek.o(.text)
    _seterr                                  0x08002325   Thumb Code    20  stdio.o(.text)
    _writebuf                                0x08002339   Thumb Code    84  stdio.o(.text)
    _fflush                                  0x0800238d   Thumb Code    70  stdio.o(.text)
    _deferredlazyseek                        0x080023d3   Thumb Code    60  stdio.o(.text)
    __sig_exit                               0x08002415   Thumb Code    10  defsig_exit.o(.text)
    __rt_SIGRTRED_inner                      0x08002421   Thumb Code    14  defsig_rtred_inner.o(.text)
    strlen                                   0x08002455   Thumb Code    62  strlen.o(.text)
    _sys_exit                                0x08002495   Thumb Code     8  sys_exit.o(.text)
    __rt_fp_status_addr                      0x080024a1   Thumb Code     8  rt_fp_status_addr_intlibspace.o(.text)
    __Heap_Initialize                        0x080024a9   Thumb Code    10  h1_init.o(.text)
    __Heap_DescSize                          0x080024b3   Thumb Code     4  h1_init.o(.text)
    __Heap_ProvideMemory                     0x080024b7   Thumb Code    52  h1_extend.o(.text)
    _ftell_internal                          0x080024eb   Thumb Code    70  ftell.o(.text)
    ftell                                    0x080024eb   Thumb Code     0  ftell.o(.text)
    __default_signal_display                 0x08002531   Thumb Code    50  defsig_general.o(.text)
    __rt_SIGRTMEM                            0x08002563   Thumb Code    14  defsig_rtmem_outer.o(.text)
    _ttywrch                                 0x08002571   Thumb Code    14  sys_wrch.o(.text)
    __aeabi_errno_addr                       0x08002581   Thumb Code     8  rt_errno_addr_intlibspace.o(.text)
    __errno$intlibspace                      0x08002581   Thumb Code     0  rt_errno_addr_intlibspace.o(.text)
    __rt_errno_addr$intlibspace              0x08002581   Thumb Code     0  rt_errno_addr_intlibspace.o(.text)
    __rt_SIGRTMEM_inner                      0x08002589   Thumb Code    22  defsig_rtmem_inner.o(.text)
    _fp_init                                 0x080025d9   Thumb Code    14  fpinit.o(x$fpl$fpinit)
    __fplib_config_pureend_doubles           0x080025e5   Thumb Code     0  fpinit.o(x$fpl$fpinit)
    __stdin_name                             0x080025e6   Data           4  sys_io.o(.constdata)
    __stdout_name                            0x080025ea   Data           4  sys_io.o(.constdata)
    __stderr_name                            0x080025ee   Data           4  sys_io.o(.constdata)
    Region$$Table$$Base                      0x080025f4   Number         0  anon$$obj.o(Region$$Table)
    Region$$Table$$Limit                     0x08002614   Number         0  anon$$obj.o(Region$$Table)
    SystemCoreClock                          0x20000000   Data           4  system_stm32f10x.o(.data)
    AHBPrescTable                            0x20000004   Data          16  system_stm32f10x.o(.data)
    __aeabi_stdin                            0x20000028   Data           4  stdio_streams.o(.data)
    __aeabi_stdout                           0x2000002c   Data           4  stdio_streams.o(.data)
    __aeabi_stderr                           0x20000030   Data           4  stdio_streams.o(.data)
    __stdin                                  0x20000034   Data          80  stdio_streams.o(.bss)
    __stdout                                 0x20000084   Data          80  stdio_streams.o(.bss)
    __stderr                                 0x200000d4   Data          80  stdio_streams.o(.bss)
    __libspace_start                         0x20000124   Data          96  libspace.o(.bss)
    __temporary_stack_top$libspace           0x20000184   Data           0  libspace.o(.bss)



==============================================================================

Memory Map of the image

  Image Entry point : 0x080000ed

  Load Region LR_IROM1 (Base: 0x08000000, Size: 0x00002648, Max: 0x00040000, ABSOLUTE)

    Execution Region ER_IROM1 (Base: 0x08000000, Size: 0x00002614, Max: 0x00040000, ABSOLUTE)

    Base Addr    Size         Type   Attr      Idx    E Section Name        Object

    0x08000000   0x000000ec   Data   RO          444    RESET               startup_stm32f10x_md.o
    0x080000ec   0x00000008   Code   RO          483  * !!!main             c_w.l(__main.o)
    0x080000f4   0x00000034   Code   RO          806    !!!scatter          c_w.l(__scatter.o)
    0x08000128   0x0000001a   Code   RO          808    !!handler_copy      c_w.l(__scatter_copy.o)
    0x08000142   0x00000002   PAD
    0x08000144   0x0000001c   Code   RO          810    !!handler_zi        c_w.l(__scatter_zi.o)
    0x08000160   0x00000000   Code   RO          480    .ARM.Collect$$_printf_percent$$00000000  c_w.l(_printf_percent.o)
    0x08000160   0x00000006   Code   RO          479    .ARM.Collect$$_printf_percent$$00000009  c_w.l(_printf_d.o)
    0x08000166   0x00000004   Code   RO          490    .ARM.Collect$$_printf_percent$$00000017  c_w.l(_printf_percent_end.o)
    0x0800016a   0x00000006   Code   RO          613    .ARM.Collect$$libinit$$00000000  c_w.l(libinit.o)
    0x08000170   0x00000008   Code   RO          614    .ARM.Collect$$libinit$$00000001  c_w.l(libinit2.o)
    0x08000178   0x00000000   Code   RO          616    .ARM.Collect$$libinit$$00000006  c_w.l(libinit2.o)
    0x08000178   0x00000000   Code   RO          618    .ARM.Collect$$libinit$$00000008  c_w.l(libinit2.o)
    0x08000178   0x00000000   Code   RO          620    .ARM.Collect$$libinit$$0000000A  c_w.l(libinit2.o)
    0x08000178   0x00000000   Code   RO          623    .ARM.Collect$$libinit$$0000000D  c_w.l(libinit2.o)
    0x08000178   0x00000000   Code   RO          625    .ARM.Collect$$libinit$$0000000F  c_w.l(libinit2.o)
    0x08000178   0x00000000   Code   RO          627    .ARM.Collect$$libinit$$00000011  c_w.l(libinit2.o)
    0x08000178   0x00000000   Code   RO          629    .ARM.Collect$$libinit$$00000013  c_w.l(libinit2.o)
    0x08000178   0x00000000   Code   RO          631    .ARM.Collect$$libinit$$00000015  c_w.l(libinit2.o)
    0x08000178   0x00000000   Code   RO          633    .ARM.Collect$$libinit$$00000017  c_w.l(libinit2.o)
    0x08000178   0x00000000   Code   RO          635    .ARM.Collect$$libinit$$00000019  c_w.l(libinit2.o)
    0x08000178   0x00000000   Code   RO          637    .ARM.Collect$$libinit$$0000001B  c_w.l(libinit2.o)
    0x08000178   0x00000000   Code   RO          639    .ARM.Collect$$libinit$$0000001D  c_w.l(libinit2.o)
    0x08000178   0x00000000   Code   RO          641    .ARM.Collect$$libinit$$0000001F  c_w.l(libinit2.o)
    0x08000178   0x00000004   Code   RO          642    .ARM.Collect$$libinit$$00000020  c_w.l(libinit2.o)
    0x0800017c   0x00000000   Code   RO          643    .ARM.Collect$$libinit$$00000021  c_w.l(libinit2.o)
    0x0800017c   0x00000000   Code   RO          647    .ARM.Collect$$libinit$$00000028  c_w.l(libinit2.o)
    0x0800017c   0x00000000   Code   RO          649    .ARM.Collect$$libinit$$0000002A  c_w.l(libinit2.o)
    0x0800017c   0x00000000   Code   RO          651    .ARM.Collect$$libinit$$0000002C  c_w.l(libinit2.o)
    0x0800017c   0x00000000   Code   RO          653    .ARM.Collect$$libinit$$0000002E  c_w.l(libinit2.o)
    0x0800017c   0x00000002   Code   RO          654    .ARM.Collect$$libinit$$0000002F  c_w.l(libinit2.o)
    0x0800017e   0x00000002   Code   RO          785    .ARM.Collect$$libshutdown$$00000000  c_w.l(libshutdown.o)
    0x08000180   0x00000004   Code   RO          656    .ARM.Collect$$libshutdown$$00000002  c_w.l(libshutdown2.o)
    0x08000184   0x00000000   Code   RO          657    .ARM.Collect$$libshutdown$$00000003  c_w.l(libshutdown2.o)
    0x08000184   0x00000000   Code   RO          660    .ARM.Collect$$libshutdown$$00000006  c_w.l(libshutdown2.o)
    0x08000184   0x00000000   Code   RO          663    .ARM.Collect$$libshutdown$$00000009  c_w.l(libshutdown2.o)
    0x08000184   0x00000000   Code   RO          665    .ARM.Collect$$libshutdown$$0000000B  c_w.l(libshutdown2.o)
    0x08000184   0x00000000   Code   RO          668    .ARM.Collect$$libshutdown$$0000000E  c_w.l(libshutdown2.o)
    0x08000184   0x00000002   Code   RO          669    .ARM.Collect$$libshutdown$$0000000F  c_w.l(libshutdown2.o)
    0x08000186   0x00000000   Code   RO          485    .ARM.Collect$$rtentry$$00000000  c_w.l(rtentry.o)
    0x08000186   0x00000000   Code   RO          498    .ARM.Collect$$rtentry$$00000002  c_w.l(rtentry2.o)
    0x08000186   0x00000006   Code   RO          510    .ARM.Collect$$rtentry$$00000004  c_w.l(rtentry4.o)
    0x0800018c   0x00000000   Code   RO          500    .ARM.Collect$$rtentry$$00000009  c_w.l(rtentry2.o)
    0x0800018c   0x00000004   Code   RO          501    .ARM.Collect$$rtentry$$0000000A  c_w.l(rtentry2.o)
    0x08000190   0x00000000   Code   RO          503    .ARM.Collect$$rtentry$$0000000C  c_w.l(rtentry2.o)
    0x08000190   0x00000008   Code   RO          504    .ARM.Collect$$rtentry$$0000000D  c_w.l(rtentry2.o)
    0x08000198   0x00000002   Code   RO          676    .ARM.Collect$$rtexit$$00000000  c_w.l(rtexit.o)
    0x0800019a   0x00000000   Code   RO          726    .ARM.Collect$$rtexit$$00000002  c_w.l(rtexit2.o)
    0x0800019a   0x00000004   Code   RO          727    .ARM.Collect$$rtexit$$00000003  c_w.l(rtexit2.o)
    0x0800019e   0x00000006   Code   RO          728    .ARM.Collect$$rtexit$$00000004  c_w.l(rtexit2.o)
    0x080001a4   0x00000000   Code   RO          737    .emb_text           c_w.l(maybetermalloc1.o)
    0x080001a4   0x00000064   Code   RO            1    .text               main.o
    0x08000208   0x00000074   Code   RO          111    .text               adc.o
    0x0800027c   0x000001c8   Code   RO          123    .text               system_stm32f10x.o
    0x08000444   0x0000017c   Code   RO          141    .text               bsp.o
    0x080005c0   0x0000043c   Code   RO          165    .text               stm32f10x_adc.o
    0x080009fc   0x000005b8   Code   RO          273    .text               stm32f10x_flash.o
    0x08000fb4   0x00000358   Code   RO          297    .text               stm32f10x_gpio.o
    0x0800130c   0x000003a0   Code   RO          345    .text               stm32f10x_rcc.o
    0x080016ac   0x0000040c   Code   RO          407    .text               stm32f10x_usart.o
    0x08001ab8   0x00000040   Code   RO          445    .text               startup_stm32f10x_md.o
    0x08001af8   0x00000018   Code   RO          453    .text               c_w.l(noretval__2printf.o)
    0x08001b10   0x0000006a   Code   RO          455    .text               c_w.l(__printf.o)
    0x08001b7a   0x00000002   PAD
    0x08001b7c   0x00000078   Code   RO          457    .text               c_w.l(_printf_dec.o)
    0x08001bf4   0x00000006   Code   RO          481    .text               c_w.l(heapauxi.o)
    0x08001bfa   0x000000b8   Code   RO          486    .text               c_w.l(_printf_intcommon.o)
    0x08001cb2   0x00000002   PAD
    0x08001cb4   0x00000024   Code   RO          488    .text               c_w.l(_printf_char_file.o)
    0x08001cd8   0x00000030   Code   RO          512    .text               c_w.l(_printf_char_common.o)
    0x08001d08   0x00000008   Code   RO          514    .text               c_w.l(ferror.o)
    0x08001d10   0x00000138   Code   RO          516    .text               c_w.l(initio.o)
    0x08001e48   0x00000066   Code   RO          522    .text               c_w.l(sys_io.o)
    0x08001eae   0x0000004a   Code   RO          529    .text               c_w.l(sys_stackheap_outer.o)
    0x08001ef8   0x0000004e   Code   RO          533    .text               c_w.l(h1_free.o)
    0x08001f46   0x00000046   Code   RO          589    .text               c_w.l(setvbuf.o)
    0x08001f8c   0x000000ec   Code   RO          592    .text               c_w.l(fopen.o)
    0x08002078   0x0000004c   Code   RO          594    .text               c_w.l(fclose.o)
    0x080020c4   0x0000000c   Code   RO          600    .text               c_w.l(exit.o)
    0x080020d0   0x0000000e   Code   RO          602    .text               c_w.l(defsig_rtred_outer.o)
    0x080020de   0x0000004e   Code   RO          606    .text               c_w.l(rt_memclr_w.o)
    0x0800212c   0x00000008   Code   RO          670    .text               c_w.l(libspace.o)
    0x08002134   0x00000002   Code   RO          673    .text               c_w.l(use_no_semi.o)
    0x08002136   0x00000000   Code   RO          675    .text               c_w.l(indicate_semi.o)
    0x08002136   0x00000002   PAD
    0x08002138   0x00000008   Code   RO          683    .text               c_w.l(rt_heap_descriptor_intlibspace.o)
    0x08002140   0x00000004   Code   RO          685    .text               c_w.l(hguard.o)
    0x08002144   0x0000008a   Code   RO          687    .text               c_w.l(init_alloc.o)
    0x080021ce   0x0000005e   Code   RO          693    .text               c_w.l(h1_alloc.o)
    0x0800222c   0x000000f8   Code   RO          707    .text               c_w.l(fseek.o)
    0x08002324   0x000000f0   Code   RO          709    .text               c_w.l(stdio.o)
    0x08002414   0x0000000a   Code   RO          711    .text               c_w.l(defsig_exit.o)
    0x0800241e   0x00000002   PAD
    0x08002420   0x00000034   Code   RO          713    .text               c_w.l(defsig_rtred_inner.o)
    0x08002454   0x0000003e   Code   RO          715    .text               c_w.l(strlen.o)
    0x08002492   0x00000002   PAD
    0x08002494   0x0000000c   Code   RO          723    .text               c_w.l(sys_exit.o)
    0x080024a0   0x00000008   Code   RO          735    .text               c_w.l(rt_fp_status_addr_intlibspace.o)
    0x080024a8   0x0000000e   Code   RO          739    .text               c_w.l(h1_init.o)
    0x080024b6   0x00000034   Code   RO          741    .text               c_w.l(h1_extend.o)
    0x080024ea   0x00000046   Code   RO          747    .text               c_w.l(ftell.o)
    0x08002530   0x00000032   Code   RO          751    .text               c_w.l(defsig_general.o)
    0x08002562   0x0000000e   Code   RO          753    .text               c_w.l(defsig_rtmem_outer.o)
    0x08002570   0x0000000e   Code   RO          766    .text               c_w.l(sys_wrch.o)
    0x0800257e   0x00000002   PAD
    0x08002580   0x00000008   Code   RO          773    .text               c_w.l(rt_errno_addr_intlibspace.o)
    0x08002588   0x00000050   Code   RO          779    .text               c_w.l(defsig_rtmem_inner.o)
    0x080025d8   0x0000000e   Code   RO          721    x$fpl$fpinit        fz_ws.l(fpinit.o)
    0x080025e6   0x00000004   Data   RO          523    .constdata          c_w.l(sys_io.o)
    0x080025ea   0x00000004   Data   RO          524    .constdata          c_w.l(sys_io.o)
    0x080025ee   0x00000004   Data   RO          525    .constdata          c_w.l(sys_io.o)
    0x080025f2   0x00000002   PAD
    0x080025f4   0x00000020   Data   RO          804    Region$$Table       anon$$obj.o


    Execution Region RW_IRAM1 (Base: 0x20000000, Size: 0x00000788, Max: 0x0000c000, ABSOLUTE)

    Base Addr    Size         Type   Attr      Idx    E Section Name        Object

    0x20000000   0x00000014   Data   RW          124    .data               system_stm32f10x.o
    0x20000014   0x00000014   Data   RW          346    .data               stm32f10x_rcc.o
    0x20000028   0x00000004   Data   RW          494    .data               c_w.l(stdio_streams.o)
    0x2000002c   0x00000004   Data   RW          495    .data               c_w.l(stdio_streams.o)
    0x20000030   0x00000004   Data   RW          496    .data               c_w.l(stdio_streams.o)
    0x20000034   0x00000050   Zero   RW          491    .bss                c_w.l(stdio_streams.o)
    0x20000084   0x00000050   Zero   RW          492    .bss                c_w.l(stdio_streams.o)
    0x200000d4   0x00000050   Zero   RW          493    .bss                c_w.l(stdio_streams.o)
    0x20000124   0x00000060   Zero   RW          671    .bss                c_w.l(libspace.o)
    0x20000184   0x00000004   PAD
    0x20000188   0x00000200   Zero   RW          443    HEAP                startup_stm32f10x_md.o
    0x20000388   0x00000400   Zero   RW          442    STACK               startup_stm32f10x_md.o


==============================================================================

Image component sizes


      Code (inc. data)   RO Data    RW Data    ZI Data      Debug   Object Name

       116          6          0          0          0        548   adc.o
       380         12          0          0          0       1584   bsp.o
         0          0          0          0          0         32   core_cm3.o
       100         28          0          0          0     247771   main.o
        64         26        236          0       1536        872   startup_stm32f10x_md.o
      1084         26          0          0          0      11069   stm32f10x_adc.o
      1464         32          0          0          0       8250   stm32f10x_flash.o
       856         40          0          0          0       5781   stm32f10x_gpio.o
       928         44          0         20          0       8944   stm32f10x_rcc.o
      1036         20          0          0          0       8528   stm32f10x_usart.o
       456         36          0         20          0       1791   system_stm32f10x.o

    ----------------------------------------------------------------------
      6484        270        268         40       1536     295170   Object Totals
         0          0         32          0          0          0   (incl. Generated)
         0          0          0          0          0          0   (incl. Padding)

    ----------------------------------------------------------------------

      Code (inc. data)   RO Data    RW Data    ZI Data      Debug   Library Member Name

         8          0          0          0          0         68   __main.o
       106          0          0          0          0         84   __printf.o
        52          8          0          0          0          0   __scatter.o
        26          0          0          0          0          0   __scatter_copy.o
        28          0          0          0          0          0   __scatter_zi.o
        48          6          0          0          0         96   _printf_char_common.o
        36          4          0          0          0         80   _printf_char_file.o
         6          0          0          0          0          0   _printf_d.o
       120         18          0          0          0         92   _printf_dec.o
       184          0          0          0          0         88   _printf_intcommon.o
         0          0          0          0          0          0   _printf_percent.o
         4          0          0          0          0          0   _printf_percent_end.o
        10          0          0          0          0         68   defsig_exit.o
        50          0          0          0          0         88   defsig_general.o
        80         58          0          0          0         76   defsig_rtmem_inner.o
        14          0          0          0          0         80   defsig_rtmem_outer.o
        52         38          0          0          0         76   defsig_rtred_inner.o
        14          0          0          0          0         80   defsig_rtred_outer.o
        12          0          0          0          0         72   exit.o
        76          0          0          0          0         88   fclose.o
         8          0          0          0          0         68   ferror.o
       236          4          0          0          0        128   fopen.o
       248          4          0          0          0         84   fseek.o
        70          0          0          0          0         76   ftell.o
        94          0          0          0          0         80   h1_alloc.o
        52          0          0          0          0         68   h1_extend.o
        78          0          0          0          0         80   h1_free.o
        14          0          0          0          0         84   h1_init.o
         6          0          0          0          0        152   heapauxi.o
         4          0          0          0          0        136   hguard.o
         0          0          0          0          0          0   indicate_semi.o
       138          0          0          0          0        168   init_alloc.o
       312         46          0          0          0        112   initio.o
         6          0          0          0          0          0   libinit.o
        14          0          0          0          0          0   libinit2.o
         2          0          0          0          0          0   libshutdown.o
         6          0          0          0          0          0   libshutdown2.o
         8          4          0          0         96         68   libspace.o
         0          0          0          0          0          0   maybetermalloc1.o
        24          4          0          0          0         84   noretval__2printf.o
         8          4          0          0          0         68   rt_errno_addr_intlibspace.o
         8          4          0          0          0         68   rt_fp_status_addr_intlibspace.o
         8          4          0          0          0         68   rt_heap_descriptor_intlibspace.o
        78          0          0          0          0         80   rt_memclr_w.o
         0          0          0          0          0          0   rtentry.o
        12          0          0          0          0          0   rtentry2.o
         6          0          0          0          0          0   rtentry4.o
         2          0          0          0          0          0   rtexit.o
        10          0          0          0          0          0   rtexit2.o
        70          0          0          0          0         80   setvbuf.o
       240          6          0          0          0        156   stdio.o
         0          0          0         12        240          0   stdio_streams.o
        62          0          0          0          0         76   strlen.o
        12          4          0          0          0         68   sys_exit.o
       102          0         12          0          0        240   sys_io.o
        74          0          0          0          0         80   sys_stackheap_outer.o
        14          0          0          0          0         76   sys_wrch.o
         2          0          0          0          0         68   use_no_semi.o
        14          0          0          0          0         76   fpinit.o

    ----------------------------------------------------------------------
      2982        216         14         12        340       3728   Library Totals
        14          0          2          0          4          0   (incl. Padding)

    ----------------------------------------------------------------------

      Code (inc. data)   RO Data    RW Data    ZI Data      Debug   Library Name

      2954        216         12         12        336       3652   c_w.l
        14          0          0          0          0         76   fz_ws.l

    ----------------------------------------------------------------------
      2982        216         14         12        340       3728   Library Totals

    ----------------------------------------------------------------------

==============================================================================


      Code (inc. data)   RO Data    RW Data    ZI Data      Debug   

      9466        486        282         52       1876     295726   Grand Totals
      9466        486        282         52       1876     295726   ELF Image Totals
      9466        486        282         52          0          0   ROM Totals

==============================================================================

    Total RO  Size (Code + RO Data)                 9748 (   9.52kB)
    Total RW  Size (RW Data + ZI Data)              1928 (   1.88kB)
    Total ROM Size (Code + RO Data + RW Data)       9800 (   9.57kB)

==============================================================================

