<html>
<body>
<pre>
<h1>礦ision Build Log</h1>
<h2>Project:</h2>
E:\嵌入式\Githome\3d-printer\function_demo\get_temperature\Analog_quantity\ADC.uvproj
Project File Date:  04/22/2016

<h2>Output:</h2>
Build target 'ADC'
compiling main.c...
compiling ADC.c...
compiling system_stm32f10x.c...
compiling BSP.c...
compiling misc.c...
compiling stm32f10x_adc.c...
compiling stm32f10x_bkp.c...
compiling stm32f10x_can.c...
compiling stm32f10x_cec.c...
compiling stm32f10x_crc.c...
compiling stm32f10x_dac.c...
compiling stm32f10x_dbgmcu.c...
compiling stm32f10x_dma.c...
compiling stm32f10x_exti.c...
compiling stm32f10x_flash.c...
compiling stm32f10x_fsmc.c...
compiling stm32f10x_gpio.c...
compiling stm32f10x_i2c.c...
compiling stm32f10x_iwdg.c...
compiling stm32f10x_pwr.c...
compiling stm32f10x_rcc.c...
compiling stm32f10x_rtc.c...
compiling stm32f10x_sdio.c...
compiling stm32f10x_spi.c...
compiling stm32f10x_tim.c...
compiling stm32f10x_usart.c...
compiling stm32f10x_wwdg.c...
compiling core_cm3.c...
linking...
Program Size: Code=9466 RO-data=282 RW-data=52 ZI-data=1876  
".\Output\ADC.axf" - 0 Error(s), 0 Warning(s).
Build target 'ADC'
compiling main.c...
source_code\main.c(27): warning:  #550-D: variable "Status" was set but never used
source_code\main.c(53): warning:  #1-D: last line of file ends without a newline
source_code\main.c(53): warning:  #940-D: missing return statement at end of non-void function "analog2temp"
linking...
Program Size: Code=13444 RO-data=456 RW-data=52 ZI-data=1876  
".\Output\ADC.axf" - 0 Error(s), 3 Warning(s).
Build target 'ADC'
compiling main.c...
source_code\main.c(27): warning:  #550-D: variable "Status" was set but never used
source_code\main.c(57): warning:  #1-D: last line of file ends without a newline
linking...
Program Size: Code=15668 RO-data=456 RW-data=52 ZI-data=1876  
".\Output\ADC.axf" - 0 Error(s), 2 Warning(s).
Build target 'ADC'
linking...
Program Size: Code=15668 RO-data=456 RW-data=52 ZI-data=1876  
".\Output\ADC.axf" - 0 Error(s), 0 Warning(s).
Build target 'ADC'
linking...
Program Size: Code=15668 RO-data=456 RW-data=52 ZI-data=1876  
".\Output\ADC.axf" - 0 Error(s), 0 Warning(s).
Load "E:\\嵌入式\\Githome\\3d-printer\\function_demo\\get_temperature\\Analog_quantity\\Output\\ADC.AXF" 
* JLink Info: Device "STM32F103RC" selected (256 KB flash, 48 KB RAM).
Set JLink Project File to "E:\嵌入式\Githome\3d-printer\function_demo\get_temperature\Analog_quantity\JLinkSettings.ini"
 
JLink info:
------------
DLL: V4.36l, compiled Dec  2 2011 18:52:36
Firmware: J-Link ARM V8 compiled Jan 31 2018 18:34:52
Hardware: V8.00
S/N : 20080643 
Feature(s) : RDI,FlashDL,FlashBP,JFlash,GDBFull 
 
* JLink Info: Found SWD-DP with ID 0x1BA01477
* JLink Info: TPIU fitted.
* JLink Info:   FPUnit: 6 code (BP) slots and 2 literal slots
* JLink Info: Found Cortex-M3 r1p1, Little endian.
ROMTableAddr = 0xE00FF003
* JLink Info: Found SWD-DP with ID 0x1BA01477
* JLink Info: TPIU fitted.
* JLink Info:   FPUnit: 6 code (BP) slots and 2 literal slots
* JLink Info: Found Cortex-M3 r1p1, Little endian.
 
Target info:
------------
Device: STM32F103RC
VTarget = 3.300V
State of Pins: 
TCK: 0, TDI: 0, TDO: 0, TMS: 0, TRES: 1, TRST: 1
Hardware-Breakpoints: 6
Software-Breakpoints: 8192
Watchpoints:          4
JTAG speed: 2000 kHz
 
Full Chip Erase Done.
Programming Done.
Verify OK.
* JLink Info: Found SWD-DP with ID 0x1BA01477
* JLink Info: TPIU fitted.
* JLink Info:   FPUnit: 6 code (BP) slots and 2 literal slots
* JLink Info: Found Cortex-M3 r1p1, Little endian.
Application running ...
Clean started: Project: 'ADC'
   deleting intermediate output files for target 'ADC'
